#
# There is insufficient memory for the Java Runtime Environment to continue.
# Native memory allocation (malloc) failed to allocate 1048576 bytes. Error detail: AllocateHeap
# Possible reasons:
#   The system is out of physical RAM or swap space
#   This process is running with CompressedOops enabled, and the Java Heap may be blocking the growth of the native heap
# Possible solutions:
#   Reduce memory load on the system
#   Increase physical memory or swap space
#   Check if swap backing store is full
#   Decrease Java heap size (-Xmx/-Xms)
#   Decrease number of Java threads
#   Decrease Java thread stack sizes (-Xss)
#   Set larger code cache with -XX:ReservedCodeCacheSize=
#   JVM is running with Unscaled Compressed Oops mode in which the Java heap is
#     placed in the first 4GB address space. The Java Heap base address is the
#     maximum limit for the native heap growth. Please use -XX:HeapBaseMinAddress
#     to set the Java Heap base and to place the Java Heap above 4GB virtual address.
# This output file may be truncated or incomplete.
#
#  Out of Memory Error (allocation.cpp:44), pid=18788, tid=29260
#
# JRE version: OpenJDK Runtime Environment Temurin-21.0.10+7 (21.0.10+7) (build 21.0.10+7-LTS)
# Java VM: OpenJDK 64-Bit Server VM Temurin-21.0.10+7 (21.0.10+7-LTS, mixed mode, sharing, tiered, compressed oops, compressed class ptrs, parallel gc, windows-amd64)
# No core dump will be written. Minidumps are not enabled by default on client versions of Windows
#

---------------  S U M M A R Y ------------

Command Line: --add-modules=ALL-SYSTEM --add-opens=java.base/java.util=ALL-UNNAMED --add-opens=java.base/java.lang=ALL-UNNAMED --add-opens=java.base/sun.nio.fs=ALL-UNNAMED -Declipse.application=org.eclipse.jdt.ls.core.id1 -Dosgi.bundles.defaultStartLevel=4 -Declipse.product=org.eclipse.jdt.ls.core.product -Djava.import.generatesMetadataFilesAtProjectRoot=false -DDetectVMInstallationsJob.disabled=true -Dfile.encoding=utf8 -XX:+UseParallelGC -XX:GCTimeRatio=4 -XX:AdaptiveSizePolicyWeight=90 -Dsun.zip.disableMemoryMapping=true -Xmx2G -Xms100m -Xlog:disable -javaagent:c:\Users\JEREMIE\.antigravity\extensions\redhat.java-1.53.0-win32-x64\lombok\lombok-1.18.39-4050.jar -XX:+HeapDumpOnOutOfMemoryError -XX:HeapDumpPath=c:\Users\JEREMIE\AppData\Roaming\Antigravity\User\workspaceStorage\63474e2ec000af6b422a27403d030dcc\redhat.java -Daether.dependencyCollector.impl=bf c:\Users\JEREMIE\.antigravity\extensions\redhat.java-1.53.0-win32-x64\server\plugins\org.eclipse.equinox.launcher_1.7.100.v20251111-0406.jar -configuration c:\Users\JEREMIE\AppData\Roaming\Antigravity\User\globalStorage\redhat.java\1.53.0\config_win -data c:\Users\JEREMIE\AppData\Roaming\Antigravity\User\workspaceStorage\63474e2ec000af6b422a27403d030dcc\redhat.java\jdt_ws --pipe=\\.\pipe\lsp-74d45174f0e3a649b106954005a28761-sock

Host: Intel(R) Core(TM) i7-8565U CPU @ 1.80GHz, 8 cores, 7G,  Windows 11 , 64 bit Build 26100 (10.0.26100.7920)
Time: Fri Apr 17 20:58:16 2026 Afr. centrale Ouest elapsed time: 4336.787867 seconds (0d 1h 12m 16s)

---------------  T H R E A D  ---------------

Current thread (0x00000188f83f1c40):  JavaThread "Attach Listener" daemon [_thread_in_vm, id=29260, stack(0x0000000321a00000,0x0000000321b00000) (1024K)]

Stack: [0x0000000321a00000,0x0000000321b00000]
Native frames: (J=compiled Java code, j=interpreted, Vv=VM code, C=native code)
V  [jvm.dll+0x6d7a39]
V  [jvm.dll+0x8b4b26]
V  [jvm.dll+0x8b70de]
V  [jvm.dll+0x8b77c3]
V  [jvm.dll+0x284346]
V  [jvm.dll+0xc1277]
V  [jvm.dll+0x6d82e9]
V  [jvm.dll+0x1334a6]
V  [jvm.dll+0x3f857e]
V  [jvm.dll+0x85f59d]
V  [jvm.dll+0x6d626d]
C  [ucrtbase.dll+0x37b0]
C  [KERNEL32.DLL+0x2e8d7]
C  [ntdll.dll+0x8c48c]


---------------  P R O C E S S  ---------------

Threads class SMR info:
_java_thread_list=0x00000188da508ee0, length=55, elements={
0x00000188f847c930, 0x00000188f83e8fe0, 0x00000188f83ec3b0, 0x00000188f83f11e0,
0x00000188f83f1c40, 0x00000188f83f46b0, 0x00000188f83f5110, 0x00000188f83f5f50,
0x00000188d17f1b80, 0x00000188d1974fe0, 0x00000188d1a0ea50, 0x00000188d613f030,
0x00000188d6b3e660, 0x00000188d697a440, 0x00000188d69ffd40, 0x00000188d6eb03e0,
0x00000188d6d39ce0, 0x00000188d6c76c80, 0x00000188d6bd9740, 0x00000188d7e5db00,
0x00000188d7e60260, 0x00000188d7e5d470, 0x00000188d7e5e820, 0x00000188d7e5fbd0,
0x00000188d7e60f80, 0x00000188d7e61610, 0x00000188d7e5e190, 0x00000188d7e64400,
0x00000188d7e61ca0, 0x00000188d7e629c0, 0x00000188d7e636e0, 0x00000188d7e62330,
0x00000188d7e64a90, 0x00000188d7da1930, 0x00000188d7da0580, 0x00000188d7d9f860,
0x00000188d7d9e4b0, 0x00000188d7da1fc0, 0x00000188d7da4090, 0x00000188d7da3370,
0x00000188d7e5f540, 0x00000188d7da3a00, 0x00000188d6bda460, 0x00000188d929bec0,
0x00000188d929d900, 0x00000188d92a1410, 0x00000188d92a1aa0, 0x00000188d92a2130,
0x00000188d92a27c0, 0x00000188d929f9d0, 0x00000188d92a34e0, 0x00000188dbb5b070,
0x00000188dbb5a350, 0x00000188dbb59630, 0x00000188dbb57bf0
}

Java Threads: ( => current thread )
  0x00000188f847c930 JavaThread "main"                              [_thread_blocked, id=23208, stack(0x0000000321300000,0x0000000321400000) (1024K)]
  0x00000188f83e8fe0 JavaThread "Reference Handler"          daemon [_thread_blocked, id=19840, stack(0x0000000321700000,0x0000000321800000) (1024K)]
  0x00000188f83ec3b0 JavaThread "Finalizer"                  daemon [_thread_blocked, id=24204, stack(0x0000000321800000,0x0000000321900000) (1024K)]
  0x00000188f83f11e0 JavaThread "Signal Dispatcher"          daemon [_thread_blocked, id=12596, stack(0x0000000321900000,0x0000000321a00000) (1024K)]
=>0x00000188f83f1c40 JavaThread "Attach Listener"            daemon [_thread_in_vm, id=29260, stack(0x0000000321a00000,0x0000000321b00000) (1024K)]
  0x00000188f83f46b0 JavaThread "Service Thread"             daemon [_thread_blocked, id=7592, stack(0x0000000321b00000,0x0000000321c00000) (1024K)]
  0x00000188f83f5110 JavaThread "Monitor Deflation Thread"   daemon [_thread_blocked, id=10252, stack(0x0000000321c00000,0x0000000321d00000) (1024K)]
  0x00000188f83f5f50 JavaThread "C2 CompilerThread0"         daemon [_thread_blocked, id=15904, stack(0x0000000321d00000,0x0000000321e00000) (1024K)]
  0x00000188d17f1b80 JavaThread "C1 CompilerThread0"         daemon [_thread_blocked, id=19384, stack(0x0000000321e00000,0x0000000321f00000) (1024K)]
  0x00000188d1974fe0 JavaThread "Common-Cleaner"             daemon [_thread_blocked, id=20056, stack(0x0000000321f00000,0x0000000322000000) (1024K)]
  0x00000188d1a0ea50 JavaThread "Notification Thread"        daemon [_thread_blocked, id=16540, stack(0x0000000322000000,0x0000000322100000) (1024K)]
  0x00000188d613f030 JavaThread "Active Thread: Equinox Container: d8e07919-fab8-45e5-842d-621ca43d839e"        [_thread_blocked, id=28856, stack(0x0000000322900000,0x0000000322a00000) (1024K)]
  0x00000188d6b3e660 JavaThread "Refresh Thread: Equinox Container: d8e07919-fab8-45e5-842d-621ca43d839e" daemon [_thread_blocked, id=14764, stack(0x0000000322b00000,0x0000000322c00000) (1024K)]
  0x00000188d697a440 JavaThread "Framework Event Dispatcher: Equinox Container: d8e07919-fab8-45e5-842d-621ca43d839e" daemon [_thread_blocked, id=15292, stack(0x0000000322c00000,0x0000000322d00000) (1024K)]
  0x00000188d69ffd40 JavaThread "Start Level: Equinox Container: d8e07919-fab8-45e5-842d-621ca43d839e" daemon [_thread_blocked, id=26640, stack(0x0000000322100000,0x0000000322200000) (1024K)]
  0x00000188d6eb03e0 JavaThread "Bundle File Closer"         daemon [_thread_blocked, id=20784, stack(0x0000000322e00000,0x0000000322f00000) (1024K)]
  0x00000188d6d39ce0 JavaThread "SCR Component Actor"        daemon [_thread_blocked, id=16588, stack(0x0000000322200000,0x0000000322300000) (1024K)]
  0x00000188d6c76c80 JavaThread "Worker-JM"                         [_thread_blocked, id=23348, stack(0x0000000322f00000,0x0000000323000000) (1024K)]
  0x00000188d6bd9740 JavaThread "Java indexing"              daemon [_thread_blocked, id=27736, stack(0x0000000323300000,0x0000000323400000) (1024K)]
  0x00000188d7e5db00 JavaThread "Worker-3"                          [_thread_blocked, id=30268, stack(0x0000000323500000,0x0000000323600000) (1024K)]
  0x00000188d7e60260 JavaThread "JNA Cleaner"                daemon [_thread_blocked, id=30092, stack(0x0000000323600000,0x0000000323700000) (1024K)]
  0x00000188d7e5d470 JavaThread "Thread-1"                   daemon [_thread_in_native, id=21528, stack(0x0000000323b00000,0x0000000323c00000) (1024K)]
  0x00000188d7e5e820 JavaThread "Thread-2"                   daemon [_thread_in_native, id=11016, stack(0x0000000323c00000,0x0000000323d00000) (1024K)]
  0x00000188d7e5fbd0 JavaThread "Thread-3"                   daemon [_thread_in_native, id=20216, stack(0x0000000323d00000,0x0000000323e00000) (1024K)]
  0x00000188d7e60f80 JavaThread "Thread-4"                   daemon [_thread_in_native, id=19980, stack(0x0000000323e00000,0x0000000323f00000) (1024K)]
  0x00000188d7e61610 JavaThread "Thread-5"                   daemon [_thread_in_native, id=13160, stack(0x0000000323f00000,0x0000000324000000) (1024K)]
  0x00000188d7e5e190 JavaThread "Thread-6"                   daemon [_thread_in_native, id=7976, stack(0x0000000324000000,0x0000000324100000) (1024K)]
  0x00000188d7e64400 JavaThread "Thread-7"                   daemon [_thread_in_native, id=11884, stack(0x0000000324100000,0x0000000324200000) (1024K)]
  0x00000188d7e61ca0 JavaThread "Thread-8"                   daemon [_thread_in_native, id=14176, stack(0x0000000324200000,0x0000000324300000) (1024K)]
  0x00000188d7e629c0 JavaThread "Thread-9"                   daemon [_thread_in_native, id=23528, stack(0x0000000324300000,0x0000000324400000) (1024K)]
  0x00000188d7e636e0 JavaThread "pool-2-thread-1"                   [_thread_blocked, id=17224, stack(0x0000000324400000,0x0000000324500000) (1024K)]
  0x00000188d7e62330 JavaThread "WorkspaceEventsHandler"            [_thread_blocked, id=21280, stack(0x0000000324600000,0x0000000324700000) (1024K)]
  0x00000188d7e64a90 JavaThread "pool-1-thread-1"                   [_thread_blocked, id=24468, stack(0x0000000324700000,0x0000000324800000) (1024K)]
  0x00000188d7da1930 JavaThread "pool-3-thread-1"                   [_thread_blocked, id=12296, stack(0x0000000322d00000,0x0000000322e00000) (1024K)]
  0x00000188d7da0580 JavaThread "Timer-0"                           [_thread_blocked, id=21656, stack(0x0000000321200000,0x0000000321300000) (1024K)]
  0x00000188d7d9f860 JavaThread "Timer-1"                           [_thread_blocked, id=23648, stack(0x0000000323100000,0x0000000323200000) (1024K)]
  0x00000188d7d9e4b0 JavaThread "Timer-2"                           [_thread_blocked, id=26348, stack(0x0000000324800000,0x0000000324900000) (1024K)]
  0x00000188d7da1fc0 JavaThread "Worker-9"                          [_thread_blocked, id=18528, stack(0x0000000324b00000,0x0000000324c00000) (1024K)]
  0x00000188d7da4090 JavaThread "Timer-3"                           [_thread_blocked, id=15736, stack(0x0000000324e00000,0x0000000324f00000) (1024K)]
  0x00000188d7da3370 JavaThread "Timer-4"                           [_thread_blocked, id=16484, stack(0x0000000324900000,0x0000000324a00000) (1024K)]
  0x00000188d7e5f540 JavaThread "Timer-5"                           [_thread_blocked, id=8240, stack(0x0000000324f00000,0x0000000325000000) (1024K)]
  0x00000188d7da3a00 JavaThread "Timer-6"                           [_thread_blocked, id=1820, stack(0x0000000325000000,0x0000000325100000) (1024K)]
  0x00000188d6bda460 JavaThread "Timer-7"                           [_thread_blocked, id=11980, stack(0x0000000325100000,0x0000000325200000) (1024K)]
  0x00000188d929bec0 JavaThread "Timer-8"                           [_thread_blocked, id=3096, stack(0x0000000323200000,0x0000000323300000) (1024K)]
  0x00000188d929d900 JavaThread "Timer-9"                           [_thread_blocked, id=26592, stack(0x0000000325200000,0x0000000325300000) (1024K)]
  0x00000188d92a1410 JavaThread "Timer-10"                          [_thread_blocked, id=18144, stack(0x0000000325400000,0x0000000325500000) (1024K)]
  0x00000188d92a1aa0 JavaThread "Timer-11"                          [_thread_blocked, id=10444, stack(0x0000000325600000,0x0000000325700000) (1024K)]
  0x00000188d92a2130 JavaThread "Timer-12"                          [_thread_blocked, id=11848, stack(0x0000000325800000,0x0000000325900000) (1024K)]
  0x00000188d92a27c0 JavaThread "Timer-13"                          [_thread_blocked, id=31328, stack(0x0000000325700000,0x0000000325800000) (1024K)]
  0x00000188d929f9d0 JavaThread "Timer-14"                          [_thread_blocked, id=19588, stack(0x0000000325500000,0x0000000325600000) (1024K)]
  0x00000188d92a34e0 JavaThread "Timer-15"                          [_thread_blocked, id=26608, stack(0x0000000325a00000,0x0000000325b00000) (1024K)]
  0x00000188dbb5b070 JavaThread "Timer-16"                          [_thread_blocked, id=9424, stack(0x0000000323700000,0x0000000323800000) (1024K)]
  0x00000188dbb5a350 JavaThread "Timer-17"                          [_thread_blocked, id=25088, stack(0x0000000324c00000,0x0000000324d00000) (1024K)]
  0x00000188dbb59630 JavaThread "Timer-18"                          [_thread_blocked, id=24584, stack(0x0000000321100000,0x0000000321200000) (1024K)]
  0x00000188dbb57bf0 JavaThread "Timer-19"                          [_thread_blocked, id=10640, stack(0x0000000324d00000,0x0000000324e00000) (1024K)]
Total: 55

Other Threads:
  0x00000188f83e4590 VMThread "VM Thread"                           [id=16476, stack(0x0000000321600000,0x0000000321700000) (1024K)]
  0x00000188f82dca00 WatcherThread "VM Periodic Task Thread"        [id=23016, stack(0x0000000321500000,0x0000000321600000) (1024K)]
  0x00000188f849b310 WorkerThread "GC Thread#0"                     [id=2268, stack(0x0000000321400000,0x0000000321500000) (1024K)]
  0x00000188d6502fe0 WorkerThread "GC Thread#1"                     [id=13840, stack(0x0000000322300000,0x0000000322400000) (1024K)]
  0x00000188d64ed030 WorkerThread "GC Thread#2"                     [id=27128, stack(0x0000000322400000,0x0000000322500000) (1024K)]
  0x00000188d627c940 WorkerThread "GC Thread#3"                     [id=23056, stack(0x0000000322500000,0x0000000322600000) (1024K)]
  0x00000188d627ccf0 WorkerThread "GC Thread#4"                     [id=4668, stack(0x0000000322600000,0x0000000322700000) (1024K)]
  0x00000188d62811e0 WorkerThread "GC Thread#5"                     [id=4580, stack(0x0000000322700000,0x0000000322800000) (1024K)]
  0x00000188d6281590 WorkerThread "GC Thread#6"                     [id=7104, stack(0x0000000322800000,0x0000000322900000) (1024K)]
  0x00000188d6956ae0 WorkerThread "GC Thread#7"                     [id=3308, stack(0x0000000322a00000,0x0000000322b00000) (1024K)]
Total: 10

Threads with active compile tasks:
Total: 0

VM state: not at safepoint (normal execution)

VM Mutex/Monitor currently owned by a thread: None

Heap address: 0x0000000080000000, size: 2048 MB, Compressed Oops mode: 32-bit

CDS archive(s) mapped at: [0x000001888f000000-0x000001888fba0000-0x000001888fba0000), size 12189696, SharedBaseAddress: 0x000001888f000000, ArchiveRelocationMode: 1.
Compressed class space mapped at: 0x0000018890000000-0x00000188d0000000, reserved size: 1073741824
Narrow klass base: 0x000001888f000000, Narrow klass shift: 0, Narrow klass range: 0x100000000

GC Precious Log:
 CardTable entry size: 512
 CPUs: 8 total, 8 available
 Memory: 7971M
 Large Page Support: Disabled
 NUMA Support: Disabled
 Compressed Oops: Enabled (32-bit)
 Alignments: Space 512K, Generation 512K, Heap 2M
 Heap Min Capacity: 100M
 Heap Initial Capacity: 100M
 Heap Max Capacity: 2G
 Pre-touch: Disabled
 Parallel Workers: 8

Heap:
 PSYoungGen      total 5632K, used 2346K [0x00000000d5580000, 0x00000000d5c80000, 0x0000000100000000)
  eden space 5120K, 36% used [0x00000000d5580000,0x00000000d5750a80,0x00000000d5a80000)
  from space 512K, 95% used [0x00000000d5b00000,0x00000000d5b7a030,0x00000000d5b80000)
  to   space 1024K, 0% used [0x00000000d5b80000,0x00000000d5b80000,0x00000000d5c80000)
 ParOldGen       total 755712K, used 755232K [0x0000000080000000, 0x00000000ae200000, 0x00000000d5580000)
  object space 755712K, 99% used [0x0000000080000000,0x00000000ae188288,0x00000000ae200000)
 Metaspace       used 89939K, committed 91776K, reserved 1179648K
  class space    used 10533K, committed 11392K, reserved 1048576K

Card table byte_map: [0x00000188f7df0000,0x00000188f8200000] _byte_map_base: 0x00000188f79f0000

Marking Bits: (ParMarkBitMap*) 0x00007ffde4473450
 Begin Bits: [0x00000188fb900000, 0x00000188fd900000)
 End Bits:   [0x00000188fd900000, 0x00000188ff900000)

Polling page: 0x00000188f61b0000

Metaspace:

Usage:
  Non-class:     77.55 MB used.
      Class:     10.29 MB used.
       Both:     87.83 MB used.

Virtual space:
  Non-class space:      128.00 MB reserved,      78.50 MB ( 61%) committed,  2 nodes.
      Class space:        1.00 GB reserved,      11.12 MB (  1%) committed,  1 nodes.
             Both:        1.12 GB reserved,      89.62 MB (  8%) committed. 

Chunk freelists:
   Non-Class:  1.53 MB
       Class:  4.85 MB
        Both:  6.38 MB

MaxMetaspaceSize: unlimited
CompressedClassSpaceSize: 1.00 GB
Initial GC threshold: 21.00 MB
Current GC threshold: 141.88 MB
CDS: on
 - commit_granule_bytes: 65536.
 - commit_granule_words: 8192.
 - virtual_space_node_default_size: 8388608.
 - enlarge_chunks_in_place: 1.
 - use_allocation_guard: 0.


Internal statistics:

num_allocs_failed_limit: 9.
num_arena_births: 1758.
num_arena_deaths: 38.
num_vsnodes_births: 3.
num_vsnodes_deaths: 0.
num_space_committed: 1434.
num_space_uncommitted: 0.
num_chunks_returned_to_freelist: 54.
num_chunks_taken_from_freelist: 6088.
num_chunk_merges: 15.
num_chunk_splits: 3622.
num_chunks_enlarged: 1947.
num_inconsistent_stats: 0.

CodeHeap 'non-profiled nmethods': size=120000Kb used=17526Kb max_used=17526Kb free=102473Kb
 bounds [0x0000018887ad0000, 0x0000018888bf0000, 0x000001888f000000]
CodeHeap 'profiled nmethods': size=120000Kb used=37789Kb max_used=37789Kb free=82210Kb
 bounds [0x0000018880000000, 0x00000188824f0000, 0x0000018887530000]
CodeHeap 'non-nmethods': size=5760Kb used=1491Kb max_used=1704Kb free=4268Kb
 bounds [0x0000018887530000, 0x00000188877a0000, 0x0000018887ad0000]
CodeCache: size=245760Kb, used=56806Kb, max_used=57019Kb, free=188951Kb
 total_blobs=16792, nmethods=15982, adapters=715, full_count=0
Compilation: enabled, stopped_count=0, restarted_count=0

Compilation events (20 events):
Event: 3712.952 Thread 0x00000188d17f1b80 17756   !   3       java.util.concurrent.ThreadPoolExecutor::getTask (177 bytes)
Event: 3712.990 Thread 0x00000188d17f1b80 nmethod 17756 0x00000188824e3e90 code [0x00000188824e4140, 0x00000188824e4f70]
Event: 3853.066 Thread 0x00000188d17f1b80 17757       3       org.eclipse.jdt.ls.core.internal.ParentProcessWatcher::parentProcessStillRunning (62 bytes)
Event: 3853.089 Thread 0x00000188d17f1b80 nmethod 17757 0x00000188824e5410 code [0x00000188824e5640, 0x00000188824e5d28]
Event: 3876.783 Thread 0x00000188d17f1b80 17758       1       com.sun.jna.internal.Cleaner::access$200 (5 bytes)
Event: 3876.790 Thread 0x00000188d17f1b80 nmethod 17758 0x0000018888bec290 code [0x0000018888bec420, 0x0000018888bec4d0]
Event: 3906.090 Thread 0x00000188d17f1b80 17759       3       org.eclipse.core.internal.jobs.JobListeners$$Lambda/0x0000018890190fa0::notify (8 bytes)
Event: 3906.098 Thread 0x00000188d17f1b80 nmethod 17759 0x00000188824e5f90 code [0x00000188824e6140, 0x00000188824e6320]
Event: 3906.098 Thread 0x00000188d17f1b80 17760       3       org.eclipse.core.runtime.jobs.JobChangeAdapter::aboutToRun (1 bytes)
Event: 3906.099 Thread 0x00000188d17f1b80 nmethod 17760 0x0000018880cd8190 code [0x0000018880cd8320, 0x0000018880cd8428]
Event: 3906.099 Thread 0x00000188d17f1b80 17761       3       org.eclipse.core.internal.jobs.JobManager$$Lambda/0x00000188901b4d80::apply (20 bytes)
Event: 3906.103 Thread 0x00000188f83f5f50 17762       4       java.util.HashMap$Node::setValue (12 bytes)
Event: 3906.105 Thread 0x00000188f83f5f50 nmethod 17762 0x0000018888bec590 code [0x0000018888bec720, 0x0000018888bec7c8]
Event: 3906.107 Thread 0x00000188f83f5f50 17763       4       org.eclipse.core.internal.utils.StringPool::add (50 bytes)
Event: 3906.132 Thread 0x00000188d17f1b80 nmethod 17761 0x00000188824e6410 code [0x00000188824e65c0, 0x00000188824e6818]
Event: 3906.133 Thread 0x00000188d17f1b80 17764   !   3       org.eclipse.core.internal.jobs.WorkerPool::endJob (68 bytes)
Event: 3906.158 Thread 0x00000188d17f1b80 nmethod 17764 0x00000188824e6910 code [0x00000188824e6b40, 0x00000188824e71a0]
Event: 3906.158 Thread 0x00000188d17f1b80 17765   !   3       org.eclipse.core.internal.jobs.ImplicitJobs::endJob (124 bytes)
Event: 3906.191 Thread 0x00000188d17f1b80 nmethod 17765 0x00000188824e7510 code [0x00000188824e77e0, 0x00000188824e8620]
Event: 3906.265 Thread 0x00000188f83f5f50 nmethod 17763 0x0000018888bec890 code [0x0000018888becae0, 0x0000018888bed3a0]

GC Heap History (20 events):
Event: 277.901 GC heap before
{Heap before GC invocations=2404 (full 4):
 PSYoungGen      total 6144K, used 5944K [0x00000000d5580000, 0x00000000d5c80000, 0x0000000100000000)
  eden space 5120K, 100% used [0x00000000d5580000,0x00000000d5a80000,0x00000000d5a80000)
  from space 1024K, 80% used [0x00000000d5a80000,0x00000000d5b4e008,0x00000000d5b80000)
  to   space 1024K, 0% used [0x00000000d5b80000,0x00000000d5b80000,0x00000000d5c80000)
 ParOldGen       total 750592K, used 750135K [0x0000000080000000, 0x00000000add00000, 0x00000000d5580000)
  object space 750592K, 99% used [0x0000000080000000,0x00000000adc8dd68,0x00000000add00000)
 Metaspace       used 89499K, committed 91328K, reserved 1179648K
  class space    used 10479K, committed 11328K, reserved 1048576K
}
Event: 277.904 GC heap after
{Heap after GC invocations=2404 (full 4):
 PSYoungGen      total 6144K, used 576K [0x00000000d5580000, 0x00000000d5c80000, 0x0000000100000000)
  eden space 5120K, 0% used [0x00000000d5580000,0x00000000d5580000,0x00000000d5a80000)
  from space 1024K, 56% used [0x00000000d5b80000,0x00000000d5c10000,0x00000000d5c80000)
  to   space 1024K, 0% used [0x00000000d5a80000,0x00000000d5a80000,0x00000000d5b80000)
 ParOldGen       total 751104K, used 750823K [0x0000000080000000, 0x00000000add80000, 0x00000000d5580000)
  object space 751104K, 99% used [0x0000000080000000,0x00000000add39d70,0x00000000add80000)
 Metaspace       used 89499K, committed 91328K, reserved 1179648K
  class space    used 10479K, committed 11328K, reserved 1048576K
}
Event: 277.930 GC heap before
{Heap before GC invocations=2405 (full 4):
 PSYoungGen      total 6144K, used 5695K [0x00000000d5580000, 0x00000000d5c80000, 0x0000000100000000)
  eden space 5120K, 99% used [0x00000000d5580000,0x00000000d5a7fff0,0x00000000d5a80000)
  from space 1024K, 56% used [0x00000000d5b80000,0x00000000d5c10000,0x00000000d5c80000)
  to   space 1024K, 0% used [0x00000000d5a80000,0x00000000d5a80000,0x00000000d5b80000)
 ParOldGen       total 751104K, used 750823K [0x0000000080000000, 0x00000000add80000, 0x00000000d5580000)
  object space 751104K, 99% used [0x0000000080000000,0x00000000add39d70,0x00000000add80000)
 Metaspace       used 89499K, committed 91328K, reserved 1179648K
  class space    used 10479K, committed 11328K, reserved 1048576K
}
Event: 277.932 GC heap after
{Heap after GC invocations=2405 (full 4):
 PSYoungGen      total 6144K, used 736K [0x00000000d5580000, 0x00000000d5c80000, 0x0000000100000000)
  eden space 5120K, 0% used [0x00000000d5580000,0x00000000d5580000,0x00000000d5a80000)
  from space 1024K, 71% used [0x00000000d5a80000,0x00000000d5b38000,0x00000000d5b80000)
  to   space 1024K, 0% used [0x00000000d5b80000,0x00000000d5b80000,0x00000000d5c80000)
 ParOldGen       total 751616K, used 751279K [0x0000000080000000, 0x00000000ade00000, 0x00000000d5580000)
  object space 751616K, 99% used [0x0000000080000000,0x00000000addabd70,0x00000000ade00000)
 Metaspace       used 89499K, committed 91328K, reserved 1179648K
  class space    used 10479K, committed 11328K, reserved 1048576K
}
Event: 278.005 GC heap before
{Heap before GC invocations=2406 (full 4):
 PSYoungGen      total 6144K, used 5856K [0x00000000d5580000, 0x00000000d5c80000, 0x0000000100000000)
  eden space 5120K, 100% used [0x00000000d5580000,0x00000000d5a80000,0x00000000d5a80000)
  from space 1024K, 71% used [0x00000000d5a80000,0x00000000d5b38000,0x00000000d5b80000)
  to   space 1024K, 0% used [0x00000000d5b80000,0x00000000d5b80000,0x00000000d5c80000)
 ParOldGen       total 751616K, used 751279K [0x0000000080000000, 0x00000000ade00000, 0x00000000d5580000)
  object space 751616K, 99% used [0x0000000080000000,0x00000000addabd70,0x00000000ade00000)
 Metaspace       used 89500K, committed 91328K, reserved 1179648K
  class space    used 10479K, committed 11328K, reserved 1048576K
}
Event: 278.007 GC heap after
{Heap after GC invocations=2406 (full 4):
 PSYoungGen      total 6144K, used 442K [0x00000000d5580000, 0x00000000d5c80000, 0x0000000100000000)
  eden space 5120K, 0% used [0x00000000d5580000,0x00000000d5580000,0x00000000d5a80000)
  from space 1024K, 43% used [0x00000000d5b80000,0x00000000d5bee938,0x00000000d5c80000)
  to   space 1024K, 0% used [0x00000000d5a80000,0x00000000d5a80000,0x00000000d5b80000)
 ParOldGen       total 752128K, used 751791K [0x0000000080000000, 0x00000000ade80000, 0x00000000d5580000)
  object space 752128K, 99% used [0x0000000080000000,0x00000000ade2bd70,0x00000000ade80000)
 Metaspace       used 89500K, committed 91328K, reserved 1179648K
  class space    used 10479K, committed 11328K, reserved 1048576K
}
Event: 278.028 GC heap before
{Heap before GC invocations=2407 (full 4):
 PSYoungGen      total 6144K, used 5562K [0x00000000d5580000, 0x00000000d5c80000, 0x0000000100000000)
  eden space 5120K, 100% used [0x00000000d5580000,0x00000000d5a80000,0x00000000d5a80000)
  from space 1024K, 43% used [0x00000000d5b80000,0x00000000d5bee938,0x00000000d5c80000)
  to   space 1024K, 0% used [0x00000000d5a80000,0x00000000d5a80000,0x00000000d5b80000)
 ParOldGen       total 752128K, used 751791K [0x0000000080000000, 0x00000000ade80000, 0x00000000d5580000)
  object space 752128K, 99% used [0x0000000080000000,0x00000000ade2bd70,0x00000000ade80000)
 Metaspace       used 89500K, committed 91328K, reserved 1179648K
  class space    used 10479K, committed 11328K, reserved 1048576K
}
Event: 278.029 GC heap after
{Heap after GC invocations=2407 (full 4):
 PSYoungGen      total 6144K, used 608K [0x00000000d5580000, 0x00000000d5c80000, 0x0000000100000000)
  eden space 5120K, 0% used [0x00000000d5580000,0x00000000d5580000,0x00000000d5a80000)
  from space 1024K, 59% used [0x00000000d5a80000,0x00000000d5b18000,0x00000000d5b80000)
  to   space 1024K, 0% used [0x00000000d5b80000,0x00000000d5b80000,0x00000000d5c80000)
 ParOldGen       total 752128K, used 752097K [0x0000000080000000, 0x00000000ade80000, 0x00000000d5580000)
  object space 752128K, 99% used [0x0000000080000000,0x00000000ade786a8,0x00000000ade80000)
 Metaspace       used 89500K, committed 91328K, reserved 1179648K
  class space    used 10479K, committed 11328K, reserved 1048576K
}
Event: 278.077 GC heap before
{Heap before GC invocations=2408 (full 4):
 PSYoungGen      total 6144K, used 5728K [0x00000000d5580000, 0x00000000d5c80000, 0x0000000100000000)
  eden space 5120K, 100% used [0x00000000d5580000,0x00000000d5a80000,0x00000000d5a80000)
  from space 1024K, 59% used [0x00000000d5a80000,0x00000000d5b18000,0x00000000d5b80000)
  to   space 1024K, 0% used [0x00000000d5b80000,0x00000000d5b80000,0x00000000d5c80000)
 ParOldGen       total 752128K, used 752097K [0x0000000080000000, 0x00000000ade80000, 0x00000000d5580000)
  object space 752128K, 99% used [0x0000000080000000,0x00000000ade786a8,0x00000000ade80000)
 Metaspace       used 89506K, committed 91328K, reserved 1179648K
  class space    used 10479K, committed 11328K, reserved 1048576K
}
Event: 278.080 GC heap after
{Heap after GC invocations=2408 (full 4):
 PSYoungGen      total 6144K, used 530K [0x00000000d5580000, 0x00000000d5c80000, 0x0000000100000000)
  eden space 5120K, 0% used [0x00000000d5580000,0x00000000d5580000,0x00000000d5a80000)
  from space 1024K, 51% used [0x00000000d5b80000,0x00000000d5c04b20,0x00000000d5c80000)
  to   space 1024K, 0% used [0x00000000d5a80000,0x00000000d5a80000,0x00000000d5b80000)
 ParOldGen       total 752640K, used 752588K [0x0000000080000000, 0x00000000adf00000, 0x00000000d5580000)
  object space 752640K, 99% used [0x0000000080000000,0x00000000adef32b0,0x00000000adf00000)
 Metaspace       used 89506K, committed 91328K, reserved 1179648K
  class space    used 10479K, committed 11328K, reserved 1048576K
}
Event: 278.103 GC heap before
{Heap before GC invocations=2409 (full 4):
 PSYoungGen      total 6144K, used 5650K [0x00000000d5580000, 0x00000000d5c80000, 0x0000000100000000)
  eden space 5120K, 100% used [0x00000000d5580000,0x00000000d5a80000,0x00000000d5a80000)
  from space 1024K, 51% used [0x00000000d5b80000,0x00000000d5c04b20,0x00000000d5c80000)
  to   space 1024K, 0% used [0x00000000d5a80000,0x00000000d5a80000,0x00000000d5b80000)
 ParOldGen       total 752640K, used 752588K [0x0000000080000000, 0x00000000adf00000, 0x00000000d5580000)
  object space 752640K, 99% used [0x0000000080000000,0x00000000adef32b0,0x00000000adf00000)
 Metaspace       used 89506K, committed 91328K, reserved 1179648K
  class space    used 10479K, committed 11328K, reserved 1048576K
}
Event: 278.106 GC heap after
{Heap after GC invocations=2409 (full 4):
 PSYoungGen      total 6144K, used 640K [0x00000000d5580000, 0x00000000d5c80000, 0x0000000100000000)
  eden space 5120K, 0% used [0x00000000d5580000,0x00000000d5580000,0x00000000d5a80000)
  from space 1024K, 62% used [0x00000000d5a80000,0x00000000d5b20000,0x00000000d5b80000)
  to   space 1024K, 0% used [0x00000000d5b80000,0x00000000d5b80000,0x00000000d5c80000)
 ParOldGen       total 753152K, used 753015K [0x0000000080000000, 0x00000000adf80000, 0x00000000d5580000)
  object space 753152K, 99% used [0x0000000080000000,0x00000000adf5ddd0,0x00000000adf80000)
 Metaspace       used 89506K, committed 91328K, reserved 1179648K
  class space    used 10479K, committed 11328K, reserved 1048576K
}
Event: 278.152 GC heap before
{Heap before GC invocations=2410 (full 4):
 PSYoungGen      total 6144K, used 5760K [0x00000000d5580000, 0x00000000d5c80000, 0x0000000100000000)
  eden space 5120K, 100% used [0x00000000d5580000,0x00000000d5a80000,0x00000000d5a80000)
  from space 1024K, 62% used [0x00000000d5a80000,0x00000000d5b20000,0x00000000d5b80000)
  to   space 1024K, 0% used [0x00000000d5b80000,0x00000000d5b80000,0x00000000d5c80000)
 ParOldGen       total 753152K, used 753015K [0x0000000080000000, 0x00000000adf80000, 0x00000000d5580000)
  object space 753152K, 99% used [0x0000000080000000,0x00000000adf5ddd0,0x00000000adf80000)
 Metaspace       used 89506K, committed 91328K, reserved 1179648K
  class space    used 10479K, committed 11328K, reserved 1048576K
}
Event: 278.155 GC heap after
{Heap after GC invocations=2410 (full 4):
 PSYoungGen      total 6144K, used 928K [0x00000000d5580000, 0x00000000d5c80000, 0x0000000100000000)
  eden space 5120K, 0% used [0x00000000d5580000,0x00000000d5580000,0x00000000d5a80000)
  from space 1024K, 90% used [0x00000000d5b80000,0x00000000d5c68000,0x00000000d5c80000)
  to   space 1024K, 0% used [0x00000000d5a80000,0x00000000d5a80000,0x00000000d5b80000)
 ParOldGen       total 753664K, used 753562K [0x0000000080000000, 0x00000000ae000000, 0x00000000d5580000)
  object space 753664K, 99% used [0x0000000080000000,0x00000000adfe69d8,0x00000000ae000000)
 Metaspace       used 89506K, committed 91328K, reserved 1179648K
  class space    used 10479K, committed 11328K, reserved 1048576K
}
Event: 278.233 GC heap before
{Heap before GC invocations=2411 (full 4):
 PSYoungGen      total 6144K, used 6048K [0x00000000d5580000, 0x00000000d5c80000, 0x0000000100000000)
  eden space 5120K, 100% used [0x00000000d5580000,0x00000000d5a80000,0x00000000d5a80000)
  from space 1024K, 90% used [0x00000000d5b80000,0x00000000d5c68000,0x00000000d5c80000)
  to   space 1024K, 0% used [0x00000000d5a80000,0x00000000d5a80000,0x00000000d5b80000)
 ParOldGen       total 753664K, used 753562K [0x0000000080000000, 0x00000000ae000000, 0x00000000d5580000)
  object space 753664K, 99% used [0x0000000080000000,0x00000000adfe69d8,0x00000000ae000000)
 Metaspace       used 89713K, committed 91520K, reserved 1179648K
  class space    used 10504K, committed 11328K, reserved 1048576K
}
Event: 278.238 GC heap after
{Heap after GC invocations=2411 (full 4):
 PSYoungGen      total 6144K, used 843K [0x00000000d5580000, 0x00000000d5c80000, 0x0000000100000000)
  eden space 5120K, 0% used [0x00000000d5580000,0x00000000d5580000,0x00000000d5a80000)
  from space 1024K, 82% used [0x00000000d5a80000,0x00000000d5b52fc0,0x00000000d5b80000)
  to   space 1024K, 0% used [0x00000000d5b80000,0x00000000d5b80000,0x00000000d5c80000)
 ParOldGen       total 754688K, used 754377K [0x0000000080000000, 0x00000000ae100000, 0x00000000d5580000)
  object space 754688K, 99% used [0x0000000080000000,0x00000000ae0b27a0,0x00000000ae100000)
 Metaspace       used 89713K, committed 91520K, reserved 1179648K
  class space    used 10504K, committed 11328K, reserved 1048576K
}
Event: 278.285 GC heap before
{Heap before GC invocations=2412 (full 4):
 PSYoungGen      total 6144K, used 5908K [0x00000000d5580000, 0x00000000d5c80000, 0x0000000100000000)
  eden space 5120K, 98% used [0x00000000d5580000,0x00000000d5a72040,0x00000000d5a80000)
  from space 1024K, 82% used [0x00000000d5a80000,0x00000000d5b52fc0,0x00000000d5b80000)
  to   space 1024K, 0% used [0x00000000d5b80000,0x00000000d5b80000,0x00000000d5c80000)
 ParOldGen       total 754688K, used 754377K [0x0000000080000000, 0x00000000ae100000, 0x00000000d5580000)
  object space 754688K, 99% used [0x0000000080000000,0x00000000ae0b27a0,0x00000000ae100000)
 Metaspace       used 89827K, committed 91584K, reserved 1179648K
  class space    used 10520K, committed 11328K, reserved 1048576K
}
Event: 278.289 GC heap after
{Heap after GC invocations=2412 (full 4):
 PSYoungGen      total 5632K, used 288K [0x00000000d5580000, 0x00000000d5c00000, 0x0000000100000000)
  eden space 5120K, 0% used [0x00000000d5580000,0x00000000d5580000,0x00000000d5a80000)
  from space 512K, 56% used [0x00000000d5b80000,0x00000000d5bc8020,0x00000000d5c00000)
  to   space 512K, 0% used [0x00000000d5b00000,0x00000000d5b00000,0x00000000d5b80000)
 ParOldGen       total 755200K, used 755080K [0x0000000080000000, 0x00000000ae180000, 0x00000000d5580000)
  object space 755200K, 99% used [0x0000000080000000,0x00000000ae162268,0x00000000ae180000)
 Metaspace       used 89827K, committed 91584K, reserved 1179648K
  class space    used 10520K, committed 11328K, reserved 1048576K
}
Event: 278.429 GC heap before
{Heap before GC invocations=2413 (full 4):
 PSYoungGen      total 5632K, used 5407K [0x00000000d5580000, 0x00000000d5c00000, 0x0000000100000000)
  eden space 5120K, 99% used [0x00000000d5580000,0x00000000d5a7ffd0,0x00000000d5a80000)
  from space 512K, 56% used [0x00000000d5b80000,0x00000000d5bc8020,0x00000000d5c00000)
  to   space 512K, 0% used [0x00000000d5b00000,0x00000000d5b00000,0x00000000d5b80000)
 ParOldGen       total 755200K, used 755080K [0x0000000080000000, 0x00000000ae180000, 0x00000000d5580000)
  object space 755200K, 99% used [0x0000000080000000,0x00000000ae162268,0x00000000ae180000)
 Metaspace       used 89873K, committed 91776K, reserved 1179648K
  class space    used 10525K, committed 11392K, reserved 1048576K
}
Event: 278.433 GC heap after
{Heap after GC invocations=2413 (full 4):
 PSYoungGen      total 5632K, used 488K [0x00000000d5580000, 0x00000000d5c80000, 0x0000000100000000)
  eden space 5120K, 0% used [0x00000000d5580000,0x00000000d5580000,0x00000000d5a80000)
  from space 512K, 95% used [0x00000000d5b00000,0x00000000d5b7a030,0x00000000d5b80000)
  to   space 1024K, 0% used [0x00000000d5b80000,0x00000000d5b80000,0x00000000d5c80000)
 ParOldGen       total 755712K, used 755232K [0x0000000080000000, 0x00000000ae200000, 0x00000000d5580000)
  object space 755712K, 99% used [0x0000000080000000,0x00000000ae188288,0x00000000ae200000)
 Metaspace       used 89873K, committed 91776K, reserved 1179648K
  class space    used 10525K, committed 11392K, reserved 1048576K
}

Dll operation events (15 events):
Event: 0.062 Loaded shared library c:\Users\JEREMIE\.antigravity\extensions\redhat.java-1.53.0-win32-x64\jre\21.0.10-win32-x86_64\bin\java.dll
Event: 0.282 Loaded shared library c:\Users\JEREMIE\.antigravity\extensions\redhat.java-1.53.0-win32-x64\jre\21.0.10-win32-x86_64\bin\zip.dll
Event: 0.365 Loaded shared library C:\Users\JEREMIE\.antigravity\extensions\redhat.java-1.53.0-win32-x64\jre\21.0.10-win32-x86_64\bin\instrument.dll
Event: 0.376 Loaded shared library C:\Users\JEREMIE\.antigravity\extensions\redhat.java-1.53.0-win32-x64\jre\21.0.10-win32-x86_64\bin\net.dll
Event: 0.381 Loaded shared library C:\Users\JEREMIE\.antigravity\extensions\redhat.java-1.53.0-win32-x64\jre\21.0.10-win32-x86_64\bin\nio.dll
Event: 0.390 Loaded shared library C:\Users\JEREMIE\.antigravity\extensions\redhat.java-1.53.0-win32-x64\jre\21.0.10-win32-x86_64\bin\zip.dll
Event: 0.432 Loaded shared library C:\Users\JEREMIE\.antigravity\extensions\redhat.java-1.53.0-win32-x64\jre\21.0.10-win32-x86_64\bin\jimage.dll
Event: 0.696 Loaded shared library c:\Users\JEREMIE\.antigravity\extensions\redhat.java-1.53.0-win32-x64\jre\21.0.10-win32-x86_64\bin\verify.dll
Event: 3.494 Loaded shared library C:\Users\JEREMIE\AppData\Roaming\Antigravity\User\globalStorage\redhat.java\1.53.0\config_win\org.eclipse.equinox.launcher\org.eclipse.equinox.launcher.win32.win32.x86_64_1.3.0.v20260203-2149\eclipse_11919.dll
Event: 5.800 Loaded shared library C:\Users\JEREMIE\.antigravity\extensions\redhat.java-1.53.0-win32-x64\jre\21.0.10-win32-x86_64\bin\management.dll
Event: 5.804 Loaded shared library C:\Users\JEREMIE\.antigravity\extensions\redhat.java-1.53.0-win32-x64\jre\21.0.10-win32-x86_64\bin\management_ext.dll
Event: 9.600 Loaded shared library C:\Users\JEREMIE\AppData\Local\Temp\jna--990932293\jna106652026847387485.dll
Event: 10.066 Loaded shared library C:\Users\JEREMIE\.antigravity\extensions\redhat.java-1.53.0-win32-x64\jre\21.0.10-win32-x86_64\bin\sunmscapi.dll
Event: 10.945 Loaded shared library C:\Users\JEREMIE\.antigravity\extensions\redhat.java-1.53.0-win32-x64\jre\21.0.10-win32-x86_64\bin\extnet.dll
Event: 155.002 Loaded shared library C:\Users\JEREMIE\.gradle\native\68d5fa5c4cc2d200863cafc0d521ce42e7d3e7ee720ec0a83991735586a16f82\windows-amd64\native-platform.dll

Deoptimization events (20 events):
Event: 2146.650 Thread 0x00000188d6bda460 DEOPT PACKING pc=0x00000188824dcdab sp=0x00000003251ff5b0
Event: 2146.650 Thread 0x00000188d6bda460 DEOPT UNPACKING pc=0x0000018887584242 sp=0x00000003251fea98 mode 0
Event: 2279.106 Thread 0x00000188d7da0580 DEOPT PACKING pc=0x00000188824dcdab sp=0x00000003212ff5f0
Event: 2279.108 Thread 0x00000188d7da0580 DEOPT UNPACKING pc=0x0000018887584242 sp=0x00000003212fead8 mode 0
Event: 2417.175 Thread 0x00000188dbb59630 DEOPT PACKING pc=0x00000188824dcdab sp=0x00000003211ff730
Event: 2417.177 Thread 0x00000188dbb59630 DEOPT UNPACKING pc=0x0000018887584242 sp=0x00000003211fec18 mode 0
Event: 2576.384 Thread 0x00000188d7d9f860 DEOPT PACKING pc=0x00000188824dcdab sp=0x00000003231ff1c0
Event: 2576.384 Thread 0x00000188d7d9f860 DEOPT UNPACKING pc=0x0000018887584242 sp=0x00000003231fe6a8 mode 0
Event: 2762.453 Thread 0x00000188d929bec0 DEOPT PACKING pc=0x00000188824dcdab sp=0x00000003232ff740
Event: 2762.454 Thread 0x00000188d929bec0 DEOPT UNPACKING pc=0x0000018887584242 sp=0x00000003232fec28 mode 0
Event: 2952.668 Thread 0x00000188d92a1410 DEOPT PACKING pc=0x00000188824dcdab sp=0x00000003254ff410
Event: 2952.670 Thread 0x00000188d92a1410 DEOPT UNPACKING pc=0x0000018887584242 sp=0x00000003254fe8f8 mode 0
Event: 3177.925 Thread 0x00000188d92a1aa0 DEOPT PACKING pc=0x00000188824dcdab sp=0x00000003256ff460
Event: 3177.926 Thread 0x00000188d92a1aa0 DEOPT UNPACKING pc=0x0000018887584242 sp=0x00000003256fe948 mode 0
Event: 3445.672 Thread 0x00000188dbb5a350 DEOPT PACKING pc=0x00000188824dcdab sp=0x0000000324cff540
Event: 3445.674 Thread 0x00000188dbb5a350 DEOPT UNPACKING pc=0x0000018887584242 sp=0x0000000324cfea28 mode 0
Event: 3744.226 Thread 0x00000188d92a27c0 DEOPT PACKING pc=0x00000188824dcdab sp=0x00000003257ff3c0
Event: 3744.228 Thread 0x00000188d92a27c0 DEOPT UNPACKING pc=0x0000018887584242 sp=0x00000003257fe8a8 mode 0
Event: 4128.204 Thread 0x00000188d7da3370 DEOPT PACKING pc=0x00000188824dcdab sp=0x00000003249ff5f0
Event: 4128.207 Thread 0x00000188d7da3370 DEOPT UNPACKING pc=0x0000018887584242 sp=0x00000003249fead8 mode 0

Classes loaded (20 events):
Event: 259.688 Loading class jdk/internal/module/IllegalAccessLogger
Event: 259.688 Loading class jdk/internal/module/IllegalAccessLogger done
Event: 259.798 Loading class java/util/Hashtable$ValueCollection
Event: 259.798 Loading class java/util/Hashtable$ValueCollection done
Event: 259.803 Loading class java/util/concurrent/ConcurrentHashMap$KeySpliterator
Event: 259.804 Loading class java/util/concurrent/ConcurrentHashMap$KeySpliterator done
Event: 262.234 Loading class jdk/internal/module/IllegalAccessLogger
Event: 262.234 Loading class jdk/internal/module/IllegalAccessLogger done
Event: 272.568 Loading class java/lang/Throwable$WrappedPrintStream
Event: 272.568 Loading class java/lang/Throwable$WrappedPrintStream done
Event: 277.124 Loading class java/util/concurrent/CompletableFuture$UniApply
Event: 277.124 Loading class java/util/concurrent/CompletableFuture$UniCompletion
Event: 277.124 Loading class java/util/concurrent/CompletableFuture$UniCompletion done
Event: 277.124 Loading class java/util/concurrent/CompletableFuture$UniApply done
Event: 277.126 Loading class java/util/concurrent/CompletableFuture$UniAccept
Event: 277.126 Loading class java/util/concurrent/CompletableFuture$UniAccept done
Event: 277.126 Loading class java/util/concurrent/CompletableFuture$UniExceptionally
Event: 277.127 Loading class java/util/concurrent/CompletableFuture$UniExceptionally done
Event: 278.238 Loading class javax/xml/transform/TransformerConfigurationException
Event: 278.238 Loading class javax/xml/transform/TransformerConfigurationException done

Classes unloaded (19 events):
Event: 6.501 Thread 0x00000188f83e4590 Unloading class 0x00000188901ad000 'java/lang/invoke/LambdaForm$MH+0x00000188901ad000'
Event: 6.501 Thread 0x00000188f83e4590 Unloading class 0x00000188901acc00 'java/lang/invoke/LambdaForm$MH+0x00000188901acc00'
Event: 6.501 Thread 0x00000188f83e4590 Unloading class 0x00000188901ac800 'java/lang/invoke/LambdaForm$MH+0x00000188901ac800'
Event: 6.501 Thread 0x00000188f83e4590 Unloading class 0x00000188901ac400 'java/lang/invoke/LambdaForm$MH+0x00000188901ac400'
Event: 6.501 Thread 0x00000188f83e4590 Unloading class 0x00000188901ac000 'java/lang/invoke/LambdaForm$BMH+0x00000188901ac000'
Event: 6.501 Thread 0x00000188f83e4590 Unloading class 0x00000188901abc00 'java/lang/invoke/LambdaForm$DMH+0x00000188901abc00'
Event: 6.501 Thread 0x00000188f83e4590 Unloading class 0x00000188901aa800 'java/lang/invoke/LambdaForm$DMH+0x00000188901aa800'
Event: 9.834 Thread 0x00000188f83e4590 Unloading class 0x00000188902fa000 'java/lang/invoke/LambdaForm$MH+0x00000188902fa000'
Event: 9.834 Thread 0x00000188f83e4590 Unloading class 0x00000188902f9400 'java/lang/invoke/LambdaForm$MH+0x00000188902f9400'
Event: 9.834 Thread 0x00000188f83e4590 Unloading class 0x00000188902f9000 'java/lang/invoke/LambdaForm$MH+0x00000188902f9000'
Event: 9.834 Thread 0x00000188f83e4590 Unloading class 0x00000188902f8400 'java/lang/invoke/LambdaForm$MH+0x00000188902f8400'
Event: 9.834 Thread 0x00000188f83e4590 Unloading class 0x00000188902f8000 'java/lang/invoke/LambdaForm$DMH+0x00000188902f8000'
Event: 9.834 Thread 0x00000188f83e4590 Unloading class 0x00000188902f7400 'java/lang/invoke/LambdaForm$MH+0x00000188902f7400'
Event: 9.834 Thread 0x00000188f83e4590 Unloading class 0x00000188902f2000 'java/lang/invoke/LambdaForm$MH+0x00000188902f2000'
Event: 9.834 Thread 0x00000188f83e4590 Unloading class 0x00000188902f1400 'java/lang/invoke/LambdaForm$MH+0x00000188902f1400'
Event: 9.834 Thread 0x00000188f83e4590 Unloading class 0x00000188902f0c00 'java/lang/invoke/LambdaForm$MH+0x00000188902f0c00'
Event: 9.834 Thread 0x00000188f83e4590 Unloading class 0x00000188902f0400 'java/lang/invoke/LambdaForm$MH+0x00000188902f0400'
Event: 9.834 Thread 0x00000188f83e4590 Unloading class 0x00000188902ebc00 'java/lang/invoke/LambdaForm$MH+0x00000188902ebc00'
Event: 9.834 Thread 0x00000188f83e4590 Unloading class 0x00000188902eb400 'java/lang/invoke/LambdaForm$MH+0x00000188902eb400'

Classes redefined (0 events):
No events

Internal exceptions (20 events):
Event: 278.298 Thread 0x00000188e5bd45a0 Exception <a 'sun/nio/fs/WindowsException'{0x00000000d56711c8}> (0x00000000d56711c8) 
thrown [s\src\hotspot\share\prims\jni.cpp, line 520]
Event: 278.298 Thread 0x00000188e5bd45a0 Exception <a 'sun/nio/fs/WindowsException'{0x00000000d5671a30}> (0x00000000d5671a30) 
thrown [s\src\hotspot\share\prims\jni.cpp, line 520]
Event: 278.298 Thread 0x00000188e5bd45a0 Exception <a 'sun/nio/fs/WindowsException'{0x00000000d567b410}> (0x00000000d567b410) 
thrown [s\src\hotspot\share\prims\jni.cpp, line 520]
Event: 278.298 Thread 0x00000188e5bd45a0 Exception <a 'sun/nio/fs/WindowsException'{0x00000000d568f320}> (0x00000000d568f320) 
thrown [s\src\hotspot\share\prims\jni.cpp, line 520]
Event: 278.299 Thread 0x00000188e5bd45a0 Exception <a 'sun/nio/fs/WindowsException'{0x00000000d5690980}> (0x00000000d5690980) 
thrown [s\src\hotspot\share\prims\jni.cpp, line 520]
Event: 278.299 Thread 0x00000188e5bd45a0 Exception <a 'sun/nio/fs/WindowsException'{0x00000000d569d4e8}> (0x00000000d569d4e8) 
thrown [s\src\hotspot\share\prims\jni.cpp, line 520]
Event: 278.300 Thread 0x00000188e5bd45a0 Exception <a 'sun/nio/fs/WindowsException'{0x00000000d56d1dd8}> (0x00000000d56d1dd8) 
thrown [s\src\hotspot\share\prims\jni.cpp, line 520]
Event: 278.300 Thread 0x00000188e5bd45a0 Exception <a 'sun/nio/fs/WindowsException'{0x00000000d56d2928}> (0x00000000d56d2928) 
thrown [s\src\hotspot\share\prims\jni.cpp, line 520]
Event: 278.301 Thread 0x00000188e5bd45a0 Exception <a 'sun/nio/fs/WindowsException'{0x00000000d56d3eb8}> (0x00000000d56d3eb8) 
thrown [s\src\hotspot\share\prims\jni.cpp, line 520]
Event: 278.301 Thread 0x00000188e5bd45a0 Exception <a 'sun/nio/fs/WindowsException'{0x00000000d56d4720}> (0x00000000d56d4720) 
thrown [s\src\hotspot\share\prims\jni.cpp, line 520]
Event: 278.301 Thread 0x00000188e5bd45a0 Exception <a 'sun/nio/fs/WindowsException'{0x00000000d56e0a78}> (0x00000000d56e0a78) 
thrown [s\src\hotspot\share\prims\jni.cpp, line 520]
Event: 278.301 Thread 0x00000188e5bd45a0 Exception <a 'sun/nio/fs/WindowsException'{0x00000000d56e1828}> (0x00000000d56e1828) 
thrown [s\src\hotspot\share\prims\jni.cpp, line 520]
Event: 278.357 Thread 0x00000188e5bd52c0 Exception <a 'sun/nio/fs/WindowsException'{0x00000000d58c9348}> (0x00000000d58c9348) 
thrown [s\src\hotspot\share\prims\jni.cpp, line 520]
Event: 278.357 Thread 0x00000188e5bd52c0 Exception <a 'sun/nio/fs/WindowsException'{0x00000000d58c9e98}> (0x00000000d58c9e98) 
thrown [s\src\hotspot\share\prims\jni.cpp, line 520]
Event: 278.358 Thread 0x00000188e5bd52c0 Exception <a 'sun/nio/fs/WindowsException'{0x00000000d58cb408}> (0x00000000d58cb408) 
thrown [s\src\hotspot\share\prims\jni.cpp, line 520]
Event: 278.358 Thread 0x00000188e5bd52c0 Exception <a 'sun/nio/fs/WindowsException'{0x00000000d58cbc70}> (0x00000000d58cbc70) 
thrown [s\src\hotspot\share\prims\jni.cpp, line 520]
Event: 278.358 Thread 0x00000188e5bd52c0 Exception <a 'sun/nio/fs/WindowsException'{0x00000000d58cd248}> (0x00000000d58cd248) 
thrown [s\src\hotspot\share\prims\jni.cpp, line 520]
Event: 278.358 Thread 0x00000188e5bd52c0 Exception <a 'sun/nio/fs/WindowsException'{0x00000000d58cdd98}> (0x00000000d58cdd98) 
thrown [s\src\hotspot\share\prims\jni.cpp, line 520]
Event: 558.089 Thread 0x00000188d7da1fc0 Exception <a 'sun/nio/fs/WindowsException'{0x00000000d56868f0}> (0x00000000d56868f0) 
thrown [s\src\hotspot\share\prims\jni.cpp, line 520]
Event: 558.089 Thread 0x00000188d7da1fc0 Exception <a 'sun/nio/fs/WindowsException'{0x00000000d5687690}> (0x00000000d5687690) 
thrown [s\src\hotspot\share\prims\jni.cpp, line 520]

ZGC Phase Switch (0 events):
No events

VM Operations (20 events):
Event: 3367.501 Executing non-safepoint VM operation: RendezvousGCThreads
Event: 3367.501 Executing non-safepoint VM operation: RendezvousGCThreads done
Event: 3906.790 Executing safepoint VM operation: Cleanup
Event: 3906.790 Executing safepoint VM operation: Cleanup done
Event: 3908.840 Executing non-safepoint VM operation: HandshakeAllThreads (HandshakeForDeflation)
Event: 3908.840 Executing non-safepoint VM operation: HandshakeAllThreads (HandshakeForDeflation) done
Event: 3908.840 Executing non-safepoint VM operation: RendezvousGCThreads
Event: 3908.840 Executing non-safepoint VM operation: RendezvousGCThreads done
Event: 4089.345 Executing non-safepoint VM operation: HandshakeAllThreads (HandshakeForDeflation)
Event: 4089.345 Executing non-safepoint VM operation: HandshakeAllThreads (HandshakeForDeflation) done
Event: 4089.346 Executing non-safepoint VM operation: RendezvousGCThreads
Event: 4089.346 Executing non-safepoint VM operation: RendezvousGCThreads done
Event: 4149.425 Executing non-safepoint VM operation: HandshakeAllThreads (HandshakeForDeflation)
Event: 4149.425 Executing non-safepoint VM operation: HandshakeAllThreads (HandshakeForDeflation) done
Event: 4149.425 Executing non-safepoint VM operation: RendezvousGCThreads
Event: 4149.425 Executing non-safepoint VM operation: RendezvousGCThreads done
Event: 4209.560 Executing non-safepoint VM operation: HandshakeAllThreads (HandshakeForDeflation)
Event: 4209.560 Executing non-safepoint VM operation: HandshakeAllThreads (HandshakeForDeflation) done
Event: 4209.560 Executing non-safepoint VM operation: RendezvousGCThreads
Event: 4209.560 Executing non-safepoint VM operation: RendezvousGCThreads done

Memory protections (0 events):
No events

Nmethod flushes (20 events):
Event: 257.190 Thread 0x00000188f83e4590 flushing  nmethod 0x0000018880e89990
Event: 257.190 Thread 0x00000188f83e4590 flushing  nmethod 0x0000018880e90810
Event: 257.190 Thread 0x00000188f83e4590 flushing  nmethod 0x0000018880ea6010
Event: 257.190 Thread 0x00000188f83e4590 flushing  nmethod 0x0000018880ec2690
Event: 257.190 Thread 0x00000188f83e4590 flushing  nmethod 0x0000018880ecc310
Event: 257.190 Thread 0x00000188f83e4590 flushing  nmethod 0x0000018880ed2a90
Event: 257.190 Thread 0x00000188f83e4590 flushing  nmethod 0x0000018880ee8b10
Event: 257.190 Thread 0x00000188f83e4590 flushing osr nmethod 0x0000018880f01310
Event: 257.190 Thread 0x00000188f83e4590 flushing  nmethod 0x0000018880f0e690
Event: 257.190 Thread 0x00000188f83e4590 flushing  nmethod 0x0000018880f11410
Event: 257.190 Thread 0x00000188f83e4590 flushing  nmethod 0x0000018880f12610
Event: 257.190 Thread 0x00000188f83e4590 flushing  nmethod 0x0000018880f21d90
Event: 257.190 Thread 0x00000188f83e4590 flushing osr nmethod 0x0000018880f27510
Event: 257.190 Thread 0x00000188f83e4590 flushing  nmethod 0x0000018880f53090
Event: 257.190 Thread 0x00000188f83e4590 flushing  nmethod 0x0000018880f62a10
Event: 257.190 Thread 0x00000188f83e4590 flushing  nmethod 0x0000018880f6ac90
Event: 257.190 Thread 0x00000188f83e4590 flushing  nmethod 0x0000018880f6ed90
Event: 257.190 Thread 0x00000188f83e4590 flushing  nmethod 0x0000018880fbd290
Event: 257.190 Thread 0x00000188f83e4590 flushing  nmethod 0x0000018880fc6e10
Event: 257.190 Thread 0x00000188f83e4590 flushing  nmethod 0x0000018880ff1690

Events (20 events):
Event: 558.094 Thread 0x00000188e5bd45a0 Thread exited: 0x00000188e5bd45a0
Event: 559.075 Thread 0x00000188d7da2ce0 Thread exited: 0x00000188d7da2ce0
Event: 559.076 Thread 0x00000188d7da4720 Thread exited: 0x00000188d7da4720
Event: 559.093 Thread 0x00000188dbb5d7d0 Thread exited: 0x00000188dbb5d7d0
Event: 559.093 Thread 0x00000188dbb5c420 Thread exited: 0x00000188dbb5c420
Event: 559.093 Thread 0x00000188d7da2650 Thread exited: 0x00000188d7da2650
Event: 561.885 Thread 0x00000188e5bd1e40 Thread exited: 0x00000188e5bd1e40
Event: 561.900 Thread 0x00000188e5bd17b0 Thread exited: 0x00000188e5bd17b0
Event: 561.900 Thread 0x00000188e5bd0400 Thread exited: 0x00000188e5bd0400
Event: 561.933 Thread 0x00000188e5bd3880 Thread exited: 0x00000188e5bd3880
Event: 561.963 Thread 0x00000188e5bd3f10 Thread exited: 0x00000188e5bd3f10
Event: 562.089 Thread 0x00000188dbb5e4f0 Thread exited: 0x00000188dbb5e4f0
Event: 562.105 Thread 0x00000188d929d270 Thread exited: 0x00000188d929d270
Event: 562.261 Thread 0x00000188e5bcfd70 Thread exited: 0x00000188e5bcfd70
Event: 578.486 Thread 0x00000188e5bd6d00 Thread exited: 0x00000188e5bd6d00
Event: 622.093 Thread 0x00000188dbb5f210 Thread exited: 0x00000188dbb5f210
Event: 638.496 Thread 0x00000188e5bd5fe0 Thread exited: 0x00000188e5bd5fe0
Event: 682.107 Thread 0x00000188dbb5de60 Thread exited: 0x00000188dbb5de60
Event: 698.508 Thread 0x00000188e5bd4c30 Thread exited: 0x00000188e5bd4c30
Event: 742.114 Thread 0x00000188dbb5d140 Thread exited: 0x00000188dbb5d140


Dynamic libraries:
0x00007ff7bfaf0000 - 0x00007ff7bfafe000 	c:\Users\JEREMIE\.antigravity\extensions\redhat.java-1.53.0-win32-x64\jre\21.0.10-win32-x86_64\bin\java.exe
0x00007ffea4260000 - 0x00007ffea44c7000 	C:\WINDOWS\SYSTEM32\ntdll.dll
0x00007ffea36b0000 - 0x00007ffea3779000 	C:\WINDOWS\System32\KERNEL32.DLL
0x00007ffea1940000 - 0x00007ffea1d31000 	C:\WINDOWS\System32\KERNELBASE.dll
0x00007ffea1d40000 - 0x00007ffea1e8b000 	C:\WINDOWS\System32\ucrtbase.dll
0x00007ffe7f370000 - 0x00007ffe7f388000 	c:\Users\JEREMIE\.antigravity\extensions\redhat.java-1.53.0-win32-x64\jre\21.0.10-win32-x86_64\bin\jli.dll
0x00007ffea3100000 - 0x00007ffea32c5000 	C:\WINDOWS\System32\USER32.dll
0x00007ffea0cc0000 - 0x00007ffea0ce7000 	C:\WINDOWS\System32\win32u.dll
0x00007ffea3ec0000 - 0x00007ffea3eeb000 	C:\WINDOWS\System32\GDI32.dll
0x00007ffea0f10000 - 0x00007ffea103b000 	C:\WINDOWS\System32\gdi32full.dll
0x00007ffea1f50000 - 0x00007ffea1ff3000 	C:\WINDOWS\System32\msvcp_win.dll
0x00007ffe7b5d0000 - 0x00007ffe7b5ee000 	c:\Users\JEREMIE\.antigravity\extensions\redhat.java-1.53.0-win32-x64\jre\21.0.10-win32-x86_64\bin\VCRUNTIME140.dll
0x00007ffe89500000 - 0x00007ffe89793000 	C:\WINDOWS\WinSxS\amd64_microsoft.windows.common-controls_6595b64144ccf1df_6.0.26100.8037_none_3e092faae333b53b\COMCTL32.dll
0x00007ffea2990000 - 0x00007ffea2a39000 	C:\WINDOWS\System32\msvcrt.dll
0x00007ffea4050000 - 0x00007ffea4081000 	C:\WINDOWS\System32\IMM32.DLL
0x0000000069490000 - 0x000000006949d000 	C:\Program Files (x86)\360\Total Security\safemon\SafeWrapper.dll
0x00007ffea3c10000 - 0x00007ffea3ccb000 	C:\WINDOWS\System32\ADVAPI32.dll
0x00007ffea35c0000 - 0x00007ffea3667000 	C:\WINDOWS\System32\sechost.dll
0x00007ffea2b40000 - 0x00007ffea2c58000 	C:\WINDOWS\System32\RPCRT4.dll
0x00007ffe9bd70000 - 0x00007ffe9be75000 	C:\Program Files (x86)\360\Total Security\safemon\libzdtp64.dll
0x00007ffea2000000 - 0x00007ffea275f000 	C:\WINDOWS\System32\SHELL32.dll
0x00007ffea0da0000 - 0x00007ffea0f0a000 	C:\WINDOWS\System32\wintypes.dll
0x00007ffea2d60000 - 0x00007ffea30e2000 	C:\WINDOWS\System32\combase.dll
0x00007ffea32d0000 - 0x00007ffea3337000 	C:\WINDOWS\System32\SHLWAPI.dll
0x00007ffea1040000 - 0x00007ffea18a4000 	C:\WINDOWS\System32\Windows.Storage.dll
0x00007ffea0460000 - 0x00007ffea046b000 	C:\WINDOWS\SYSTEM32\VERSION.dll
0x00007ffe8d5c0000 - 0x00007ffe8d5cc000 	c:\Users\JEREMIE\.antigravity\extensions\redhat.java-1.53.0-win32-x64\jre\21.0.10-win32-x86_64\bin\vcruntime140_1.dll
0x00007ffe33690000 - 0x00007ffe3371d000 	c:\Users\JEREMIE\.antigravity\extensions\redhat.java-1.53.0-win32-x64\jre\21.0.10-win32-x86_64\bin\msvcp140.dll
0x00007ffde37b0000 - 0x00007ffde4551000 	c:\Users\JEREMIE\.antigravity\extensions\redhat.java-1.53.0-win32-x64\jre\21.0.10-win32-x86_64\bin\server\jvm.dll
0x00007ffea3340000 - 0x00007ffea33b4000 	C:\WINDOWS\System32\WS2_32.dll
0x00007ffea09c0000 - 0x00007ffea0a1e000 	C:\WINDOWS\SYSTEM32\POWRPROF.dll
0x00007ffe897a0000 - 0x00007ffe897d5000 	C:\WINDOWS\SYSTEM32\WINMM.dll
0x00007ffea0980000 - 0x00007ffea0994000 	C:\WINDOWS\SYSTEM32\UMPDC.dll
0x00007ffe9f820000 - 0x00007ffe9f83b000 	C:\WINDOWS\SYSTEM32\kernel.appcore.dll
0x00007ffe8d1c0000 - 0x00007ffe8d1ca000 	c:\Users\JEREMIE\.antigravity\extensions\redhat.java-1.53.0-win32-x64\jre\21.0.10-win32-x86_64\bin\jimage.dll
0x00007ffe9e9a0000 - 0x00007ffe9ebe2000 	C:\WINDOWS\SYSTEM32\DBGHELP.DLL
0x00007ffea3ef0000 - 0x00007ffea3fc7000 	C:\WINDOWS\System32\OLEAUT32.dll
0x00007ffe815c0000 - 0x00007ffe815fb000 	C:\WINDOWS\SYSTEM32\dbgcore.DLL
0x00007ffea0cf0000 - 0x00007ffea0d95000 	C:\WINDOWS\System32\bcryptPrimitives.dll
0x00007ffe8c7d0000 - 0x00007ffe8c7df000 	c:\Users\JEREMIE\.antigravity\extensions\redhat.java-1.53.0-win32-x64\jre\21.0.10-win32-x86_64\bin\instrument.dll
0x00007ffe77200000 - 0x00007ffe77220000 	c:\Users\JEREMIE\.antigravity\extensions\redhat.java-1.53.0-win32-x64\jre\21.0.10-win32-x86_64\bin\java.dll
0x00007ffea2c60000 - 0x00007ffea2d57000 	C:\WINDOWS\System32\SHCORE.dll
0x00007ffea0a60000 - 0x00007ffea0a89000 	C:\WINDOWS\SYSTEM32\profapi.dll
0x00007ffe70f30000 - 0x00007ffe70f48000 	c:\Users\JEREMIE\.antigravity\extensions\redhat.java-1.53.0-win32-x64\jre\21.0.10-win32-x86_64\bin\zip.dll
0x00007ffe8cc90000 - 0x00007ffe8cca0000 	C:\Users\JEREMIE\.antigravity\extensions\redhat.java-1.53.0-win32-x64\jre\21.0.10-win32-x86_64\bin\net.dll
0x00007ffe99770000 - 0x00007ffe99897000 	C:\WINDOWS\SYSTEM32\WINHTTP.dll
0x00007ffe9fd70000 - 0x00007ffe9fddb000 	C:\WINDOWS\system32\mswsock.dll
0x00007ffe70700000 - 0x00007ffe70716000 	C:\Users\JEREMIE\.antigravity\extensions\redhat.java-1.53.0-win32-x64\jre\21.0.10-win32-x86_64\bin\nio.dll
0x00007ffe87320000 - 0x00007ffe87330000 	c:\Users\JEREMIE\.antigravity\extensions\redhat.java-1.53.0-win32-x64\jre\21.0.10-win32-x86_64\bin\verify.dll
0x00007ffe6db70000 - 0x00007ffe6dbb5000 	C:\Users\JEREMIE\AppData\Roaming\Antigravity\User\globalStorage\redhat.java\1.53.0\config_win\org.eclipse.equinox.launcher\org.eclipse.equinox.launcher.win32.win32.x86_64_1.3.0.v20260203-2149\eclipse_11919.dll
0x00007ffea33c0000 - 0x00007ffea3555000 	C:\WINDOWS\System32\ole32.dll
0x00007ffe8a5e0000 - 0x00007ffe8a5ea000 	C:\Users\JEREMIE\.antigravity\extensions\redhat.java-1.53.0-win32-x64\jre\21.0.10-win32-x86_64\bin\management.dll
0x00007ffe8a1d0000 - 0x00007ffe8a1dc000 	C:\Users\JEREMIE\.antigravity\extensions\redhat.java-1.53.0-win32-x64\jre\21.0.10-win32-x86_64\bin\management_ext.dll
0x00007ffea30f0000 - 0x00007ffea30f8000 	C:\WINDOWS\System32\PSAPI.DLL
0x00007ffea0170000 - 0x00007ffea018b000 	C:\WINDOWS\SYSTEM32\CRYPTSP.dll
0x00007ffe9f780000 - 0x00007ffe9f7b9000 	C:\WINDOWS\system32\rsaenh.dll
0x00007ffe9fe20000 - 0x00007ffe9fe52000 	C:\WINDOWS\SYSTEM32\USERENV.dll
0x00007ffea0a30000 - 0x00007ffea0a5a000 	C:\WINDOWS\SYSTEM32\bcrypt.dll
0x00007ffe9ffd0000 - 0x00007ffe9ffdc000 	C:\WINDOWS\SYSTEM32\CRYPTBASE.dll
0x00007ffe9f130000 - 0x00007ffe9f163000 	C:\WINDOWS\SYSTEM32\IPHLPAPI.DLL
0x00007ffea3cd0000 - 0x00007ffea3cda000 	C:\WINDOWS\System32\NSI.dll
0x00007ffe63180000 - 0x00007ffe631c9000 	C:\Users\JEREMIE\AppData\Local\Temp\jna--990932293\jna106652026847387485.dll
0x00007ffe95a00000 - 0x00007ffe95a1d000 	C:\WINDOWS\SYSTEM32\dhcpcsvc6.DLL
0x00007ffe95980000 - 0x00007ffe959a3000 	C:\WINDOWS\SYSTEM32\dhcpcsvc.DLL
0x00007ffe7f360000 - 0x00007ffe7f36e000 	C:\Users\JEREMIE\.antigravity\extensions\redhat.java-1.53.0-win32-x64\jre\21.0.10-win32-x86_64\bin\sunmscapi.dll
0x00007ffea0b40000 - 0x00007ffea0cb7000 	C:\WINDOWS\System32\CRYPT32.dll
0x00007ffea02d0000 - 0x00007ffea0300000 	C:\WINDOWS\SYSTEM32\ncrypt.dll
0x00007ffea0280000 - 0x00007ffea02bf000 	C:\WINDOWS\SYSTEM32\NTASN1.dll
0x00007ffe9f2a0000 - 0x00007ffe9f3ca000 	C:\WINDOWS\SYSTEM32\DNSAPI.dll
0x00007ffe95970000 - 0x00007ffe9597b000 	C:\Windows\System32\rasadhlp.dll
0x00007ffe90aa0000 - 0x00007ffe90b26000 	C:\WINDOWS\System32\fwpuclnt.dll
0x00007ffe7f310000 - 0x00007ffe7f319000 	C:\Users\JEREMIE\.antigravity\extensions\redhat.java-1.53.0-win32-x64\jre\21.0.10-win32-x86_64\bin\extnet.dll
0x00007ffe3cb30000 - 0x00007ffe3cb57000 	C:\Users\JEREMIE\.gradle\native\68d5fa5c4cc2d200863cafc0d521ce42e7d3e7ee720ec0a83991735586a16f82\windows-amd64\native-platform.dll
0x00007ffe90ef0000 - 0x00007ffe90ef8000 	C:\WINDOWS\system32\wshunix.dll

JVMTI agents:
c:\Users\JEREMIE\.antigravity\extensions\redhat.java-1.53.0-win32-x64\lombok\lombok-1.18.39-4050.jar path:c:\Users\JEREMIE\.antigravity\extensions\redhat.java-1.53.0-win32-x64\jre\21.0.10-win32-x86_64\bin\instrument.dll, loaded, initialized, instrumentlib options:none

dbghelp: loaded successfully - version: 4.0.5 - missing functions: none
symbol engine: initialized successfully - sym options: 0x614 - pdb path: .;c:\Users\JEREMIE\.antigravity\extensions\redhat.java-1.53.0-win32-x64\jre\21.0.10-win32-x86_64\bin;C:\WINDOWS\SYSTEM32;C:\WINDOWS\WinSxS\amd64_microsoft.windows.common-controls_6595b64144ccf1df_6.0.26100.8037_none_3e092faae333b53b;C:\Program Files (x86)\360\Total Security\safemon;c:\Users\JEREMIE\.antigravity\extensions\redhat.java-1.53.0-win32-x64\jre\21.0.10-win32-x86_64\bin\server;C:\Users\JEREMIE\AppData\Roaming\Antigravity\User\globalStorage\redhat.java\1.53.0\config_win\org.eclipse.equinox.launcher\org.eclipse.equinox.launcher.win32.win32.x86_64_1.3.0.v20260203-2149;C:\Users\JEREMIE\AppData\Local\Temp\jna--990932293;C:\Users\JEREMIE\.gradle\native\68d5fa5c4cc2d200863cafc0d521ce42e7d3e7ee720ec0a83991735586a16f82\windows-amd64

VM Arguments:
jvm_args: --add-modules=ALL-SYSTEM --add-opens=java.base/java.util=ALL-UNNAMED --add-opens=java.base/java.lang=ALL-UNNAMED --add-opens=java.base/sun.nio.fs=ALL-UNNAMED -Declipse.application=org.eclipse.jdt.ls.core.id1 -Dosgi.bundles.defaultStartLevel=4 -Declipse.product=org.eclipse.jdt.ls.core.product -Djava.import.generatesMetadataFilesAtProjectRoot=false -DDetectVMInstallationsJob.disabled=true -Dfile.encoding=utf8 -XX:+UseParallelGC -XX:GCTimeRatio=4 -XX:AdaptiveSizePolicyWeight=90 -Dsun.zip.disableMemoryMapping=true -Xmx2G -Xms100m -Xlog:disable -javaagent:c:\Users\JEREMIE\.antigravity\extensions\redhat.java-1.53.0-win32-x64\lombok\lombok-1.18.39-4050.jar -XX:+HeapDumpOnOutOfMemoryError -XX:HeapDumpPath=c:\Users\JEREMIE\AppData\Roaming\Antigravity\User\workspaceStorage\63474e2ec000af6b422a27403d030dcc\redhat.java -Daether.dependencyCollector.impl=bf 
java_command: c:\Users\JEREMIE\.antigravity\extensions\redhat.java-1.53.0-win32-x64\server\plugins\org.eclipse.equinox.launcher_1.7.100.v20251111-0406.jar -configuration c:\Users\JEREMIE\AppData\Roaming\Antigravity\User\globalStorage\redhat.java\1.53.0\config_win -data c:\Users\JEREMIE\AppData\Roaming\Antigravity\User\workspaceStorage\63474e2ec000af6b422a27403d030dcc\redhat.java\jdt_ws --pipe=\\.\pipe\lsp-74d45174f0e3a649b106954005a28761-sock
java_class_path (initial): c:\Users\JEREMIE\.antigravity\extensions\redhat.java-1.53.0-win32-x64\server\plugins\org.eclipse.equinox.launcher_1.7.100.v20251111-0406.jar
Launcher Type: SUN_STANDARD

[Global flags]
    uintx AdaptiveSizePolicyWeight                 = 90                                        {product} {command line}
     intx CICompilerCount                          = 4                                         {product} {ergonomic}
    uintx GCTimeRatio                              = 4                                         {product} {command line}
     bool HeapDumpOnOutOfMemoryError               = true                                   {manageable} {command line}
    ccstr HeapDumpPath                             = c:\Users\JEREMIE\AppData\Roaming\Antigravity\User\workspaceStorage\63474e2ec000af6b422a27403d030dcc\redhat.java         {manageable} {command line}
   size_t InitialHeapSize                          = 104857600                                 {product} {command line}
   size_t MaxHeapSize                              = 2147483648                                {product} {command line}
   size_t MaxNewSize                               = 715653120                                 {product} {ergonomic}
   size_t MinHeapDeltaBytes                        = 524288                                    {product} {ergonomic}
   size_t MinHeapSize                              = 104857600                                 {product} {command line}
   size_t NewSize                                  = 34603008                                  {product} {ergonomic}
    uintx NonNMethodCodeHeapSize                   = 5839372                                {pd product} {ergonomic}
    uintx NonProfiledCodeHeapSize                  = 122909434                              {pd product} {ergonomic}
   size_t OldSize                                  = 70254592                                  {product} {ergonomic}
    uintx ProfiledCodeHeapSize                     = 122909434                              {pd product} {ergonomic}
    uintx ReservedCodeCacheSize                    = 251658240                              {pd product} {ergonomic}
     bool SegmentedCodeCache                       = true                                      {product} {ergonomic}
   size_t SoftMaxHeapSize                          = 2147483648                             {manageable} {ergonomic}
     bool UseCompressedOops                        = true                           {product lp64_product} {ergonomic}
     bool UseLargePagesIndividualAllocation        = false                                  {pd product} {ergonomic}
     bool UseParallelGC                            = true                                      {product} {command line}

Logging:
Log output configuration:
 #0: stdout all=off uptime,level,tags foldmultilines=false
 #1: stderr all=off uptime,level,tags foldmultilines=false

Release file:
JAVA_VERSION="21.0.10" 
MODULES="java.base java.compiler java.datatransfer java.xml java.prefs java.desktop java.instrument java.logging java.management java.security.sasl java.naming java.rmi java.management.rmi java.net.http java.scripting java.security.jgss java.transaction.xa java.sql java.sql.rowset java.xml.crypto java.se java.smartcardio jdk.accessibility jdk.internal.jvmstat jdk.attach jdk.charsets jdk.internal.opt jdk.zipfs jdk.compiler jdk.crypto.ec jdk.crypto.cryptoki jdk.crypto.mscapi jdk.dynalink jdk.internal.ed jdk.editpad jdk.hotspot.agent jdk.httpserver jdk.internal.le jdk.internal.vm.ci jdk.internal.vm.compiler jdk.internal.vm.compiler.management jdk.jartool jdk.javadoc jdk.jcmd jdk.management jdk.management.agent jdk.jconsole jdk.jdeps jdk.jdwp.agent jdk.jdi jdk.jfr jdk.jshell jdk.jsobject jdk.jstatd jdk.localedata jdk.management.jfr jdk.naming.dns jdk.naming.rmi jdk.net jdk.nio.mapmode jdk.random jdk.sctp jdk.security.auth jdk.security.jgss jdk.unsupported jdk.unsupported.desktop jdk.xml.dom" 

Environment Variables:
JAVA_HOME=E:\Programme\Java\jdk-24
PATH=C:\Program Files\Common Files\Oracle\Java\javapath;E:\Programme\Java\jdk-24\bin;E:\Programme\Vmware\bin\;E:\Programme\Python39\Scripts\;E:\Programme\Python39\;C:\WINDOWS\system32;C:\WINDOWS;C:\WINDOWS\System32\Wbem;C:\WINDOWS\System32\WindowsPowerShell\v1.0\;C:\WINDOWS\System32\OpenSSH\;E:\Programme\flutter\flutter\bin;E:\Programme\platform-tools;E:\Programme\Git\Git\cmd;C:\apktools;C:\Program Files\Docker\Docker\resources\bin;E:\Programme\nodejs\;E:\Programme\python38_32bit\Scripts\;E:\Programme\python38_32bit\;C:\Users\JEREMIE\AppData\Local\Microsoft\WindowsApps;E:\Programme\VSCode\Microsoft VS Code\bin;E:\Programme\MinGW\bin;E:\Programme\flutter\flutter\bin;E:\Programme\jdk;C:\Users\JEREMIE\.lmstudio\bin;E:\Programme\Nmap;C:\Users\JEREMIE\AppData\Local\Programs\Antigravity\bin;C:\Users\JEREMIE\AppData\Local\Microsoft\WindowsApps;C:\Users\JEREMIE\AppData\Roaming\npm;
USERNAME=JEREMIE
OS=Windows_NT
PROCESSOR_IDENTIFIER=Intel64 Family 6 Model 142 Stepping 12, GenuineIntel
TMP=C:\Users\JEREMIE\AppData\Local\Temp
TEMP=C:\Users\JEREMIE\AppData\Local\Temp




Periodic native trim disabled

---------------  S Y S T E M  ---------------

OS:
 Windows 11 , 64 bit Build 26100 (10.0.26100.7920)
OS uptime: 1 days 16:36 hours
Hyper-V role detected

CPU: total 8 (initial active 8) (4 cores per cpu, 2 threads per core) family 6 model 142 stepping 12 microcode 0xfa, cx8, cmov, fxsr, ht, mmx, 3dnowpref, sse, sse2, sse3, ssse3, sse4.1, sse4.2, popcnt, lzcnt, tsc, tscinvbit, avx, avx2, aes, erms, clmul, bmi1, bmi2, adx, fma, vzeroupper, clflush, clflushopt, hv, rdtscp, f16c
Processor Information for the first 8 processors :
  Max Mhz: 1992, Current Mhz: 796, Mhz Limit: 796

Memory: 4k page, system-wide physical 7971M (540M free)
TotalPageFile size 19570M (AvailPageFile size 89M)
current process WorkingSet (physical memory assigned to process): 25M, peak: 1064M
current process commit charge ("private bytes"): 1156M, peak: 1162M

vm_info: OpenJDK 64-Bit Server VM (21.0.10+7-LTS) for windows-amd64 JRE (21.0.10+7-LTS), built on 2026-01-20T00:00:00Z by "admin" with MS VC++ 17.12 (VS2022)

END.
