#
# There is insufficient memory for the Java Runtime Environment to continue.
# Native memory allocation (malloc) failed to allocate 1048576 bytes. Error detail: AllocateHeap
# Possible reasons:
#   The system is out of physical RAM or swap space
#   This process is running with CompressedOops enabled, and the Java Heap may be blocking the growth of the native heap
# Possible solutions:
#   Reduce memory load on the system
#   Increase physical memory or swap space
#   Check if swap backing store is full
#   Decrease Java heap size (-Xmx/-Xms)
#   Decrease number of Java threads
#   Decrease Java thread stack sizes (-Xss)
#   Set larger code cache with -XX:ReservedCodeCacheSize=
#   JVM is running with Unscaled Compressed Oops mode in which the Java heap is
#     placed in the first 4GB address space. The Java Heap base address is the
#     maximum limit for the native heap growth. Please use -XX:HeapBaseMinAddress
#     to set the Java Heap base and to place the Java Heap above 4GB virtual address.
# This output file may be truncated or incomplete.
#
#  Out of Memory Error (allocation.cpp:44), pid=8348, tid=7396
#
# JRE version: OpenJDK Runtime Environment Temurin-21.0.10+7 (21.0.10+7) (build 21.0.10+7-LTS)
# Java VM: OpenJDK 64-Bit Server VM Temurin-21.0.10+7 (21.0.10+7-LTS, mixed mode, sharing, tiered, compressed oops, compressed class ptrs, parallel gc, windows-amd64)
# No core dump will be written. Minidumps are not enabled by default on client versions of Windows
#

---------------  S U M M A R Y ------------

Command Line: --add-modules=ALL-SYSTEM --add-opens=java.base/java.util=ALL-UNNAMED --add-opens=java.base/java.lang=ALL-UNNAMED --add-opens=java.base/sun.nio.fs=ALL-UNNAMED -Declipse.application=org.eclipse.jdt.ls.core.id1 -Dosgi.bundles.defaultStartLevel=4 -Declipse.product=org.eclipse.jdt.ls.core.product -Djava.import.generatesMetadataFilesAtProjectRoot=false -DDetectVMInstallationsJob.disabled=true -Dfile.encoding=utf8 -XX:+UseParallelGC -XX:GCTimeRatio=4 -XX:AdaptiveSizePolicyWeight=90 -Dsun.zip.disableMemoryMapping=true -Xmx2G -Xms100m -Xlog:disable -javaagent:c:\Users\JEREMIE\.antigravity\extensions\redhat.java-1.54.0-win32-x64\lombok\lombok-1.18.39-4050.jar -XX:+HeapDumpOnOutOfMemoryError -XX:HeapDumpPath=c:\Users\JEREMIE\AppData\Roaming\Antigravity\User\workspaceStorage\63474e2ec000af6b422a27403d030dcc\redhat.java -Daether.dependencyCollector.impl=bf c:\Users\JEREMIE\.antigravity\extensions\redhat.java-1.54.0-win32-x64\server\plugins\org.eclipse.equinox.launcher_1.7.100.v20251111-0406.jar -configuration c:\Users\JEREMIE\AppData\Roaming\Antigravity\User\globalStorage\redhat.java\1.54.0\config_win -data c:\Users\JEREMIE\AppData\Roaming\Antigravity\User\workspaceStorage\63474e2ec000af6b422a27403d030dcc\redhat.java\jdt_ws --pipe=\\.\pipe\lsp-a22c314d582cefd49c7a4e5412fc657e-sock

Host: Intel(R) Core(TM) i7-8565U CPU @ 1.80GHz, 8 cores, 7G,  Windows 11 , 64 bit Build 26100 (10.0.26100.7920)
Time: Fri May  1 18:27:06 2026 Afr. centrale Ouest elapsed time: 2709.827479 seconds (0d 0h 45m 9s)

---------------  T H R E A D  ---------------

Current thread (0x0000026da3d23db0):  JavaThread "Attach Listener" daemon [_thread_in_vm, id=7396, stack(0x0000007ce5a00000,0x0000007ce5b00000) (1024K)]

Stack: [0x0000007ce5a00000,0x0000007ce5b00000]
Native frames: (J=compiled Java code, j=interpreted, Vv=VM code, C=native code)
V  [jvm.dll+0x6d7a39]
V  [jvm.dll+0x8b4b26]
V  [jvm.dll+0x8b70de]
V  [jvm.dll+0x8b77c3]
V  [jvm.dll+0x284346]
V  [jvm.dll+0xc1277]
V  [jvm.dll+0x6d82e9]
V  [jvm.dll+0x1334a6]
V  [jvm.dll+0x3f857e]
V  [jvm.dll+0x85f59d]
V  [jvm.dll+0x6d626d]
C  [ucrtbase.dll+0x37b0]
C  [KERNEL32.DLL+0x2e8d7]
C  [ntdll.dll+0x8c48c]


---------------  P R O C E S S  ---------------

Threads class SMR info:
_java_thread_list=0x0000026d85270310, length=46, elements={
0x0000026da3daaa30, 0x0000026da3d19390, 0x0000026da3d1b2a0, 0x0000026da3d23720,
0x0000026da3d23db0, 0x0000026da3d24440, 0x0000026da3d20fc0, 0x0000026da3d2aaf0,
0x0000026dfd040e50, 0x0000026da3d21650, 0x0000026da3d21ce0, 0x0000026da3d22370,
0x0000026da3d22a00, 0x0000026da3d23090, 0x0000026dfdd1ea20, 0x0000026dfdd1c2c0,
0x0000026dfdd1b5a0, 0x0000026dfdd1bc30, 0x0000026dfdd1cfe0, 0x0000026dfdd1f0b0,
0x0000026dfdd21180, 0x0000026dfdd20af0, 0x0000026dfdd21810, 0x0000026dfdd1e390,
0x0000026dfdd22530, 0x0000026dfdd21ea0, 0x0000026dfdd22bc0, 0x0000026d85e6b880,
0x0000026d85e69e40, 0x0000026d85e6ab60, 0x0000026d85e69120, 0x0000026d85e697b0,
0x0000026d85e6a4d0, 0x0000026d85e6b1f0, 0x0000026d85e6f390, 0x0000026d85e6bf10,
0x0000026d85e6fa20, 0x0000026d85e700b0, 0x0000026d85e6d950, 0x0000026d873d9bc0,
0x0000026d873d9530, 0x0000026d873db600, 0x0000026d873dc9b0, 0x0000026d873df110,
0x0000026dfdd1d670, 0x0000026d873dea80
}

Java Threads: ( => current thread )
  0x0000026da3daaa30 JavaThread "main"                              [_thread_blocked, id=13480, stack(0x0000007ce5300000,0x0000007ce5400000) (1024K)]
  0x0000026da3d19390 JavaThread "Reference Handler"          daemon [_thread_blocked, id=9496, stack(0x0000007ce5700000,0x0000007ce5800000) (1024K)]
  0x0000026da3d1b2a0 JavaThread "Finalizer"                  daemon [_thread_blocked, id=12260, stack(0x0000007ce5800000,0x0000007ce5900000) (1024K)]
  0x0000026da3d23720 JavaThread "Signal Dispatcher"          daemon [_thread_blocked, id=21596, stack(0x0000007ce5900000,0x0000007ce5a00000) (1024K)]
=>0x0000026da3d23db0 JavaThread "Attach Listener"            daemon [_thread_in_vm, id=7396, stack(0x0000007ce5a00000,0x0000007ce5b00000) (1024K)]
  0x0000026da3d24440 JavaThread "Service Thread"             daemon [_thread_blocked, id=12420, stack(0x0000007ce5b00000,0x0000007ce5c00000) (1024K)]
  0x0000026da3d20fc0 JavaThread "Monitor Deflation Thread"   daemon [_thread_blocked, id=3368, stack(0x0000007ce5c00000,0x0000007ce5d00000) (1024K)]
  0x0000026da3d2aaf0 JavaThread "C2 CompilerThread0"         daemon [_thread_blocked, id=21212, stack(0x0000007ce5d00000,0x0000007ce5e00000) (1024K)]
  0x0000026dfd040e50 JavaThread "C1 CompilerThread0"         daemon [_thread_blocked, id=20944, stack(0x0000007ce5e00000,0x0000007ce5f00000) (1024K)]
  0x0000026da3d21650 JavaThread "Common-Cleaner"             daemon [_thread_blocked, id=10164, stack(0x0000007ce5f00000,0x0000007ce6000000) (1024K)]
  0x0000026da3d21ce0 JavaThread "Notification Thread"        daemon [_thread_blocked, id=7144, stack(0x0000007ce6000000,0x0000007ce6100000) (1024K)]
  0x0000026da3d22370 JavaThread "Active Thread: Equinox Container: bc44cb16-5ade-49e9-b0fc-b3505ce570e9"        [_thread_blocked, id=8616, stack(0x0000007ce6100000,0x0000007ce6200000) (1024K)]
  0x0000026da3d22a00 JavaThread "Refresh Thread: Equinox Container: bc44cb16-5ade-49e9-b0fc-b3505ce570e9" daemon [_thread_blocked, id=20620, stack(0x0000007ce6200000,0x0000007ce6300000) (1024K)]
  0x0000026da3d23090 JavaThread "Framework Event Dispatcher: Equinox Container: bc44cb16-5ade-49e9-b0fc-b3505ce570e9" daemon [_thread_blocked, id=20980, stack(0x0000007ce6a00000,0x0000007ce6b00000) (1024K)]
  0x0000026dfdd1ea20 JavaThread "Start Level: Equinox Container: bc44cb16-5ade-49e9-b0fc-b3505ce570e9" daemon [_thread_blocked, id=12712, stack(0x0000007ce6b00000,0x0000007ce6c00000) (1024K)]
  0x0000026dfdd1c2c0 JavaThread "Bundle File Closer"         daemon [_thread_blocked, id=6152, stack(0x0000007ce6e00000,0x0000007ce6f00000) (1024K)]
  0x0000026dfdd1b5a0 JavaThread "SCR Component Actor"        daemon [_thread_blocked, id=7356, stack(0x0000007ce6c00000,0x0000007ce6d00000) (1024K)]
  0x0000026dfdd1bc30 JavaThread "Worker-JM"                         [_thread_blocked, id=16356, stack(0x0000007ce6f00000,0x0000007ce7000000) (1024K)]
  0x0000026dfdd1cfe0 JavaThread "JNA Cleaner"                daemon [_thread_blocked, id=21800, stack(0x0000007ce7000000,0x0000007ce7100000) (1024K)]
  0x0000026dfdd1f0b0 JavaThread "Java indexing"              daemon [_thread_blocked, id=2776, stack(0x0000007ce7400000,0x0000007ce7500000) (1024K)]
  0x0000026dfdd21180 JavaThread "Thread-1"                   daemon [_thread_in_native, id=2668, stack(0x0000007ce7c00000,0x0000007ce7d00000) (1024K)]
  0x0000026dfdd20af0 JavaThread "Thread-2"                   daemon [_thread_in_native, id=10584, stack(0x0000007ce7d00000,0x0000007ce7e00000) (1024K)]
  0x0000026dfdd21810 JavaThread "Thread-3"                   daemon [_thread_in_native, id=7004, stack(0x0000007ce7e00000,0x0000007ce7f00000) (1024K)]
  0x0000026dfdd1e390 JavaThread "Thread-4"                   daemon [_thread_in_native, id=6240, stack(0x0000007ce7f00000,0x0000007ce8000000) (1024K)]
  0x0000026dfdd22530 JavaThread "Thread-5"                   daemon [_thread_in_native, id=9916, stack(0x0000007ce8000000,0x0000007ce8100000) (1024K)]
  0x0000026dfdd21ea0 JavaThread "Thread-6"                   daemon [_thread_in_native, id=9320, stack(0x0000007ce8100000,0x0000007ce8200000) (1024K)]
  0x0000026dfdd22bc0 JavaThread "Thread-7"                   daemon [_thread_in_native, id=6456, stack(0x0000007ce8200000,0x0000007ce8300000) (1024K)]
  0x0000026d85e6b880 JavaThread "Thread-8"                   daemon [_thread_in_native, id=11076, stack(0x0000007ce8300000,0x0000007ce8400000) (1024K)]
  0x0000026d85e69e40 JavaThread "Thread-9"                   daemon [_thread_in_native, id=2556, stack(0x0000007ce8400000,0x0000007ce8500000) (1024K)]
  0x0000026d85e6ab60 JavaThread "pool-2-thread-1"                   [_thread_blocked, id=20040, stack(0x0000007ce8500000,0x0000007ce8600000) (1024K)]
  0x0000026d85e69120 JavaThread "Timer-0"                           [_thread_blocked, id=12388, stack(0x0000007ce8700000,0x0000007ce8800000) (1024K)]
  0x0000026d85e697b0 JavaThread "Timer-1"                           [_thread_blocked, id=5172, stack(0x0000007ce8800000,0x0000007ce8900000) (1024K)]
  0x0000026d85e6a4d0 JavaThread "WorkspaceEventsHandler"            [_thread_blocked, id=2476, stack(0x0000007ce8900000,0x0000007ce8a00000) (1024K)]
  0x0000026d85e6b1f0 JavaThread "pool-1-thread-1"                   [_thread_blocked, id=15072, stack(0x0000007ce8a00000,0x0000007ce8b00000) (1024K)]
  0x0000026d85e6f390 JavaThread "Timer-2"                           [_thread_blocked, id=13388, stack(0x0000007ce9100000,0x0000007ce9200000) (1024K)]
  0x0000026d85e6bf10 JavaThread "Timer-3"                           [_thread_blocked, id=21712, stack(0x0000007ce8b00000,0x0000007ce8c00000) (1024K)]
  0x0000026d85e6fa20 JavaThread "Timer-4"                           [_thread_blocked, id=6196, stack(0x0000007ce9200000,0x0000007ce9300000) (1024K)]
  0x0000026d85e700b0 JavaThread "Timer-5"                           [_thread_blocked, id=20104, stack(0x0000007ce9300000,0x0000007ce9400000) (1024K)]
  0x0000026d85e6d950 JavaThread "Timer-6"                           [_thread_blocked, id=20668, stack(0x0000007ce9400000,0x0000007ce9500000) (1024K)]
  0x0000026d873d9bc0 JavaThread "Timer-7"                           [_thread_blocked, id=4840, stack(0x0000007ce9500000,0x0000007ce9600000) (1024K)]
  0x0000026d873d9530 JavaThread "Timer-8"                           [_thread_blocked, id=14980, stack(0x0000007ce7300000,0x0000007ce7400000) (1024K)]
  0x0000026d873db600 JavaThread "Timer-9"                           [_thread_blocked, id=12488, stack(0x0000007ce9600000,0x0000007ce9700000) (1024K)]
  0x0000026d873dc9b0 JavaThread "Timer-10"                          [_thread_blocked, id=20008, stack(0x0000007ce9a00000,0x0000007ce9b00000) (1024K)]
  0x0000026d873df110 JavaThread "Timer-11"                          [_thread_blocked, id=9128, stack(0x0000007ce9e00000,0x0000007ce9f00000) (1024K)]
  0x0000026dfdd1d670 JavaThread "Worker-8"                          [_thread_blocked, id=20552, stack(0x0000007ce7100000,0x0000007ce7200000) (1024K)]
  0x0000026d873dea80 JavaThread "Worker-9"                          [_thread_blocked, id=16916, stack(0x0000007ce5200000,0x0000007ce5300000) (1024K)]
Total: 46

Other Threads:
  0x0000026da3d14810 VMThread "VM Thread"                           [id=8476, stack(0x0000007ce5600000,0x0000007ce5700000) (1024K)]
  0x0000026da3c0ca00 WatcherThread "VM Periodic Task Thread"        [id=14124, stack(0x0000007ce5500000,0x0000007ce5600000) (1024K)]
  0x0000026da3dc8f80 WorkerThread "GC Thread#0"                     [id=2328, stack(0x0000007ce5400000,0x0000007ce5500000) (1024K)]
  0x0000026dfdbee1c0 WorkerThread "GC Thread#1"                     [id=20524, stack(0x0000007ce6300000,0x0000007ce6400000) (1024K)]
  0x0000026dfdbee570 WorkerThread "GC Thread#2"                     [id=13308, stack(0x0000007ce6400000,0x0000007ce6500000) (1024K)]
  0x0000026dfdbee920 WorkerThread "GC Thread#3"                     [id=18532, stack(0x0000007ce6500000,0x0000007ce6600000) (1024K)]
  0x0000026dfdba09f0 WorkerThread "GC Thread#4"                     [id=19884, stack(0x0000007ce6600000,0x0000007ce6700000) (1024K)]
  0x0000026dfdba0da0 WorkerThread "GC Thread#5"                     [id=12008, stack(0x0000007ce6700000,0x0000007ce6800000) (1024K)]
  0x0000026dfdba1150 WorkerThread "GC Thread#6"                     [id=6300, stack(0x0000007ce6800000,0x0000007ce6900000) (1024K)]
  0x0000026dfdab3a60 WorkerThread "GC Thread#7"                     [id=21888, stack(0x0000007ce6900000,0x0000007ce6a00000) (1024K)]
Total: 10

Threads with active compile tasks:
Total: 0

VM state: not at safepoint (normal execution)

VM Mutex/Monitor currently owned by a thread: None

Heap address: 0x0000000080000000, size: 2048 MB, Compressed Oops mode: 32-bit

CDS archive(s) mapped at: [0x0000026dbb000000-0x0000026dbbba0000-0x0000026dbbba0000), size 12189696, SharedBaseAddress: 0x0000026dbb000000, ArchiveRelocationMode: 1.
Compressed class space mapped at: 0x0000026dbc000000-0x0000026dfc000000, reserved size: 1073741824
Narrow klass base: 0x0000026dbb000000, Narrow klass shift: 0, Narrow klass range: 0x100000000

GC Precious Log:
 CardTable entry size: 512
 CPUs: 8 total, 8 available
 Memory: 7971M
 Large Page Support: Disabled
 NUMA Support: Disabled
 Compressed Oops: Enabled (32-bit)
 Alignments: Space 512K, Generation 512K, Heap 2M
 Heap Min Capacity: 100M
 Heap Initial Capacity: 100M
 Heap Max Capacity: 2G
 Pre-touch: Disabled
 Parallel Workers: 8

Heap:
 PSYoungGen      total 3072K, used 746K [0x00000000d5580000, 0x00000000d5980000, 0x0000000100000000)
  eden space 2560K, 10% used [0x00000000d5580000,0x00000000d55c2a38,0x00000000d5800000)
  from space 512K, 93% used [0x00000000d5900000,0x00000000d5978000,0x00000000d5980000)
  to   space 512K, 0% used [0x00000000d5880000,0x00000000d5880000,0x00000000d5900000)
 ParOldGen       total 283136K, used 282882K [0x0000000080000000, 0x0000000091480000, 0x00000000d5580000)
  object space 283136K, 99% used [0x0000000080000000,0x0000000091440a78,0x0000000091480000)
 Metaspace       used 85853K, committed 87552K, reserved 1179648K
  class space    used 10220K, committed 11008K, reserved 1048576K

Card table byte_map: [0x0000026da3720000,0x0000026da3b30000] _byte_map_base: 0x0000026da3320000

Marking Bits: (ParMarkBitMap*) 0x00007ffe94d13450
 Begin Bits: [0x0000026db6230000, 0x0000026db8230000)
 End Bits:   [0x0000026db8230000, 0x0000026dba230000)

Polling page: 0x0000026da1ac0000

Metaspace:

Usage:
  Non-class:     73.86 MB used.
      Class:      9.98 MB used.
       Both:     83.84 MB used.

Virtual space:
  Non-class space:      128.00 MB reserved,      74.75 MB ( 58%) committed,  2 nodes.
      Class space:        1.00 GB reserved,      10.75 MB (  1%) committed,  1 nodes.
             Both:        1.12 GB reserved,      85.50 MB (  7%) committed. 

Chunk freelists:
   Non-Class:  4.96 MB
       Class:  5.29 MB
        Both:  10.25 MB

MaxMetaspaceSize: unlimited
CompressedClassSpaceSize: 1.00 GB
Initial GC threshold: 21.00 MB
Current GC threshold: 97.31 MB
CDS: on
 - commit_granule_bytes: 65536.
 - commit_granule_words: 8192.
 - virtual_space_node_default_size: 8388608.
 - enlarge_chunks_in_place: 1.
 - use_allocation_guard: 0.


Internal statistics:

num_allocs_failed_limit: 9.
num_arena_births: 1508.
num_arena_deaths: 14.
num_vsnodes_births: 3.
num_vsnodes_deaths: 0.
num_space_committed: 1368.
num_space_uncommitted: 0.
num_chunks_returned_to_freelist: 23.
num_chunks_taken_from_freelist: 5470.
num_chunk_merges: 15.
num_chunk_splits: 3340.
num_chunks_enlarged: 1828.
num_inconsistent_stats: 0.

CodeHeap 'non-profiled nmethods': size=120000Kb used=12645Kb max_used=12645Kb free=107354Kb
 bounds [0x0000026daea50000, 0x0000026daf6b0000, 0x0000026db5f80000]
CodeHeap 'profiled nmethods': size=120000Kb used=30955Kb max_used=30955Kb free=89044Kb
 bounds [0x0000026da6f80000, 0x0000026da8dc0000, 0x0000026dae4b0000]
CodeHeap 'non-nmethods': size=5760Kb used=1485Kb max_used=1627Kb free=4274Kb
 bounds [0x0000026dae4b0000, 0x0000026dae720000, 0x0000026daea50000]
CodeCache: size=245760Kb, used=45085Kb, max_used=45227Kb, free=200672Kb
 total_blobs=14276, nmethods=13472, adapters=708, full_count=0
Compilation: enabled, stopped_count=0, restarted_count=0

Compilation events (20 events):
Event: 1280.427 Thread 0x0000026dfd040e50 14184 % !   3       java.util.TimerThread::mainLoop @ 0 (232 bytes)
Event: 1280.435 Thread 0x0000026dfd040e50 nmethod 14184% 0x0000026da8db5f90 code [0x0000026da8db6260, 0x0000026da8db7110]
Event: 1290.926 Thread 0x0000026dfd040e50 14185       1       org.eclipse.jdt.ls.core.internal.LanguageServerApplication::getParentProcessId (5 bytes)
Event: 1290.926 Thread 0x0000026dfd040e50 nmethod 14185 0x0000026daf6a7110 code [0x0000026daf6a72a0, 0x0000026daf6a7368]
Event: 1301.908 Thread 0x0000026dfd040e50 14186   !   3       java.util.TimerThread::mainLoop (232 bytes)
Event: 1301.911 Thread 0x0000026dfd040e50 nmethod 14186 0x0000026da8db7990 code [0x0000026da8db7c40, 0x0000026da8db8a08]
Event: 1439.160 Thread 0x0000026da3d2aaf0 14187       4       java.util.TaskQueue::fixDown (108 bytes)
Event: 1439.162 Thread 0x0000026da3d2aaf0 nmethod 14187 0x0000026daf6a7410 code [0x0000026daf6a75a0, 0x0000026daf6a7658]
Event: 1690.445 Thread 0x0000026dfd040e50 14188       1       com.sun.jna.internal.Cleaner::access$100 (5 bytes)
Event: 1690.448 Thread 0x0000026dfd040e50 nmethod 14188 0x0000026daf6a7710 code [0x0000026daf6a78a0, 0x0000026daf6a7950]
Event: 1841.415 Thread 0x0000026dfd040e50 14189       3       java.util.concurrent.TimeUnit::convert (73 bytes)
Event: 1841.417 Thread 0x0000026dfd040e50 nmethod 14189 0x0000026da8db9290 code [0x0000026da8db94a0, 0x0000026da8db9838]
Event: 2134.655 Thread 0x0000026da3d2aaf0 14190 % !   4       java.util.TimerThread::mainLoop @ 0 (232 bytes)
Event: 2134.719 Thread 0x0000026da3d2aaf0 nmethod 14190% 0x0000026daf6a7a10 code [0x0000026daf6a7c80, 0x0000026daf6a88c8]
Event: 2283.914 Thread 0x0000026dfd040e50 14191       1       org.eclipse.osgi.internal.framework.EquinoxContainer::getStorage (5 bytes)
Event: 2283.918 Thread 0x0000026dfd040e50 nmethod 14191 0x0000026daf6a9290 code [0x0000026daf6a9420, 0x0000026daf6a94e8]
Event: 2511.915 Thread 0x0000026dfd040e50 14192       3       java.util.Optional::get (22 bytes)
Event: 2511.929 Thread 0x0000026dfd040e50 nmethod 14192 0x0000026da8db9a10 code [0x0000026da8db9bc0, 0x0000026da8db9de0]
Event: 2571.960 Thread 0x0000026dfd040e50 14193       3       org.eclipse.jdt.ls.core.internal.ParentProcessWatcher::run (83 bytes)
Event: 2572.074 Thread 0x0000026dfd040e50 nmethod 14193 0x0000026da8db9f10 code [0x0000026da8dba1a0, 0x0000026da8dbac68]

GC Heap History (20 events):
Event: 689.483 GC heap before
{Heap before GC invocations=778 (full 3):
 PSYoungGen      total 2560K, used 2193K [0x00000000d5580000, 0x00000000d5a00000, 0x0000000100000000)
  eden space 1024K, 99% used [0x00000000d5580000,0x00000000d567f008,0x00000000d5680000)
  from space 1536K, 76% used [0x00000000d5800000,0x00000000d5925578,0x00000000d5980000)
  to   space 1536K, 0% used [0x00000000d5680000,0x00000000d5680000,0x00000000d5800000)
 ParOldGen       total 274944K, used 274814K [0x0000000080000000, 0x0000000090c80000, 0x00000000d5580000)
  object space 274944K, 99% used [0x0000000080000000,0x0000000090c5f898,0x0000000090c80000)
 Metaspace       used 85806K, committed 87552K, reserved 1179648K
  class space    used 10216K, committed 11008K, reserved 1048576K
}
Event: 689.485 GC heap after
{Heap after GC invocations=778 (full 3):
 PSYoungGen      total 2560K, used 1132K [0x00000000d5580000, 0x00000000d5a00000, 0x0000000100000000)
  eden space 1024K, 0% used [0x00000000d5580000,0x00000000d5580000,0x00000000d5680000)
  from space 1536K, 73% used [0x00000000d5680000,0x00000000d579b280,0x00000000d5800000)
  to   space 1536K, 0% used [0x00000000d5880000,0x00000000d5880000,0x00000000d5a00000)
 ParOldGen       total 276480K, used 275825K [0x0000000080000000, 0x0000000090e00000, 0x00000000d5580000)
  object space 276480K, 99% used [0x0000000080000000,0x0000000090d5c5c8,0x0000000090e00000)
 Metaspace       used 85806K, committed 87552K, reserved 1179648K
  class space    used 10216K, committed 11008K, reserved 1048576K
}
Event: 689.489 GC heap before
{Heap before GC invocations=779 (full 3):
 PSYoungGen      total 2560K, used 2152K [0x00000000d5580000, 0x00000000d5a00000, 0x0000000100000000)
  eden space 1024K, 99% used [0x00000000d5580000,0x00000000d567f038,0x00000000d5680000)
  from space 1536K, 73% used [0x00000000d5680000,0x00000000d579b280,0x00000000d5800000)
  to   space 1536K, 0% used [0x00000000d5880000,0x00000000d5880000,0x00000000d5a00000)
 ParOldGen       total 276480K, used 275825K [0x0000000080000000, 0x0000000090e00000, 0x00000000d5580000)
  object space 276480K, 99% used [0x0000000080000000,0x0000000090d5c5c8,0x0000000090e00000)
 Metaspace       used 85806K, committed 87552K, reserved 1179648K
  class space    used 10216K, committed 11008K, reserved 1048576K
}
Event: 689.492 GC heap after
{Heap after GC invocations=779 (full 3):
 PSYoungGen      total 2560K, used 876K [0x00000000d5580000, 0x00000000d5980000, 0x0000000100000000)
  eden space 1536K, 0% used [0x00000000d5580000,0x00000000d5580000,0x00000000d5700000)
  from space 1024K, 85% used [0x00000000d5880000,0x00000000d595b248,0x00000000d5980000)
  to   space 1024K, 0% used [0x00000000d5780000,0x00000000d5780000,0x00000000d5880000)
 ParOldGen       total 276992K, used 276774K [0x0000000080000000, 0x0000000090e80000, 0x00000000d5580000)
  object space 276992K, 99% used [0x0000000080000000,0x0000000090e49838,0x0000000090e80000)
 Metaspace       used 85806K, committed 87552K, reserved 1179648K
  class space    used 10216K, committed 11008K, reserved 1048576K
}
Event: 689.501 GC heap before
{Heap before GC invocations=780 (full 3):
 PSYoungGen      total 2560K, used 2412K [0x00000000d5580000, 0x00000000d5980000, 0x0000000100000000)
  eden space 1536K, 100% used [0x00000000d5580000,0x00000000d5700000,0x00000000d5700000)
  from space 1024K, 85% used [0x00000000d5880000,0x00000000d595b248,0x00000000d5980000)
  to   space 1024K, 0% used [0x00000000d5780000,0x00000000d5780000,0x00000000d5880000)
 ParOldGen       total 276992K, used 276774K [0x0000000080000000, 0x0000000090e80000, 0x00000000d5580000)
  object space 276992K, 99% used [0x0000000080000000,0x0000000090e49838,0x0000000090e80000)
 Metaspace       used 85806K, committed 87552K, reserved 1179648K
  class space    used 10216K, committed 11008K, reserved 1048576K
}
Event: 689.504 GC heap after
{Heap after GC invocations=780 (full 3):
 PSYoungGen      total 3072K, used 1011K [0x00000000d5580000, 0x00000000d5b80000, 0x0000000100000000)
  eden space 2048K, 0% used [0x00000000d5580000,0x00000000d5580000,0x00000000d5780000)
  from space 1024K, 98% used [0x00000000d5780000,0x00000000d587cca8,0x00000000d5880000)
  to   space 2048K, 0% used [0x00000000d5980000,0x00000000d5980000,0x00000000d5b80000)
 ParOldGen       total 278016K, used 277546K [0x0000000080000000, 0x0000000090f80000, 0x00000000d5580000)
  object space 278016K, 99% used [0x0000000080000000,0x0000000090f0aa40,0x0000000090f80000)
 Metaspace       used 85806K, committed 87552K, reserved 1179648K
  class space    used 10216K, committed 11008K, reserved 1048576K
}
Event: 689.578 GC heap before
{Heap before GC invocations=781 (full 3):
 PSYoungGen      total 3072K, used 3059K [0x00000000d5580000, 0x00000000d5b80000, 0x0000000100000000)
  eden space 2048K, 100% used [0x00000000d5580000,0x00000000d5780000,0x00000000d5780000)
  from space 1024K, 98% used [0x00000000d5780000,0x00000000d587cca8,0x00000000d5880000)
  to   space 2048K, 0% used [0x00000000d5980000,0x00000000d5980000,0x00000000d5b80000)
 ParOldGen       total 278016K, used 277546K [0x0000000080000000, 0x0000000090f80000, 0x00000000d5580000)
  object space 278016K, 99% used [0x0000000080000000,0x0000000090f0aa40,0x0000000090f80000)
 Metaspace       used 85808K, committed 87552K, reserved 1179648K
  class space    used 10216K, committed 11008K, reserved 1048576K
}
Event: 689.581 GC heap after
{Heap after GC invocations=781 (full 3):
 PSYoungGen      total 4096K, used 1341K [0x00000000d5580000, 0x00000000d5b00000, 0x0000000100000000)
  eden space 2560K, 0% used [0x00000000d5580000,0x00000000d5580000,0x00000000d5800000)
  from space 1536K, 87% used [0x00000000d5980000,0x00000000d5acf4f0,0x00000000d5b00000)
  to   space 1536K, 0% used [0x00000000d5800000,0x00000000d5800000,0x00000000d5980000)
 ParOldGen       total 279040K, used 278553K [0x0000000080000000, 0x0000000091080000, 0x00000000d5580000)
  object space 279040K, 99% used [0x0000000080000000,0x0000000091006668,0x0000000091080000)
 Metaspace       used 85808K, committed 87552K, reserved 1179648K
  class space    used 10216K, committed 11008K, reserved 1048576K
}
Event: 689.598 GC heap before
{Heap before GC invocations=782 (full 3):
 PSYoungGen      total 4096K, used 3901K [0x00000000d5580000, 0x00000000d5b00000, 0x0000000100000000)
  eden space 2560K, 100% used [0x00000000d5580000,0x00000000d5800000,0x00000000d5800000)
  from space 1536K, 87% used [0x00000000d5980000,0x00000000d5acf4f0,0x00000000d5b00000)
  to   space 1536K, 0% used [0x00000000d5800000,0x00000000d5800000,0x00000000d5980000)
 ParOldGen       total 279040K, used 278553K [0x0000000080000000, 0x0000000091080000, 0x00000000d5580000)
  object space 279040K, 99% used [0x0000000080000000,0x0000000091006668,0x0000000091080000)
 Metaspace       used 85810K, committed 87552K, reserved 1179648K
  class space    used 10216K, committed 11008K, reserved 1048576K
}
Event: 689.601 GC heap after
{Heap after GC invocations=782 (full 3):
 PSYoungGen      total 4096K, used 1390K [0x00000000d5580000, 0x00000000d5b00000, 0x0000000100000000)
  eden space 2560K, 0% used [0x00000000d5580000,0x00000000d5580000,0x00000000d5800000)
  from space 1536K, 90% used [0x00000000d5800000,0x00000000d595bb30,0x00000000d5980000)
  to   space 1536K, 0% used [0x00000000d5980000,0x00000000d5980000,0x00000000d5b00000)
 ParOldGen       total 280064K, used 279800K [0x0000000080000000, 0x0000000091180000, 0x00000000d5580000)
  object space 280064K, 99% used [0x0000000080000000,0x000000009113e0f8,0x0000000091180000)
 Metaspace       used 85810K, committed 87552K, reserved 1179648K
  class space    used 10216K, committed 11008K, reserved 1048576K
}
Event: 689.618 GC heap before
{Heap before GC invocations=783 (full 3):
 PSYoungGen      total 4096K, used 3950K [0x00000000d5580000, 0x00000000d5b00000, 0x0000000100000000)
  eden space 2560K, 100% used [0x00000000d5580000,0x00000000d5800000,0x00000000d5800000)
  from space 1536K, 90% used [0x00000000d5800000,0x00000000d595bb30,0x00000000d5980000)
  to   space 1536K, 0% used [0x00000000d5980000,0x00000000d5980000,0x00000000d5b00000)
 ParOldGen       total 280064K, used 279800K [0x0000000080000000, 0x0000000091180000, 0x00000000d5580000)
  object space 280064K, 99% used [0x0000000080000000,0x000000009113e0f8,0x0000000091180000)
 Metaspace       used 85810K, committed 87552K, reserved 1179648K
  class space    used 10216K, committed 11008K, reserved 1048576K
}
Event: 689.621 GC heap after
{Heap after GC invocations=783 (full 3):
 PSYoungGen      total 4096K, used 832K [0x00000000d5580000, 0x00000000d5b00000, 0x0000000100000000)
  eden space 2560K, 0% used [0x00000000d5580000,0x00000000d5580000,0x00000000d5800000)
  from space 1536K, 54% used [0x00000000d5980000,0x00000000d5a50000,0x00000000d5b00000)
  to   space 1536K, 0% used [0x00000000d5800000,0x00000000d5800000,0x00000000d5980000)
 ParOldGen       total 281088K, used 280867K [0x0000000080000000, 0x0000000091280000, 0x00000000d5580000)
  object space 281088K, 99% used [0x0000000080000000,0x0000000091248eb0,0x0000000091280000)
 Metaspace       used 85810K, committed 87552K, reserved 1179648K
  class space    used 10216K, committed 11008K, reserved 1048576K
}
Event: 689.639 GC heap before
{Heap before GC invocations=784 (full 3):
 PSYoungGen      total 4096K, used 3392K [0x00000000d5580000, 0x00000000d5b00000, 0x0000000100000000)
  eden space 2560K, 100% used [0x00000000d5580000,0x00000000d5800000,0x00000000d5800000)
  from space 1536K, 54% used [0x00000000d5980000,0x00000000d5a50000,0x00000000d5b00000)
  to   space 1536K, 0% used [0x00000000d5800000,0x00000000d5800000,0x00000000d5980000)
 ParOldGen       total 281088K, used 280867K [0x0000000080000000, 0x0000000091280000, 0x00000000d5580000)
  object space 281088K, 99% used [0x0000000080000000,0x0000000091248eb0,0x0000000091280000)
 Metaspace       used 85818K, committed 87552K, reserved 1179648K
  class space    used 10218K, committed 11008K, reserved 1048576K
}
Event: 689.641 GC heap after
{Heap after GC invocations=784 (full 3):
 PSYoungGen      total 3584K, used 887K [0x00000000d5580000, 0x00000000d5a00000, 0x0000000100000000)
  eden space 2560K, 0% used [0x00000000d5580000,0x00000000d5580000,0x00000000d5800000)
  from space 1024K, 86% used [0x00000000d5800000,0x00000000d58dde00,0x00000000d5900000)
  to   space 1024K, 0% used [0x00000000d5900000,0x00000000d5900000,0x00000000d5a00000)
 ParOldGen       total 281600K, used 281571K [0x0000000080000000, 0x0000000091300000, 0x00000000d5580000)
  object space 281600K, 99% used [0x0000000080000000,0x00000000912f8eb0,0x0000000091300000)
 Metaspace       used 85818K, committed 87552K, reserved 1179648K
  class space    used 10218K, committed 11008K, reserved 1048576K
}
Event: 689.667 GC heap before
{Heap before GC invocations=785 (full 3):
 PSYoungGen      total 3584K, used 3447K [0x00000000d5580000, 0x00000000d5a00000, 0x0000000100000000)
  eden space 2560K, 100% used [0x00000000d5580000,0x00000000d5800000,0x00000000d5800000)
  from space 1024K, 86% used [0x00000000d5800000,0x00000000d58dde00,0x00000000d5900000)
  to   space 1024K, 0% used [0x00000000d5900000,0x00000000d5900000,0x00000000d5a00000)
 ParOldGen       total 281600K, used 281571K [0x0000000080000000, 0x0000000091300000, 0x00000000d5580000)
  object space 281600K, 99% used [0x0000000080000000,0x00000000912f8eb0,0x0000000091300000)
 Metaspace       used 85822K, committed 87552K, reserved 1179648K
  class space    used 10220K, committed 11008K, reserved 1048576K
}
Event: 689.670 GC heap after
{Heap after GC invocations=785 (full 3):
 PSYoungGen      total 3584K, used 608K [0x00000000d5580000, 0x00000000d5a00000, 0x0000000100000000)
  eden space 2560K, 0% used [0x00000000d5580000,0x00000000d5580000,0x00000000d5800000)
  from space 1024K, 59% used [0x00000000d5900000,0x00000000d5998000,0x00000000d5a00000)
  to   space 1024K, 0% used [0x00000000d5800000,0x00000000d5800000,0x00000000d5900000)
 ParOldGen       total 282112K, used 282084K [0x0000000080000000, 0x0000000091380000, 0x00000000d5580000)
  object space 282112K, 99% used [0x0000000080000000,0x00000000913793f0,0x0000000091380000)
 Metaspace       used 85822K, committed 87552K, reserved 1179648K
  class space    used 10220K, committed 11008K, reserved 1048576K
}
Event: 689.697 GC heap before
{Heap before GC invocations=786 (full 3):
 PSYoungGen      total 3584K, used 3168K [0x00000000d5580000, 0x00000000d5a00000, 0x0000000100000000)
  eden space 2560K, 100% used [0x00000000d5580000,0x00000000d5800000,0x00000000d5800000)
  from space 1024K, 59% used [0x00000000d5900000,0x00000000d5998000,0x00000000d5a00000)
  to   space 1024K, 0% used [0x00000000d5800000,0x00000000d5800000,0x00000000d5900000)
 ParOldGen       total 282112K, used 282084K [0x0000000080000000, 0x0000000091380000, 0x00000000d5580000)
  object space 282112K, 99% used [0x0000000080000000,0x00000000913793f0,0x0000000091380000)
 Metaspace       used 85825K, committed 87552K, reserved 1179648K
  class space    used 10220K, committed 11008K, reserved 1048576K
}
Event: 689.699 GC heap after
{Heap after GC invocations=786 (full 3):
 PSYoungGen      total 3584K, used 512K [0x00000000d5580000, 0x00000000d5a00000, 0x0000000100000000)
  eden space 2560K, 0% used [0x00000000d5580000,0x00000000d5580000,0x00000000d5800000)
  from space 1024K, 50% used [0x00000000d5800000,0x00000000d5880000,0x00000000d5900000)
  to   space 1024K, 0% used [0x00000000d5900000,0x00000000d5900000,0x00000000d5a00000)
 ParOldGen       total 282624K, used 282530K [0x0000000080000000, 0x0000000091400000, 0x00000000d5580000)
  object space 282624K, 99% used [0x0000000080000000,0x00000000913e8a78,0x0000000091400000)
 Metaspace       used 85825K, committed 87552K, reserved 1179648K
  class space    used 10220K, committed 11008K, reserved 1048576K
}
Event: 989.388 GC heap before
{Heap before GC invocations=787 (full 3):
 PSYoungGen      total 3584K, used 3071K [0x00000000d5580000, 0x00000000d5a00000, 0x0000000100000000)
  eden space 2560K, 99% used [0x00000000d5580000,0x00000000d57fff78,0x00000000d5800000)
  from space 1024K, 50% used [0x00000000d5800000,0x00000000d5880000,0x00000000d5900000)
  to   space 1024K, 0% used [0x00000000d5900000,0x00000000d5900000,0x00000000d5a00000)
 ParOldGen       total 282624K, used 282530K [0x0000000080000000, 0x0000000091400000, 0x00000000d5580000)
  object space 282624K, 99% used [0x0000000080000000,0x00000000913e8a78,0x0000000091400000)
 Metaspace       used 85845K, committed 87552K, reserved 1179648K
  class space    used 10220K, committed 11008K, reserved 1048576K
}
Event: 989.395 GC heap after
{Heap after GC invocations=787 (full 3):
 PSYoungGen      total 3072K, used 480K [0x00000000d5580000, 0x00000000d5980000, 0x0000000100000000)
  eden space 2560K, 0% used [0x00000000d5580000,0x00000000d5580000,0x00000000d5800000)
  from space 512K, 93% used [0x00000000d5900000,0x00000000d5978000,0x00000000d5980000)
  to   space 512K, 0% used [0x00000000d5880000,0x00000000d5880000,0x00000000d5900000)
 ParOldGen       total 283136K, used 282882K [0x0000000080000000, 0x0000000091480000, 0x00000000d5580000)
  object space 283136K, 99% used [0x0000000080000000,0x0000000091440a78,0x0000000091480000)
 Metaspace       used 85845K, committed 87552K, reserved 1179648K
  class space    used 10220K, committed 11008K, reserved 1048576K
}

Dll operation events (15 events):
Event: 0.031 Loaded shared library c:\Users\JEREMIE\.antigravity\extensions\redhat.java-1.54.0-win32-x64\jre\21.0.10-win32-x86_64\bin\java.dll
Event: 0.177 Loaded shared library c:\Users\JEREMIE\.antigravity\extensions\redhat.java-1.54.0-win32-x64\jre\21.0.10-win32-x86_64\bin\zip.dll
Event: 0.230 Loaded shared library C:\Users\JEREMIE\.antigravity\extensions\redhat.java-1.54.0-win32-x64\jre\21.0.10-win32-x86_64\bin\instrument.dll
Event: 0.243 Loaded shared library C:\Users\JEREMIE\.antigravity\extensions\redhat.java-1.54.0-win32-x64\jre\21.0.10-win32-x86_64\bin\net.dll
Event: 0.247 Loaded shared library C:\Users\JEREMIE\.antigravity\extensions\redhat.java-1.54.0-win32-x64\jre\21.0.10-win32-x86_64\bin\nio.dll
Event: 0.252 Loaded shared library C:\Users\JEREMIE\.antigravity\extensions\redhat.java-1.54.0-win32-x64\jre\21.0.10-win32-x86_64\bin\zip.dll
Event: 0.292 Loaded shared library C:\Users\JEREMIE\.antigravity\extensions\redhat.java-1.54.0-win32-x64\jre\21.0.10-win32-x86_64\bin\jimage.dll
Event: 0.498 Loaded shared library c:\Users\JEREMIE\.antigravity\extensions\redhat.java-1.54.0-win32-x64\jre\21.0.10-win32-x86_64\bin\verify.dll
Event: 3.798 Loaded shared library C:\Users\JEREMIE\AppData\Roaming\Antigravity\User\globalStorage\redhat.java\1.54.0\config_win\org.eclipse.equinox.launcher\org.eclipse.equinox.launcher.win32.win32.x86_64_1.3.0.v20260203-2149\eclipse_11919.dll
Event: 8.002 Loaded shared library C:\Users\JEREMIE\AppData\Local\Temp\jna--990932293\jna12358732710730962519.dll
Event: 10.725 Loaded shared library C:\Users\JEREMIE\.antigravity\extensions\redhat.java-1.54.0-win32-x64\jre\21.0.10-win32-x86_64\bin\sunmscapi.dll
Event: 10.921 Loaded shared library C:\Users\JEREMIE\.antigravity\extensions\redhat.java-1.54.0-win32-x64\jre\21.0.10-win32-x86_64\bin\extnet.dll
Event: 12.121 Loaded shared library C:\Users\JEREMIE\.gradle\native\68d5fa5c4cc2d200863cafc0d521ce42e7d3e7ee720ec0a83991735586a16f82\windows-amd64\native-platform.dll
Event: 13.736 Loaded shared library C:\Users\JEREMIE\.antigravity\extensions\redhat.java-1.54.0-win32-x64\jre\21.0.10-win32-x86_64\bin\management.dll
Event: 13.743 Loaded shared library C:\Users\JEREMIE\.antigravity\extensions\redhat.java-1.54.0-win32-x64\jre\21.0.10-win32-x86_64\bin\management_ext.dll

Deoptimization events (20 events):
Event: 689.672 Thread 0x0000026d85e6cc30 DEOPT PACKING pc=0x0000026daf632094 sp=0x0000007ce75fc280
Event: 689.672 Thread 0x0000026d85e6cc30 DEOPT UNPACKING pc=0x0000026dae503aa2 sp=0x0000007ce75fc290 mode 2
Event: 689.701 Thread 0x0000026d85e6cc30 Uncommon trap: trap_request=0xffffff45 fr.pc=0x0000026daf613dc0 relative=0x0000000000000180
Event: 689.701 Thread 0x0000026d85e6cc30 Uncommon trap: reason=unstable_if action=reinterpret pc=0x0000026daf613dc0 method=org.eclipse.jdt.internal.compiler.lookup.TypeBinding.original()Lorg/eclipse/jdt/internal/compiler/lookup/TypeBinding; @ 4 c2
Event: 689.701 Thread 0x0000026d85e6cc30 DEOPT PACKING pc=0x0000026daf613dc0 sp=0x0000007ce75fc5a0
Event: 689.701 Thread 0x0000026d85e6cc30 DEOPT UNPACKING pc=0x0000026dae503aa2 sp=0x0000007ce75fc540 mode 2
Event: 689.702 Thread 0x0000026d85e6cc30 Uncommon trap: trap_request=0xffffff45 fr.pc=0x0000026daec49284 relative=0x0000000000000164
Event: 689.702 Thread 0x0000026d85e6cc30 Uncommon trap: reason=unstable_if action=reinterpret pc=0x0000026daec49284 method=java.util.HashMap.getNode(Ljava/lang/Object;)Ljava/util/HashMap$Node; @ 66 c2
Event: 689.702 Thread 0x0000026d85e6cc30 DEOPT PACKING pc=0x0000026daec49284 sp=0x0000007ce75fe740
Event: 689.702 Thread 0x0000026d85e6cc30 DEOPT UNPACKING pc=0x0000026dae503aa2 sp=0x0000007ce75fe5f0 mode 2
Event: 689.705 Thread 0x0000026d85e6cc30 Uncommon trap: trap_request=0xffffff45 fr.pc=0x0000026daeb7f824 relative=0x0000000000000144
Event: 689.705 Thread 0x0000026d85e6cc30 Uncommon trap: reason=unstable_if action=reinterpret pc=0x0000026daeb7f824 method=java.util.HashMap.getNode(Ljava/lang/Object;)Ljava/util/HashMap$Node; @ 66 c2
Event: 689.705 Thread 0x0000026d85e6cc30 DEOPT PACKING pc=0x0000026daeb7f824 sp=0x0000007ce75fd9b0
Event: 689.705 Thread 0x0000026d85e6cc30 DEOPT UNPACKING pc=0x0000026dae503aa2 sp=0x0000007ce75fd8c8 mode 2
Event: 2305.653 Thread 0x0000026d85e6bf10 DEOPT PACKING pc=0x0000026da8db6fab sp=0x0000007ce8bff320
Event: 2305.654 Thread 0x0000026d85e6bf10 DEOPT UNPACKING pc=0x0000026dae504242 sp=0x0000007ce8bfe808 mode 0
Event: 2476.412 Thread 0x0000026d873df110 DEOPT PACKING pc=0x0000026da8db6fab sp=0x0000007ce9eff420
Event: 2476.413 Thread 0x0000026d873df110 DEOPT UNPACKING pc=0x0000026dae504242 sp=0x0000007ce9efe908 mode 0
Event: 2656.794 Thread 0x0000026d873d9530 DEOPT PACKING pc=0x0000026da8db6fab sp=0x0000007ce73ff1f0
Event: 2656.804 Thread 0x0000026d873d9530 DEOPT UNPACKING pc=0x0000026dae504242 sp=0x0000007ce73fe6d8 mode 0

Classes loaded (20 events):
Event: 316.751 Loading class java/util/function/LongFunction
Event: 316.751 Loading class java/util/function/LongFunction done
Event: 316.752 Loading class java/util/stream/Nodes$ConcNode
Event: 316.753 Loading class java/util/stream/Nodes$AbstractConcNode
Event: 316.753 Loading class java/util/stream/Nodes$AbstractConcNode done
Event: 316.753 Loading class java/util/stream/Nodes$ConcNode done
Event: 395.227 Loading class jdk/internal/module/IllegalAccessLogger
Event: 395.227 Loading class jdk/internal/module/IllegalAccessLogger done
Event: 500.418 Loading class java/nio/file/attribute/PosixFileAttributes
Event: 500.418 Loading class java/nio/file/attribute/PosixFileAttributes done
Event: 500.451 Loading class java/nio/file/attribute/PosixFileAttributeView
Event: 500.451 Loading class java/nio/file/attribute/PosixFileAttributeView done
Event: 500.575 Loading class java/nio/file/DirectoryIteratorException
Event: 500.575 Loading class java/nio/file/DirectoryIteratorException done
Event: 500.733 Loading class java/nio/file/FileTreeIterator
Event: 500.733 Loading class java/nio/file/FileTreeIterator done
Event: 577.486 Loading class jdk/internal/module/IllegalAccessLogger
Event: 577.486 Loading class jdk/internal/module/IllegalAccessLogger done
Event: 689.623 Loading class jdk/internal/module/IllegalAccessLogger
Event: 689.623 Loading class jdk/internal/module/IllegalAccessLogger done

Classes unloaded (7 events):
Event: 8.876 Thread 0x0000026da3d14810 Unloading class 0x0000026dbc1a5400 'java/lang/invoke/LambdaForm$MH+0x0000026dbc1a5400'
Event: 8.876 Thread 0x0000026da3d14810 Unloading class 0x0000026dbc1a5000 'java/lang/invoke/LambdaForm$MH+0x0000026dbc1a5000'
Event: 8.876 Thread 0x0000026da3d14810 Unloading class 0x0000026dbc1a4c00 'java/lang/invoke/LambdaForm$MH+0x0000026dbc1a4c00'
Event: 8.876 Thread 0x0000026da3d14810 Unloading class 0x0000026dbc1a4800 'java/lang/invoke/LambdaForm$MH+0x0000026dbc1a4800'
Event: 8.876 Thread 0x0000026da3d14810 Unloading class 0x0000026dbc1a4400 'java/lang/invoke/LambdaForm$BMH+0x0000026dbc1a4400'
Event: 8.876 Thread 0x0000026da3d14810 Unloading class 0x0000026dbc1a4000 'java/lang/invoke/LambdaForm$DMH+0x0000026dbc1a4000'
Event: 8.876 Thread 0x0000026da3d14810 Unloading class 0x0000026dbc1a2c00 'java/lang/invoke/LambdaForm$DMH+0x0000026dbc1a2c00'

Classes redefined (0 events):
No events

Internal exceptions (20 events):
Event: 316.857 Thread 0x0000026d873ddd60 Exception <a 'java/lang/NoSuchMethodError'{0x00000000d5727e28}: 'java.lang.Object java.lang.invoke.DirectMethodHandle$Holder.newInvokeSpecial(java.lang.Object, java.lang.Object, java.lang.Object, java.lang.Object, java.lang.Object, java.lang.Object, java.lang.Object, java.lang.Object)'> (0x00000000d5727e28) 
thrown [s\src\hotspot\share\interpreter\linkResolver.cpp, line 773]
Event: 357.002 Thread 0x0000026dfdd1fdd0 Exception <a 'sun/nio/fs/WindowsException'{0x00000000d55bafa0}> (0x00000000d55bafa0) 
thrown [s\src\hotspot\share\prims\jni.cpp, line 520]
Event: 395.000 Thread 0x0000026dfdd1f0b0 Exception <a 'sun/nio/fs/WindowsException'{0x00000000d5736250}> (0x00000000d5736250) 
thrown [s\src\hotspot\share\prims\jni.cpp, line 520]
Event: 395.098 Thread 0x0000026dfdd1f0b0 Exception <a 'sun/nio/fs/WindowsException'{0x00000000d55e6aa8}> (0x00000000d55e6aa8) 
thrown [s\src\hotspot\share\prims\jni.cpp, line 520]
Event: 432.886 Thread 0x0000026d85e6b1f0 Exception <a 'java/lang/IncompatibleClassChangeError'{0x00000000d5642f28}: Found class java.lang.Object, but interface was expected> (0x00000000d5642f28) 
thrown [s\src\hotspot\share\interpreter\linkResolver.cpp, line 840]
Event: 499.356 Thread 0x0000026dfdd1f740 Exception <a 'java/lang/IncompatibleClassChangeError'{0x00000000d5601418}: Found class java.lang.Object, but interface was expected> (0x00000000d5601418) 
thrown [s\src\hotspot\share\interpreter\linkResolver.cpp, line 840]
Event: 500.837 Thread 0x0000026dfdd1f740 Implicit null exception at 0x0000026daf48e1b3 to 0x0000026daf48fc74
Event: 576.933 Thread 0x0000026dfdd1f0b0 Exception <a 'sun/nio/fs/WindowsException'{0x00000000d5593060}> (0x00000000d5593060) 
thrown [s\src\hotspot\share\prims\jni.cpp, line 520]
Event: 577.029 Thread 0x0000026dfdd1f0b0 Exception <a 'sun/nio/fs/WindowsException'{0x00000000d56a05e0}> (0x00000000d56a05e0) 
thrown [s\src\hotspot\share\prims\jni.cpp, line 520]
Event: 577.103 Thread 0x0000026dfdd1f0b0 Implicit null exception at 0x0000026daf4e7ce0 to 0x0000026daf4e8288
Event: 577.307 Thread 0x0000026d873dea80 Implicit null exception at 0x0000026daebe6a4c to 0x0000026daebe6a92
Event: 577.541 Thread 0x0000026d85e6cc30 Exception <a 'java/lang/NoSuchMethodError'{0x00000000d56777e0}: 'java.lang.Object java.lang.invoke.DirectMethodHandle$Holder.invokeStatic(java.lang.Object, java.lang.Object, int, java.lang.Object, java.lang.Object)'> (0x00000000d56777e0) 
thrown [s\src\hotspot\share\interpreter\linkResolver.cpp, line 773]
Event: 656.860 Thread 0x0000026dfdd1d670 Exception <a 'sun/nio/fs/WindowsException'{0x00000000d567a5e8}> (0x00000000d567a5e8) 
thrown [s\src\hotspot\share\prims\jni.cpp, line 520]
Event: 656.860 Thread 0x0000026dfdd1d670 Exception <a 'sun/nio/fs/WindowsException'{0x00000000d567b0b8}> (0x00000000d567b0b8) 
thrown [s\src\hotspot\share\prims\jni.cpp, line 520]
Event: 689.329 Thread 0x0000026dfdd1f0b0 Exception <a 'sun/nio/fs/WindowsException'{0x00000000d562a888}> (0x00000000d562a888) 
thrown [s\src\hotspot\share\prims\jni.cpp, line 520]
Event: 689.417 Thread 0x0000026dfdd1f0b0 Exception <a 'sun/nio/fs/WindowsException'{0x00000000d5613dc8}> (0x00000000d5613dc8) 
thrown [s\src\hotspot\share\prims\jni.cpp, line 520]
Event: 689.597 Thread 0x0000026d873ddd60 Implicit null exception at 0x0000026daf6091d6 to 0x0000026daf60b5f8
Event: 689.601 Thread 0x0000026d873ddd60 Implicit null exception at 0x0000026daf60dd69 to 0x0000026daf60de5c
Event: 989.352 Thread 0x0000026d873dea80 Exception <a 'sun/nio/fs/WindowsException'{0x00000000d57daad0}> (0x00000000d57daad0) 
thrown [s\src\hotspot\share\prims\jni.cpp, line 520]
Event: 989.352 Thread 0x0000026d873dea80 Exception <a 'sun/nio/fs/WindowsException'{0x00000000d57db358}> (0x00000000d57db358) 
thrown [s\src\hotspot\share\prims\jni.cpp, line 520]

ZGC Phase Switch (0 events):
No events

VM Operations (20 events):
Event: 2165.496 Executing non-safepoint VM operation: HandshakeAllThreads (HandshakeForDeflation)
Event: 2165.496 Executing non-safepoint VM operation: HandshakeAllThreads (HandshakeForDeflation) done
Event: 2165.496 Executing non-safepoint VM operation: RendezvousGCThreads
Event: 2165.496 Executing non-safepoint VM operation: RendezvousGCThreads done
Event: 2406.098 Executing non-safepoint VM operation: HandshakeAllThreads (HandshakeForDeflation)
Event: 2406.098 Executing non-safepoint VM operation: HandshakeAllThreads (HandshakeForDeflation) done
Event: 2406.098 Executing non-safepoint VM operation: RendezvousGCThreads
Event: 2406.098 Executing non-safepoint VM operation: RendezvousGCThreads done
Event: 2526.440 Executing non-safepoint VM operation: HandshakeAllThreads (HandshakeForDeflation)
Event: 2526.440 Executing non-safepoint VM operation: HandshakeAllThreads (HandshakeForDeflation) done
Event: 2526.440 Executing non-safepoint VM operation: RendezvousGCThreads
Event: 2526.440 Executing non-safepoint VM operation: RendezvousGCThreads done
Event: 2586.566 Executing non-safepoint VM operation: HandshakeAllThreads (HandshakeForDeflation)
Event: 2586.566 Executing non-safepoint VM operation: HandshakeAllThreads (HandshakeForDeflation) done
Event: 2586.566 Executing non-safepoint VM operation: RendezvousGCThreads
Event: 2586.566 Executing non-safepoint VM operation: RendezvousGCThreads done
Event: 2706.800 Executing non-safepoint VM operation: HandshakeAllThreads (HandshakeForDeflation)
Event: 2706.800 Executing non-safepoint VM operation: HandshakeAllThreads (HandshakeForDeflation) done
Event: 2706.801 Executing non-safepoint VM operation: RendezvousGCThreads
Event: 2706.801 Executing non-safepoint VM operation: RendezvousGCThreads done

Memory protections (0 events):
No events

Nmethod flushes (20 events):
Event: 14.068 Thread 0x0000026da3d14810 flushing  nmethod 0x0000026da7710990
Event: 14.068 Thread 0x0000026da3d14810 flushing  nmethod 0x0000026da7711f90
Event: 14.068 Thread 0x0000026da3d14810 flushing  nmethod 0x0000026da7718a10
Event: 14.068 Thread 0x0000026da3d14810 flushing  nmethod 0x0000026da773c090
Event: 14.068 Thread 0x0000026da3d14810 flushing  nmethod 0x0000026da7742690
Event: 14.068 Thread 0x0000026da3d14810 flushing  nmethod 0x0000026da77c6690
Event: 14.068 Thread 0x0000026da3d14810 flushing  nmethod 0x0000026da77cc890
Event: 14.068 Thread 0x0000026da3d14810 flushing  nmethod 0x0000026da77dae90
Event: 14.068 Thread 0x0000026da3d14810 flushing  nmethod 0x0000026da77de390
Event: 14.068 Thread 0x0000026da3d14810 flushing  nmethod 0x0000026da77df290
Event: 14.068 Thread 0x0000026da3d14810 flushing  nmethod 0x0000026da77df610
Event: 14.068 Thread 0x0000026da3d14810 flushing  nmethod 0x0000026da77df990
Event: 14.068 Thread 0x0000026da3d14810 flushing  nmethod 0x0000026da780b610
Event: 14.068 Thread 0x0000026da3d14810 flushing  nmethod 0x0000026da7811810
Event: 14.068 Thread 0x0000026da3d14810 flushing  nmethod 0x0000026da7811f10
Event: 14.068 Thread 0x0000026da3d14810 flushing  nmethod 0x0000026da7812510
Event: 14.068 Thread 0x0000026da3d14810 flushing  nmethod 0x0000026da7812e90
Event: 14.068 Thread 0x0000026da3d14810 flushing  nmethod 0x0000026da7816b90
Event: 14.068 Thread 0x0000026da3d14810 flushing  nmethod 0x0000026da784df10
Event: 14.068 Thread 0x0000026da3d14810 flushing  nmethod 0x0000026da785bf90

Events (20 events):
Event: 656.863 Thread 0x0000026dfdd1d670 Thread added: 0x0000026d873da8e0
Event: 656.864 Thread 0x0000026d873da8e0 Thread exited: 0x0000026d873da8e0
Event: 689.425 Thread 0x0000026dfd040e50 Thread added: 0x0000026d877e8dd0
Event: 689.429 Thread 0x0000026dfdd1d670 Thread added: 0x0000026d873dea80
Event: 689.438 Thread 0x0000026dfd040e50 Thread added: 0x0000026d877e5e20
Event: 689.458 Thread 0x0000026d873ddd60 Thread added: 0x0000026dfdd1fdd0
Event: 689.623 Thread 0x0000026d873ddd60 Thread added: 0x0000026d85e6cc30
Event: 695.007 Thread 0x0000026d877e5e20 Thread exited: 0x0000026d877e5e20
Event: 695.140 Thread 0x0000026d873dfe30 Thread exited: 0x0000026d873dfe30
Event: 695.197 Thread 0x0000026d877e8dd0 Thread exited: 0x0000026d877e8dd0
Event: 749.713 Thread 0x0000026d85e6cc30 Thread exited: 0x0000026d85e6cc30
Event: 749.734 Thread 0x0000026d873ddd60 Thread exited: 0x0000026d873ddd60
Event: 877.111 Thread 0x0000026d85e6ed00 Thread exited: 0x0000026d85e6ed00
Event: 877.117 Thread 0x0000026dfdd20460 Thread exited: 0x0000026dfdd20460
Event: 877.117 Thread 0x0000026dfdd1c950 Thread exited: 0x0000026dfdd1c950
Event: 989.339 Thread 0x0000026d873dea80 Thread added: 0x0000026d85e6ed00
Event: 989.340 Thread 0x0000026d85e6ed00 Thread exited: 0x0000026d85e6ed00
Event: 989.355 Thread 0x0000026d873dea80 Thread added: 0x0000026d85e6ed00
Event: 989.357 Thread 0x0000026d85e6ed00 Thread exited: 0x0000026d85e6ed00
Event: 989.467 Thread 0x0000026dfdd1fdd0 Thread exited: 0x0000026dfdd1fdd0


Dynamic libraries:
0x00007ff6f4d70000 - 0x00007ff6f4d7e000 	c:\Users\JEREMIE\.antigravity\extensions\redhat.java-1.54.0-win32-x64\jre\21.0.10-win32-x86_64\bin\java.exe
0x00007fff6bb80000 - 0x00007fff6bde7000 	C:\WINDOWS\SYSTEM32\ntdll.dll
0x00007fff6a000000 - 0x00007fff6a0c9000 	C:\WINDOWS\System32\KERNEL32.DLL
0x00007fff68820000 - 0x00007fff68c11000 	C:\WINDOWS\System32\KERNELBASE.dll
0x00007fff685a0000 - 0x00007fff686eb000 	C:\WINDOWS\System32\ucrtbase.dll
0x00007fff37800000 - 0x00007fff37818000 	c:\Users\JEREMIE\.antigravity\extensions\redhat.java-1.54.0-win32-x64\jre\21.0.10-win32-x86_64\bin\jli.dll
0x00007fff36600000 - 0x00007fff3661e000 	c:\Users\JEREMIE\.antigravity\extensions\redhat.java-1.54.0-win32-x64\jre\21.0.10-win32-x86_64\bin\VCRUNTIME140.dll
0x00007fff6b350000 - 0x00007fff6b515000 	C:\WINDOWS\System32\USER32.dll
0x00007fff69770000 - 0x00007fff69797000 	C:\WINDOWS\System32\win32u.dll
0x00007fff6b520000 - 0x00007fff6b54b000 	C:\WINDOWS\System32\GDI32.dll
0x00007fff686f0000 - 0x00007fff6881b000 	C:\WINDOWS\System32\gdi32full.dll
0x00007fff4c9b0000 - 0x00007fff4cc43000 	C:\WINDOWS\WinSxS\amd64_microsoft.windows.common-controls_6595b64144ccf1df_6.0.26100.8037_none_3e092faae333b53b\COMCTL32.dll
0x00007fff696c0000 - 0x00007fff69763000 	C:\WINDOWS\System32\msvcp_win.dll
0x00007fff6b850000 - 0x00007fff6b8f9000 	C:\WINDOWS\System32\msvcrt.dll
0x00007fff6acc0000 - 0x00007fff6acf1000 	C:\WINDOWS\System32\IMM32.DLL
0x0000000063fd0000 - 0x0000000063fdd000 	C:\Program Files (x86)\360\Total Security\safemon\SafeWrapper.dll
0x00007fff6ba80000 - 0x00007fff6bb3b000 	C:\WINDOWS\System32\ADVAPI32.dll
0x00007fff69960000 - 0x00007fff69a07000 	C:\WINDOWS\System32\sechost.dll
0x00007fff6a0d0000 - 0x00007fff6a1e8000 	C:\WINDOWS\System32\RPCRT4.dll
0x00007fff63690000 - 0x00007fff63795000 	C:\Program Files (x86)\360\Total Security\safemon\libzdtp64.dll
0x00007fff6a450000 - 0x00007fff6abaf000 	C:\WINDOWS\System32\SHELL32.dll
0x00007fff68c20000 - 0x00007fff68d8a000 	C:\WINDOWS\System32\wintypes.dll
0x00007fff69c00000 - 0x00007fff69f82000 	C:\WINDOWS\System32\combase.dll
0x00007fff69f90000 - 0x00007fff69ff7000 	C:\WINDOWS\System32\SHLWAPI.dll
0x00007fff68d90000 - 0x00007fff695f4000 	C:\WINDOWS\System32\Windows.Storage.dll
0x00007fff67d80000 - 0x00007fff67d8b000 	C:\WINDOWS\SYSTEM32\VERSION.dll
0x00007fff50730000 - 0x00007fff5073c000 	c:\Users\JEREMIE\.antigravity\extensions\redhat.java-1.54.0-win32-x64\jre\21.0.10-win32-x86_64\bin\vcruntime140_1.dll
0x00007fff26120000 - 0x00007fff261ad000 	c:\Users\JEREMIE\.antigravity\extensions\redhat.java-1.54.0-win32-x64\jre\21.0.10-win32-x86_64\bin\msvcp140.dll
0x00007ffe94050000 - 0x00007ffe94df1000 	c:\Users\JEREMIE\.antigravity\extensions\redhat.java-1.54.0-win32-x64\jre\21.0.10-win32-x86_64\bin\server\jvm.dll
0x00007fff6b7d0000 - 0x00007fff6b844000 	C:\WINDOWS\System32\WS2_32.dll
0x00007fff682e0000 - 0x00007fff6833e000 	C:\WINDOWS\SYSTEM32\POWRPROF.dll
0x00007fff4f5a0000 - 0x00007fff4f5d5000 	C:\WINDOWS\SYSTEM32\WINMM.dll
0x00007fff682c0000 - 0x00007fff682d4000 	C:\WINDOWS\SYSTEM32\UMPDC.dll
0x00007fff67140000 - 0x00007fff6715b000 	C:\WINDOWS\SYSTEM32\kernel.appcore.dll
0x00007fff37850000 - 0x00007fff3785a000 	c:\Users\JEREMIE\.antigravity\extensions\redhat.java-1.54.0-win32-x64\jre\21.0.10-win32-x86_64\bin\jimage.dll
0x00007fff662b0000 - 0x00007fff664f2000 	C:\WINDOWS\SYSTEM32\DBGHELP.DLL
0x00007fff6a360000 - 0x00007fff6a437000 	C:\WINDOWS\System32\OLEAUT32.dll
0x00007fff42a20000 - 0x00007fff42a5b000 	C:\WINDOWS\SYSTEM32\dbgcore.DLL
0x00007fff684f0000 - 0x00007fff68595000 	C:\WINDOWS\System32\bcryptPrimitives.dll
0x00007fff36a30000 - 0x00007fff36a3f000 	c:\Users\JEREMIE\.antigravity\extensions\redhat.java-1.54.0-win32-x64\jre\21.0.10-win32-x86_64\bin\instrument.dll
0x00007fff33e10000 - 0x00007fff33e30000 	c:\Users\JEREMIE\.antigravity\extensions\redhat.java-1.54.0-win32-x64\jre\21.0.10-win32-x86_64\bin\java.dll
0x00007fff6b900000 - 0x00007fff6b9f7000 	C:\WINDOWS\System32\SHCORE.dll
0x00007fff68380000 - 0x00007fff683a9000 	C:\WINDOWS\SYSTEM32\profapi.dll
0x00007fff33df0000 - 0x00007fff33e08000 	c:\Users\JEREMIE\.antigravity\extensions\redhat.java-1.54.0-win32-x64\jre\21.0.10-win32-x86_64\bin\zip.dll
0x00007fff377f0000 - 0x00007fff37800000 	C:\Users\JEREMIE\.antigravity\extensions\redhat.java-1.54.0-win32-x64\jre\21.0.10-win32-x86_64\bin\net.dll
0x00007fff58500000 - 0x00007fff58627000 	C:\WINDOWS\SYSTEM32\WINHTTP.dll
0x00007fff67690000 - 0x00007fff676fb000 	C:\WINDOWS\system32\mswsock.dll
0x00007fff30f00000 - 0x00007fff30f16000 	C:\Users\JEREMIE\.antigravity\extensions\redhat.java-1.54.0-win32-x64\jre\21.0.10-win32-x86_64\bin\nio.dll
0x00007fff366e0000 - 0x00007fff366f0000 	c:\Users\JEREMIE\.antigravity\extensions\redhat.java-1.54.0-win32-x64\jre\21.0.10-win32-x86_64\bin\verify.dll
0x00007fff1f250000 - 0x00007fff1f295000 	C:\Users\JEREMIE\AppData\Roaming\Antigravity\User\globalStorage\redhat.java\1.54.0\config_win\org.eclipse.equinox.launcher\org.eclipse.equinox.launcher.win32.win32.x86_64_1.3.0.v20260203-2149\eclipse_11919.dll
0x00007fff6ad20000 - 0x00007fff6aeb5000 	C:\WINDOWS\System32\ole32.dll
0x00007fff67a90000 - 0x00007fff67aab000 	C:\WINDOWS\SYSTEM32\CRYPTSP.dll
0x00007fff670a0000 - 0x00007fff670d9000 	C:\WINDOWS\system32\rsaenh.dll
0x00007fff67740000 - 0x00007fff67772000 	C:\WINDOWS\SYSTEM32\USERENV.dll
0x00007fff68350000 - 0x00007fff6837a000 	C:\WINDOWS\SYSTEM32\bcrypt.dll
0x00007fff678f0000 - 0x00007fff678fc000 	C:\WINDOWS\SYSTEM32\CRYPTBASE.dll
0x00007fff66a50000 - 0x00007fff66a83000 	C:\WINDOWS\SYSTEM32\IPHLPAPI.DLL
0x00007fff69920000 - 0x00007fff6992a000 	C:\WINDOWS\System32\NSI.dll
0x00007fff00470000 - 0x00007fff004b9000 	C:\Users\JEREMIE\AppData\Local\Temp\jna--990932293\jna12358732710730962519.dll
0x00007fff6a440000 - 0x00007fff6a448000 	C:\WINDOWS\System32\PSAPI.DLL
0x00007fff583a0000 - 0x00007fff583bd000 	C:\WINDOWS\SYSTEM32\dhcpcsvc6.DLL
0x00007fff58370000 - 0x00007fff58393000 	C:\WINDOWS\SYSTEM32\dhcpcsvc.DLL
0x00007fff36e40000 - 0x00007fff36e4e000 	C:\Users\JEREMIE\.antigravity\extensions\redhat.java-1.54.0-win32-x64\jre\21.0.10-win32-x86_64\bin\sunmscapi.dll
0x00007fff697a0000 - 0x00007fff69917000 	C:\WINDOWS\System32\CRYPT32.dll
0x00007fff67bf0000 - 0x00007fff67c20000 	C:\WINDOWS\SYSTEM32\ncrypt.dll
0x00007fff67ba0000 - 0x00007fff67bdf000 	C:\WINDOWS\SYSTEM32\NTASN1.dll
0x00007fff66c20000 - 0x00007fff66d4a000 	C:\WINDOWS\SYSTEM32\DNSAPI.dll
0x00007fff5c300000 - 0x00007fff5c30b000 	C:\Windows\System32\rasadhlp.dll
0x00007fff55e80000 - 0x00007fff55f06000 	C:\WINDOWS\System32\fwpuclnt.dll
0x00007fff36bd0000 - 0x00007fff36bd9000 	C:\Users\JEREMIE\.antigravity\extensions\redhat.java-1.54.0-win32-x64\jre\21.0.10-win32-x86_64\bin\extnet.dll
0x00007fff30f40000 - 0x00007fff30f67000 	C:\Users\JEREMIE\.gradle\native\68d5fa5c4cc2d200863cafc0d521ce42e7d3e7ee720ec0a83991735586a16f82\windows-amd64\native-platform.dll
0x00007fff33eb0000 - 0x00007fff33eba000 	C:\Users\JEREMIE\.antigravity\extensions\redhat.java-1.54.0-win32-x64\jre\21.0.10-win32-x86_64\bin\management.dll
0x00007fff33470000 - 0x00007fff3347c000 	C:\Users\JEREMIE\.antigravity\extensions\redhat.java-1.54.0-win32-x64\jre\21.0.10-win32-x86_64\bin\management_ext.dll
0x00007fff26ed0000 - 0x00007fff26ed8000 	C:\WINDOWS\system32\wshunix.dll

JVMTI agents:
c:\Users\JEREMIE\.antigravity\extensions\redhat.java-1.54.0-win32-x64\lombok\lombok-1.18.39-4050.jar path:c:\Users\JEREMIE\.antigravity\extensions\redhat.java-1.54.0-win32-x64\jre\21.0.10-win32-x86_64\bin\instrument.dll, loaded, initialized, instrumentlib options:none

dbghelp: loaded successfully - version: 4.0.5 - missing functions: none
symbol engine: initialized successfully - sym options: 0x614 - pdb path: .;c:\Users\JEREMIE\.antigravity\extensions\redhat.java-1.54.0-win32-x64\jre\21.0.10-win32-x86_64\bin;C:\WINDOWS\SYSTEM32;C:\WINDOWS\WinSxS\amd64_microsoft.windows.common-controls_6595b64144ccf1df_6.0.26100.8037_none_3e092faae333b53b;C:\Program Files (x86)\360\Total Security\safemon;c:\Users\JEREMIE\.antigravity\extensions\redhat.java-1.54.0-win32-x64\jre\21.0.10-win32-x86_64\bin\server;C:\Users\JEREMIE\AppData\Roaming\Antigravity\User\globalStorage\redhat.java\1.54.0\config_win\org.eclipse.equinox.launcher\org.eclipse.equinox.launcher.win32.win32.x86_64_1.3.0.v20260203-2149;C:\Users\JEREMIE\AppData\Local\Temp\jna--990932293;C:\Users\JEREMIE\.gradle\native\68d5fa5c4cc2d200863cafc0d521ce42e7d3e7ee720ec0a83991735586a16f82\windows-amd64

VM Arguments:
jvm_args: --add-modules=ALL-SYSTEM --add-opens=java.base/java.util=ALL-UNNAMED --add-opens=java.base/java.lang=ALL-UNNAMED --add-opens=java.base/sun.nio.fs=ALL-UNNAMED -Declipse.application=org.eclipse.jdt.ls.core.id1 -Dosgi.bundles.defaultStartLevel=4 -Declipse.product=org.eclipse.jdt.ls.core.product -Djava.import.generatesMetadataFilesAtProjectRoot=false -DDetectVMInstallationsJob.disabled=true -Dfile.encoding=utf8 -XX:+UseParallelGC -XX:GCTimeRatio=4 -XX:AdaptiveSizePolicyWeight=90 -Dsun.zip.disableMemoryMapping=true -Xmx2G -Xms100m -Xlog:disable -javaagent:c:\Users\JEREMIE\.antigravity\extensions\redhat.java-1.54.0-win32-x64\lombok\lombok-1.18.39-4050.jar -XX:+HeapDumpOnOutOfMemoryError -XX:HeapDumpPath=c:\Users\JEREMIE\AppData\Roaming\Antigravity\User\workspaceStorage\63474e2ec000af6b422a27403d030dcc\redhat.java -Daether.dependencyCollector.impl=bf 
java_command: c:\Users\JEREMIE\.antigravity\extensions\redhat.java-1.54.0-win32-x64\server\plugins\org.eclipse.equinox.launcher_1.7.100.v20251111-0406.jar -configuration c:\Users\JEREMIE\AppData\Roaming\Antigravity\User\globalStorage\redhat.java\1.54.0\config_win -data c:\Users\JEREMIE\AppData\Roaming\Antigravity\User\workspaceStorage\63474e2ec000af6b422a27403d030dcc\redhat.java\jdt_ws --pipe=\\.\pipe\lsp-a22c314d582cefd49c7a4e5412fc657e-sock
java_class_path (initial): c:\Users\JEREMIE\.antigravity\extensions\redhat.java-1.54.0-win32-x64\server\plugins\org.eclipse.equinox.launcher_1.7.100.v20251111-0406.jar
Launcher Type: SUN_STANDARD

[Global flags]
    uintx AdaptiveSizePolicyWeight                 = 90                                        {product} {command line}
     intx CICompilerCount                          = 4                                         {product} {ergonomic}
    uintx GCTimeRatio                              = 4                                         {product} {command line}
     bool HeapDumpOnOutOfMemoryError               = true                                   {manageable} {command line}
    ccstr HeapDumpPath                             = c:\Users\JEREMIE\AppData\Roaming\Antigravity\User\workspaceStorage\63474e2ec000af6b422a27403d030dcc\redhat.java         {manageable} {command line}
   size_t InitialHeapSize                          = 104857600                                 {product} {command line}
   size_t MaxHeapSize                              = 2147483648                                {product} {command line}
   size_t MaxNewSize                               = 715653120                                 {product} {ergonomic}
   size_t MinHeapDeltaBytes                        = 524288                                    {product} {ergonomic}
   size_t MinHeapSize                              = 104857600                                 {product} {command line}
   size_t NewSize                                  = 34603008                                  {product} {ergonomic}
    uintx NonNMethodCodeHeapSize                   = 5839372                                {pd product} {ergonomic}
    uintx NonProfiledCodeHeapSize                  = 122909434                              {pd product} {ergonomic}
   size_t OldSize                                  = 70254592                                  {product} {ergonomic}
    uintx ProfiledCodeHeapSize                     = 122909434                              {pd product} {ergonomic}
    uintx ReservedCodeCacheSize                    = 251658240                              {pd product} {ergonomic}
     bool SegmentedCodeCache                       = true                                      {product} {ergonomic}
   size_t SoftMaxHeapSize                          = 2147483648                             {manageable} {ergonomic}
     bool UseCompressedOops                        = true                           {product lp64_product} {ergonomic}
     bool UseLargePagesIndividualAllocation        = false                                  {pd product} {ergonomic}
     bool UseParallelGC                            = true                                      {product} {command line}

Logging:
Log output configuration:
 #0: stdout all=off uptime,level,tags foldmultilines=false
 #1: stderr all=off uptime,level,tags foldmultilines=false

Release file:
JAVA_VERSION="21.0.10" 
MODULES="java.base java.compiler java.datatransfer java.xml java.prefs java.desktop java.instrument java.logging java.management java.security.sasl java.naming java.rmi java.management.rmi java.net.http java.scripting java.security.jgss java.transaction.xa java.sql java.sql.rowset java.xml.crypto java.se java.smartcardio jdk.accessibility jdk.internal.jvmstat jdk.attach jdk.charsets jdk.internal.opt jdk.zipfs jdk.compiler jdk.crypto.ec jdk.crypto.cryptoki jdk.crypto.mscapi jdk.dynalink jdk.internal.ed jdk.editpad jdk.hotspot.agent jdk.httpserver jdk.internal.le jdk.internal.vm.ci jdk.internal.vm.compiler jdk.internal.vm.compiler.management jdk.jartool jdk.javadoc jdk.jcmd jdk.management jdk.management.agent jdk.jconsole jdk.jdeps jdk.jdwp.agent jdk.jdi jdk.jfr jdk.jshell jdk.jsobject jdk.jstatd jdk.localedata jdk.management.jfr jdk.naming.dns jdk.naming.rmi jdk.net jdk.nio.mapmode jdk.random jdk.sctp jdk.security.auth jdk.security.jgss jdk.unsupported jdk.unsupported.desktop jdk.xml.dom" 

Environment Variables:
JAVA_HOME=E:\Programme\Java\jdk-24
PATH=C:\Program Files\Common Files\Oracle\Java\javapath;E:\Programme\Java\jdk-24\bin;E:\Programme\Vmware\bin\;E:\Programme\Python39\Scripts\;E:\Programme\Python39\;C:\WINDOWS\system32;C:\WINDOWS;C:\WINDOWS\System32\Wbem;C:\WINDOWS\System32\WindowsPowerShell\v1.0\;C:\WINDOWS\System32\OpenSSH\;E:\Programme\flutter\flutter\bin;E:\Programme\platform-tools;E:\Programme\Git\Git\cmd;C:\apktools;C:\Program Files\Docker\Docker\resources\bin;E:\Programme\nodejs\;E:\Programme\python38_32bit\Scripts\;E:\Programme\python38_32bit\;C:\Users\JEREMIE\AppData\Local\Microsoft\WindowsApps;E:\Programme\VSCode\Microsoft VS Code\bin;E:\Programme\MinGW\bin;E:\Programme\flutter\flutter\bin;E:\Programme\jdk;C:\Users\JEREMIE\.lmstudio\bin;E:\Programme\Nmap;C:\Users\JEREMIE\AppData\Local\Programs\Antigravity\bin;C:\Users\JEREMIE\AppData\Local\Microsoft\WindowsApps;C:\Users\JEREMIE\AppData\Roaming\npm;
USERNAME=JEREMIE
OS=Windows_NT
PROCESSOR_IDENTIFIER=Intel64 Family 6 Model 142 Stepping 12, GenuineIntel
TMP=C:\Users\JEREMIE\AppData\Local\Temp
TEMP=C:\Users\JEREMIE\AppData\Local\Temp




Periodic native trim disabled

---------------  S Y S T E M  ---------------

OS:
 Windows 11 , 64 bit Build 26100 (10.0.26100.7920)
OS uptime: 0 days 1:46 hours
Hyper-V role detected

CPU: total 8 (initial active 8) (4 cores per cpu, 2 threads per core) family 6 model 142 stepping 12 microcode 0xfa, cx8, cmov, fxsr, ht, mmx, 3dnowpref, sse, sse2, sse3, ssse3, sse4.1, sse4.2, popcnt, lzcnt, tsc, tscinvbit, avx, avx2, aes, erms, clmul, bmi1, bmi2, adx, fma, vzeroupper, clflush, clflushopt, hv, rdtscp, f16c
Processor Information for the first 8 processors :
  Max Mhz: 1992, Current Mhz: 796, Mhz Limit: 796

Memory: 4k page, system-wide physical 7971M (483M free)
TotalPageFile size 15168M (AvailPageFile size 85M)
current process WorkingSet (physical memory assigned to process): 34M, peak: 574M
current process commit charge ("private bytes"): 646M, peak: 652M

vm_info: OpenJDK 64-Bit Server VM (21.0.10+7-LTS) for windows-amd64 JRE (21.0.10+7-LTS), built on 2026-01-20T00:00:00Z by "admin" with MS VC++ 17.12 (VS2022)

END.
