#
# There is insufficient memory for the Java Runtime Environment to continue.
# Native memory allocation (malloc) failed to allocate 2155664 bytes. Error detail: Chunk::new
# Possible reasons:
#   The system is out of physical RAM or swap space
#   This process is running with CompressedOops enabled, and the Java Heap may be blocking the growth of the native heap
# Possible solutions:
#   Reduce memory load on the system
#   Increase physical memory or swap space
#   Check if swap backing store is full
#   Decrease Java heap size (-Xmx/-Xms)
#   Decrease number of Java threads
#   Decrease Java thread stack sizes (-Xss)
#   Set larger code cache with -XX:ReservedCodeCacheSize=
#   JVM is running with Unscaled Compressed Oops mode in which the Java heap is
#     placed in the first 4GB address space. The Java Heap base address is the
#     maximum limit for the native heap growth. Please use -XX:HeapBaseMinAddress
#     to set the Java Heap base and to place the Java Heap above 4GB virtual address.
# This output file may be truncated or incomplete.
#
#  Out of Memory Error (arena.cpp:168), pid=31644, tid=33452
#
# JRE version: OpenJDK Runtime Environment Temurin-21.0.10+7 (21.0.10+7) (build 21.0.10+7-LTS)
# Java VM: OpenJDK 64-Bit Server VM Temurin-21.0.10+7 (21.0.10+7-LTS, mixed mode, sharing, tiered, compressed oops, compressed class ptrs, g1 gc, windows-amd64)
# No core dump will be written. Minidumps are not enabled by default on client versions of Windows
#

---------------  S U M M A R Y ------------

Command Line: --add-opens=java.base/java.util=ALL-UNNAMED --add-opens=java.base/java.lang=ALL-UNNAMED --add-opens=java.base/java.lang.invoke=ALL-UNNAMED --add-opens=java.prefs/java.util.prefs=ALL-UNNAMED --add-opens=java.base/java.nio.charset=ALL-UNNAMED --add-opens=java.base/java.net=ALL-UNNAMED --add-opens=java.base/java.util.concurrent.atomic=ALL-UNNAMED -XX:MaxMetaspaceSize=384m -XX:+HeapDumpOnOutOfMemoryError -Xms256m -Xmx512m -Dfile.encoding=utf8 -Duser.country=CM -Duser.language=fr -Duser.variant -javaagent:C:\Users\JEREMIE\.gradle\wrapper\dists\gradle-8.3-all\6en3ugtfdg5xnpx44z4qbwgas\gradle-8.3\lib\agents\gradle-instrumentation-agent-8.3.jar org.gradle.launcher.daemon.bootstrap.GradleDaemon 8.3

Host: Intel(R) Core(TM) i7-8565U CPU @ 1.80GHz, 8 cores, 7G,  Windows 11 , 64 bit Build 26100 (10.0.26100.7920)
Time: Mon May 25 10:34:25 2026 Afr. centrale Ouest elapsed time: 5.386980 seconds (0d 0h 0m 5s)

---------------  T H R E A D  ---------------

Current thread (0x0000023a004382a0):  JavaThread "C2 CompilerThread1" daemon [_thread_in_native, id=33452, stack(0x0000006733100000,0x0000006733200000) (1024K)]


Current CompileTask:
C2:5387 2699   !   4       java.lang.ClassLoader::loadClass (121 bytes)

Stack: [0x0000006733100000,0x0000006733200000]
Native frames: (J=compiled Java code, j=interpreted, Vv=VM code, C=native code)
V  [jvm.dll+0x6d7a39]
V  [jvm.dll+0x8b4b26]
V  [jvm.dll+0x8b70de]
V  [jvm.dll+0x8b77c3]
V  [jvm.dll+0x284346]
V  [jvm.dll+0xc66ed]
V  [jvm.dll+0xc6c31]
V  [jvm.dll+0x3bec3b]
V  [jvm.dll+0x1e3f69]
V  [jvm.dll+0x24c6b3]
V  [jvm.dll+0x24bb40]
V  [jvm.dll+0x1cb34e]
V  [jvm.dll+0x25b85d]
V  [jvm.dll+0x259dea]
V  [jvm.dll+0x3f857e]
V  [jvm.dll+0x85f59d]
V  [jvm.dll+0x6d626d]
C  [ucrtbase.dll+0x37b0]
C  [KERNEL32.DLL+0x2e8d7]
C  [ntdll.dll+0x8c48c]


---------------  P R O C E S S  ---------------

Threads class SMR info:
_java_thread_list=0x0000023a00509080, length=25, elements={
0x0000023a4f56fbd0, 0x0000023a6497cfa0, 0x0000023a6497f620, 0x0000023a649802a0,
0x0000023a64980910, 0x0000023a649853a0, 0x0000023a7a0a1f20, 0x0000023a7a0a28c0,
0x0000023a6499ad40, 0x0000023a7a266f00, 0x0000023a7a287af0, 0x0000023a002017d0,
0x0000023a7fc6e960, 0x0000023a7f34ee10, 0x0000023a7f396fe0, 0x0000023a7abbc3d0,
0x0000023a00378bb0, 0x0000023a7f986760, 0x0000023a00291d10, 0x0000023a00293750,
0x0000023a00293de0, 0x0000023a002923a0, 0x0000023a00290960, 0x0000023a00290ff0,
0x0000023a004382a0
}

Java Threads: ( => current thread )
  0x0000023a4f56fbd0 JavaThread "main"                              [_thread_blocked, id=31204, stack(0x0000006730d00000,0x0000006730e00000) (1024K)]
  0x0000023a6497cfa0 JavaThread "Reference Handler"          daemon [_thread_blocked, id=34304, stack(0x0000006731500000,0x0000006731600000) (1024K)]
  0x0000023a6497f620 JavaThread "Finalizer"                  daemon [_thread_blocked, id=19012, stack(0x0000006731600000,0x0000006731700000) (1024K)]
  0x0000023a649802a0 JavaThread "Signal Dispatcher"          daemon [_thread_blocked, id=11796, stack(0x0000006731700000,0x0000006731800000) (1024K)]
  0x0000023a64980910 JavaThread "Attach Listener"            daemon [_thread_blocked, id=17160, stack(0x0000006731800000,0x0000006731900000) (1024K)]
  0x0000023a649853a0 JavaThread "Service Thread"             daemon [_thread_blocked, id=29940, stack(0x0000006731900000,0x0000006731a00000) (1024K)]
  0x0000023a7a0a1f20 JavaThread "Monitor Deflation Thread"   daemon [_thread_blocked, id=29544, stack(0x0000006731a00000,0x0000006731b00000) (1024K)]
  0x0000023a7a0a28c0 JavaThread "C2 CompilerThread0"         daemon [_thread_blocked, id=10388, stack(0x0000006731b00000,0x0000006731c00000) (1024K)]
  0x0000023a6499ad40 JavaThread "C1 CompilerThread0"         daemon [_thread_blocked, id=7780, stack(0x0000006731c00000,0x0000006731d00000) (1024K)]
  0x0000023a7a266f00 JavaThread "Common-Cleaner"             daemon [_thread_blocked, id=34048, stack(0x0000006731d00000,0x0000006731e00000) (1024K)]
  0x0000023a7a287af0 JavaThread "Notification Thread"        daemon [_thread_blocked, id=16888, stack(0x0000006731e00000,0x0000006731f00000) (1024K)]
  0x0000023a002017d0 JavaThread "Daemon health stats"               [_thread_blocked, id=33472, stack(0x0000006732500000,0x0000006732600000) (1024K)]
  0x0000023a7fc6e960 JavaThread "Incoming local TCP Connector on port 44709"        [_thread_in_native, id=28824, stack(0x0000006732600000,0x0000006732700000) (1024K)]
  0x0000023a7f34ee10 JavaThread "Daemon periodic checks"            [_thread_blocked, id=28044, stack(0x0000006732700000,0x0000006732800000) (1024K)]
  0x0000023a7f396fe0 JavaThread "Daemon"                            [_thread_blocked, id=14084, stack(0x0000006732800000,0x0000006732900000) (1024K)]
  0x0000023a7abbc3d0 JavaThread "Handler for socket connection from /127.0.0.1:44709 to /127.0.0.1:44710"        [_thread_in_native, id=33052, stack(0x0000006732900000,0x0000006732a00000) (1024K)]
  0x0000023a00378bb0 JavaThread "Cancel handler"                    [_thread_blocked, id=32360, stack(0x0000006732a00000,0x0000006732b00000) (1024K)]
  0x0000023a7f986760 JavaThread "Daemon worker"                     [_thread_in_vm, id=14192, stack(0x0000006732b00000,0x0000006732c00000) (1024K)]
  0x0000023a00291d10 JavaThread "Asynchronous log dispatcher for DefaultDaemonConnection: socket connection from /127.0.0.1:44709 to /127.0.0.1:44710"        [_thread_blocked, id=31476, stack(0x0000006732c00000,0x0000006732d00000) (1024K)]
  0x0000023a00293750 JavaThread "Stdin handler"                     [_thread_blocked, id=26356, stack(0x0000006732d00000,0x0000006732e00000) (1024K)]
  0x0000023a00293de0 JavaThread "Daemon client event forwarder"        [_thread_blocked, id=27252, stack(0x0000006732e00000,0x0000006732f00000) (1024K)]
  0x0000023a002923a0 JavaThread "Cache worker for journal cache (C:\Users\JEREMIE\.gradle\caches\journal-1)"        [_thread_blocked, id=33172, stack(0x0000006731f00000,0x0000006732000000) (1024K)]
  0x0000023a00290960 JavaThread "File lock request listener"        [_thread_in_native, id=29296, stack(0x0000006732f00000,0x0000006733000000) (1024K)]
  0x0000023a00290ff0 JavaThread "Cache worker for file hash cache (C:\Users\JEREMIE\.gradle\caches\8.3\fileHashes)"        [_thread_blocked, id=3552, stack(0x0000006733000000,0x0000006733100000) (1024K)]
=>0x0000023a004382a0 JavaThread "C2 CompilerThread1"         daemon [_thread_in_native, id=33452, stack(0x0000006733100000,0x0000006733200000) (1024K)]
Total: 25

Other Threads:
  0x0000023a64967d80 VMThread "VM Thread"                           [id=1628, stack(0x0000006731400000,0x0000006731500000) (1024K)]
  0x0000023a7a0819e0 WatcherThread "VM Periodic Task Thread"        [id=6052, stack(0x0000006731300000,0x0000006731400000) (1024K)]
  0x0000023a4f598ee0 WorkerThread "GC Thread#0"                     [id=6436, stack(0x0000006730e00000,0x0000006730f00000) (1024K)]
  0x0000023a7f378490 WorkerThread "GC Thread#1"                     [id=26096, stack(0x0000006732000000,0x0000006732100000) (1024K)]
  0x0000023a7f378840 WorkerThread "GC Thread#2"                     [id=26856, stack(0x0000006732100000,0x0000006732200000) (1024K)]
  0x0000023a7ab9f790 WorkerThread "GC Thread#3"                     [id=29708, stack(0x0000006732200000,0x0000006732300000) (1024K)]
  0x0000023a7ab9fb40 WorkerThread "GC Thread#4"                     [id=11104, stack(0x0000006732300000,0x0000006732400000) (1024K)]
  0x0000023a7ab9fef0 WorkerThread "GC Thread#5"                     [id=33128, stack(0x0000006732400000,0x0000006732500000) (1024K)]
  0x0000023a4f59dde0 ConcurrentGCThread "G1 Main Marker"            [id=26748, stack(0x0000006730f00000,0x0000006731000000) (1024K)]
  0x0000023a4f5a26c0 WorkerThread "G1 Conc#0"                       [id=30912, stack(0x0000006731000000,0x0000006731100000) (1024K)]
  0x0000023a4f5ee650 ConcurrentGCThread "G1 Refine#0"               [id=13920, stack(0x0000006731100000,0x0000006731200000) (1024K)]
  0x0000023a4f5eea90 ConcurrentGCThread "G1 Service"                [id=33236, stack(0x0000006731200000,0x0000006731300000) (1024K)]
Total: 12

Threads with active compile tasks:
C2 CompilerThread0  5467 2973       4       java.lang.String::equalsIgnoreCase (45 bytes)
C2 CompilerThread1  5467 2699   !   4       java.lang.ClassLoader::loadClass (121 bytes)
Total: 2

VM state: not at safepoint (normal execution)

VM Mutex/Monitor currently owned by a thread: None

Heap address: 0x00000000e0000000, size: 512 MB, Compressed Oops mode: 32-bit

CDS archive(s) mapped at: [0x0000023a65000000-0x0000023a65ba0000-0x0000023a65ba0000), size 12189696, SharedBaseAddress: 0x0000023a65000000, ArchiveRelocationMode: 1.
Compressed class space mapped at: 0x0000023a66000000-0x0000023a7a000000, reserved size: 335544320
Narrow klass base: 0x0000023a65000000, Narrow klass shift: 0, Narrow klass range: 0x100000000

GC Precious Log:
 CardTable entry size: 512
 Card Set container configuration: InlinePtr #cards 5 size 8 Array Of Cards #cards 12 size 40 Howl #buckets 4 coarsen threshold 1843 Howl Bitmap #cards 512 size 80 coarsen threshold 460 Card regions per heap region 1 cards per card region 2048
 CPUs: 8 total, 8 available
 Memory: 7971M
 Large Page Support: Disabled
 NUMA Support: Disabled
 Compressed Oops: Enabled (32-bit)
 Heap Region Size: 1M
 Heap Min Capacity: 256M
 Heap Initial Capacity: 256M
 Heap Max Capacity: 512M
 Pre-touch: Disabled
 Parallel Workers: 8
 Concurrent Workers: 2
 Concurrent Refinement Workers: 8
 Periodic GC: Disabled

Heap:
 garbage-first heap   total 262144K, used 113112K [0x00000000e0000000, 0x0000000100000000)
  region size 1024K, 102 young (104448K), 3 survivors (3072K)
 Metaspace       used 20279K, committed 20928K, reserved 393216K
  class space    used 3048K, committed 3328K, reserved 327680K

Heap Regions: E=young(eden), S=young(survivor), O=old, HS=humongous(starts), HC=humongous(continues), CS=collection set, F=free, TAMS=top-at-mark-start, PB=parsable bottom
|   0|0x00000000e0000000, 0x00000000e0100000, 0x00000000e0100000|100%|HS|  |TAMS 0x00000000e0000000| PB 0x00000000e0000000| Complete 
|   1|0x00000000e0100000, 0x00000000e0200000, 0x00000000e0200000|100%|HC|  |TAMS 0x00000000e0100000| PB 0x00000000e0100000| Complete 
|   2|0x00000000e0200000, 0x00000000e0300000, 0x00000000e0300000|100%|HC|  |TAMS 0x00000000e0200000| PB 0x00000000e0200000| Complete 
|   3|0x00000000e0300000, 0x00000000e0400000, 0x00000000e0400000|100%|HC|  |TAMS 0x00000000e0300000| PB 0x00000000e0300000| Complete 
|   4|0x00000000e0400000, 0x00000000e0500000, 0x00000000e0500000|100%| O|  |TAMS 0x00000000e0400000| PB 0x00000000e0400000| Untracked 
|   5|0x00000000e0500000, 0x00000000e0600000, 0x00000000e0600000|100%| O|  |TAMS 0x00000000e0500000| PB 0x00000000e0500000| Untracked 
|   6|0x00000000e0600000, 0x00000000e0700000, 0x00000000e0700000|100%| O|  |TAMS 0x00000000e0600000| PB 0x00000000e0600000| Untracked 
|   7|0x00000000e0700000, 0x00000000e0800000, 0x00000000e0800000|100%| O|  |TAMS 0x00000000e0700000| PB 0x00000000e0700000| Untracked 
|   8|0x00000000e0800000, 0x00000000e0800000, 0x00000000e0900000|  0%| F|  |TAMS 0x00000000e0800000| PB 0x00000000e0800000| Untracked 
|   9|0x00000000e0900000, 0x00000000e0a00000, 0x00000000e0a00000|100%| O|  |TAMS 0x00000000e0900000| PB 0x00000000e0900000| Untracked 
|  10|0x00000000e0a00000, 0x00000000e0b00000, 0x00000000e0b00000|100%| O|  |TAMS 0x00000000e0a00000| PB 0x00000000e0a00000| Untracked 
|  11|0x00000000e0b00000, 0x00000000e0b34ef8, 0x00000000e0c00000| 20%| O|  |TAMS 0x00000000e0b00000| PB 0x00000000e0b00000| Untracked 
|  12|0x00000000e0c00000, 0x00000000e0c00000, 0x00000000e0d00000|  0%| F|  |TAMS 0x00000000e0c00000| PB 0x00000000e0c00000| Untracked 
|  13|0x00000000e0d00000, 0x00000000e0d00000, 0x00000000e0e00000|  0%| F|  |TAMS 0x00000000e0d00000| PB 0x00000000e0d00000| Untracked 
|  14|0x00000000e0e00000, 0x00000000e0e00000, 0x00000000e0f00000|  0%| F|  |TAMS 0x00000000e0e00000| PB 0x00000000e0e00000| Untracked 
|  15|0x00000000e0f00000, 0x00000000e0f00000, 0x00000000e1000000|  0%| F|  |TAMS 0x00000000e0f00000| PB 0x00000000e0f00000| Untracked 
|  16|0x00000000e1000000, 0x00000000e1000000, 0x00000000e1100000|  0%| F|  |TAMS 0x00000000e1000000| PB 0x00000000e1000000| Untracked 
|  17|0x00000000e1100000, 0x00000000e1100000, 0x00000000e1200000|  0%| F|  |TAMS 0x00000000e1100000| PB 0x00000000e1100000| Untracked 
|  18|0x00000000e1200000, 0x00000000e1200000, 0x00000000e1300000|  0%| F|  |TAMS 0x00000000e1200000| PB 0x00000000e1200000| Untracked 
|  19|0x00000000e1300000, 0x00000000e1300000, 0x00000000e1400000|  0%| F|  |TAMS 0x00000000e1300000| PB 0x00000000e1300000| Untracked 
|  20|0x00000000e1400000, 0x00000000e1400000, 0x00000000e1500000|  0%| F|  |TAMS 0x00000000e1400000| PB 0x00000000e1400000| Untracked 
|  21|0x00000000e1500000, 0x00000000e1500000, 0x00000000e1600000|  0%| F|  |TAMS 0x00000000e1500000| PB 0x00000000e1500000| Untracked 
|  22|0x00000000e1600000, 0x00000000e1600000, 0x00000000e1700000|  0%| F|  |TAMS 0x00000000e1600000| PB 0x00000000e1600000| Untracked 
|  23|0x00000000e1700000, 0x00000000e1700000, 0x00000000e1800000|  0%| F|  |TAMS 0x00000000e1700000| PB 0x00000000e1700000| Untracked 
|  24|0x00000000e1800000, 0x00000000e1800000, 0x00000000e1900000|  0%| F|  |TAMS 0x00000000e1800000| PB 0x00000000e1800000| Untracked 
|  25|0x00000000e1900000, 0x00000000e1900000, 0x00000000e1a00000|  0%| F|  |TAMS 0x00000000e1900000| PB 0x00000000e1900000| Untracked 
|  26|0x00000000e1a00000, 0x00000000e1a00000, 0x00000000e1b00000|  0%| F|  |TAMS 0x00000000e1a00000| PB 0x00000000e1a00000| Untracked 
|  27|0x00000000e1b00000, 0x00000000e1b00000, 0x00000000e1c00000|  0%| F|  |TAMS 0x00000000e1b00000| PB 0x00000000e1b00000| Untracked 
|  28|0x00000000e1c00000, 0x00000000e1c00000, 0x00000000e1d00000|  0%| F|  |TAMS 0x00000000e1c00000| PB 0x00000000e1c00000| Untracked 
|  29|0x00000000e1d00000, 0x00000000e1d00000, 0x00000000e1e00000|  0%| F|  |TAMS 0x00000000e1d00000| PB 0x00000000e1d00000| Untracked 
|  30|0x00000000e1e00000, 0x00000000e1e00000, 0x00000000e1f00000|  0%| F|  |TAMS 0x00000000e1e00000| PB 0x00000000e1e00000| Untracked 
|  31|0x00000000e1f00000, 0x00000000e1f00000, 0x00000000e2000000|  0%| F|  |TAMS 0x00000000e1f00000| PB 0x00000000e1f00000| Untracked 
|  32|0x00000000e2000000, 0x00000000e2000000, 0x00000000e2100000|  0%| F|  |TAMS 0x00000000e2000000| PB 0x00000000e2000000| Untracked 
|  33|0x00000000e2100000, 0x00000000e2100000, 0x00000000e2200000|  0%| F|  |TAMS 0x00000000e2100000| PB 0x00000000e2100000| Untracked 
|  34|0x00000000e2200000, 0x00000000e2200000, 0x00000000e2300000|  0%| F|  |TAMS 0x00000000e2200000| PB 0x00000000e2200000| Untracked 
|  35|0x00000000e2300000, 0x00000000e2300000, 0x00000000e2400000|  0%| F|  |TAMS 0x00000000e2300000| PB 0x00000000e2300000| Untracked 
|  36|0x00000000e2400000, 0x00000000e2400000, 0x00000000e2500000|  0%| F|  |TAMS 0x00000000e2400000| PB 0x00000000e2400000| Untracked 
|  37|0x00000000e2500000, 0x00000000e2500000, 0x00000000e2600000|  0%| F|  |TAMS 0x00000000e2500000| PB 0x00000000e2500000| Untracked 
|  38|0x00000000e2600000, 0x00000000e2600000, 0x00000000e2700000|  0%| F|  |TAMS 0x00000000e2600000| PB 0x00000000e2600000| Untracked 
|  39|0x00000000e2700000, 0x00000000e2700000, 0x00000000e2800000|  0%| F|  |TAMS 0x00000000e2700000| PB 0x00000000e2700000| Untracked 
|  40|0x00000000e2800000, 0x00000000e2800000, 0x00000000e2900000|  0%| F|  |TAMS 0x00000000e2800000| PB 0x00000000e2800000| Untracked 
|  41|0x00000000e2900000, 0x00000000e2900000, 0x00000000e2a00000|  0%| F|  |TAMS 0x00000000e2900000| PB 0x00000000e2900000| Untracked 
|  42|0x00000000e2a00000, 0x00000000e2a00000, 0x00000000e2b00000|  0%| F|  |TAMS 0x00000000e2a00000| PB 0x00000000e2a00000| Untracked 
|  43|0x00000000e2b00000, 0x00000000e2b00000, 0x00000000e2c00000|  0%| F|  |TAMS 0x00000000e2b00000| PB 0x00000000e2b00000| Untracked 
|  44|0x00000000e2c00000, 0x00000000e2c00000, 0x00000000e2d00000|  0%| F|  |TAMS 0x00000000e2c00000| PB 0x00000000e2c00000| Untracked 
|  45|0x00000000e2d00000, 0x00000000e2d00000, 0x00000000e2e00000|  0%| F|  |TAMS 0x00000000e2d00000| PB 0x00000000e2d00000| Untracked 
|  46|0x00000000e2e00000, 0x00000000e2e00000, 0x00000000e2f00000|  0%| F|  |TAMS 0x00000000e2e00000| PB 0x00000000e2e00000| Untracked 
|  47|0x00000000e2f00000, 0x00000000e2f00000, 0x00000000e3000000|  0%| F|  |TAMS 0x00000000e2f00000| PB 0x00000000e2f00000| Untracked 
|  48|0x00000000e3000000, 0x00000000e3000000, 0x00000000e3100000|  0%| F|  |TAMS 0x00000000e3000000| PB 0x00000000e3000000| Untracked 
|  49|0x00000000e3100000, 0x00000000e3100000, 0x00000000e3200000|  0%| F|  |TAMS 0x00000000e3100000| PB 0x00000000e3100000| Untracked 
|  50|0x00000000e3200000, 0x00000000e3200000, 0x00000000e3300000|  0%| F|  |TAMS 0x00000000e3200000| PB 0x00000000e3200000| Untracked 
|  51|0x00000000e3300000, 0x00000000e3300000, 0x00000000e3400000|  0%| F|  |TAMS 0x00000000e3300000| PB 0x00000000e3300000| Untracked 
|  52|0x00000000e3400000, 0x00000000e3400000, 0x00000000e3500000|  0%| F|  |TAMS 0x00000000e3400000| PB 0x00000000e3400000| Untracked 
|  53|0x00000000e3500000, 0x00000000e3500000, 0x00000000e3600000|  0%| F|  |TAMS 0x00000000e3500000| PB 0x00000000e3500000| Untracked 
|  54|0x00000000e3600000, 0x00000000e3600000, 0x00000000e3700000|  0%| F|  |TAMS 0x00000000e3600000| PB 0x00000000e3600000| Untracked 
|  55|0x00000000e3700000, 0x00000000e3700000, 0x00000000e3800000|  0%| F|  |TAMS 0x00000000e3700000| PB 0x00000000e3700000| Untracked 
|  56|0x00000000e3800000, 0x00000000e3800000, 0x00000000e3900000|  0%| F|  |TAMS 0x00000000e3800000| PB 0x00000000e3800000| Untracked 
|  57|0x00000000e3900000, 0x00000000e3900000, 0x00000000e3a00000|  0%| F|  |TAMS 0x00000000e3900000| PB 0x00000000e3900000| Untracked 
|  58|0x00000000e3a00000, 0x00000000e3a00000, 0x00000000e3b00000|  0%| F|  |TAMS 0x00000000e3a00000| PB 0x00000000e3a00000| Untracked 
|  59|0x00000000e3b00000, 0x00000000e3b00000, 0x00000000e3c00000|  0%| F|  |TAMS 0x00000000e3b00000| PB 0x00000000e3b00000| Untracked 
|  60|0x00000000e3c00000, 0x00000000e3c00000, 0x00000000e3d00000|  0%| F|  |TAMS 0x00000000e3c00000| PB 0x00000000e3c00000| Untracked 
|  61|0x00000000e3d00000, 0x00000000e3d00000, 0x00000000e3e00000|  0%| F|  |TAMS 0x00000000e3d00000| PB 0x00000000e3d00000| Untracked 
|  62|0x00000000e3e00000, 0x00000000e3e00000, 0x00000000e3f00000|  0%| F|  |TAMS 0x00000000e3e00000| PB 0x00000000e3e00000| Untracked 
|  63|0x00000000e3f00000, 0x00000000e3f00000, 0x00000000e4000000|  0%| F|  |TAMS 0x00000000e3f00000| PB 0x00000000e3f00000| Untracked 
|  64|0x00000000e4000000, 0x00000000e4000000, 0x00000000e4100000|  0%| F|  |TAMS 0x00000000e4000000| PB 0x00000000e4000000| Untracked 
|  65|0x00000000e4100000, 0x00000000e4100000, 0x00000000e4200000|  0%| F|  |TAMS 0x00000000e4100000| PB 0x00000000e4100000| Untracked 
|  66|0x00000000e4200000, 0x00000000e4200000, 0x00000000e4300000|  0%| F|  |TAMS 0x00000000e4200000| PB 0x00000000e4200000| Untracked 
|  67|0x00000000e4300000, 0x00000000e4300000, 0x00000000e4400000|  0%| F|  |TAMS 0x00000000e4300000| PB 0x00000000e4300000| Untracked 
|  68|0x00000000e4400000, 0x00000000e4400000, 0x00000000e4500000|  0%| F|  |TAMS 0x00000000e4400000| PB 0x00000000e4400000| Untracked 
|  69|0x00000000e4500000, 0x00000000e4500000, 0x00000000e4600000|  0%| F|  |TAMS 0x00000000e4500000| PB 0x00000000e4500000| Untracked 
|  70|0x00000000e4600000, 0x00000000e4600000, 0x00000000e4700000|  0%| F|  |TAMS 0x00000000e4600000| PB 0x00000000e4600000| Untracked 
|  71|0x00000000e4700000, 0x00000000e4700000, 0x00000000e4800000|  0%| F|  |TAMS 0x00000000e4700000| PB 0x00000000e4700000| Untracked 
|  72|0x00000000e4800000, 0x00000000e4800000, 0x00000000e4900000|  0%| F|  |TAMS 0x00000000e4800000| PB 0x00000000e4800000| Untracked 
|  73|0x00000000e4900000, 0x00000000e4900000, 0x00000000e4a00000|  0%| F|  |TAMS 0x00000000e4900000| PB 0x00000000e4900000| Untracked 
|  74|0x00000000e4a00000, 0x00000000e4a00000, 0x00000000e4b00000|  0%| F|  |TAMS 0x00000000e4a00000| PB 0x00000000e4a00000| Untracked 
|  75|0x00000000e4b00000, 0x00000000e4b00000, 0x00000000e4c00000|  0%| F|  |TAMS 0x00000000e4b00000| PB 0x00000000e4b00000| Untracked 
|  76|0x00000000e4c00000, 0x00000000e4c00000, 0x00000000e4d00000|  0%| F|  |TAMS 0x00000000e4c00000| PB 0x00000000e4c00000| Untracked 
|  77|0x00000000e4d00000, 0x00000000e4d00000, 0x00000000e4e00000|  0%| F|  |TAMS 0x00000000e4d00000| PB 0x00000000e4d00000| Untracked 
|  78|0x00000000e4e00000, 0x00000000e4e00000, 0x00000000e4f00000|  0%| F|  |TAMS 0x00000000e4e00000| PB 0x00000000e4e00000| Untracked 
|  79|0x00000000e4f00000, 0x00000000e4f00000, 0x00000000e5000000|  0%| F|  |TAMS 0x00000000e4f00000| PB 0x00000000e4f00000| Untracked 
|  80|0x00000000e5000000, 0x00000000e5000000, 0x00000000e5100000|  0%| F|  |TAMS 0x00000000e5000000| PB 0x00000000e5000000| Untracked 
|  81|0x00000000e5100000, 0x00000000e5100000, 0x00000000e5200000|  0%| F|  |TAMS 0x00000000e5100000| PB 0x00000000e5100000| Untracked 
|  82|0x00000000e5200000, 0x00000000e5200000, 0x00000000e5300000|  0%| F|  |TAMS 0x00000000e5200000| PB 0x00000000e5200000| Untracked 
|  83|0x00000000e5300000, 0x00000000e5300000, 0x00000000e5400000|  0%| F|  |TAMS 0x00000000e5300000| PB 0x00000000e5300000| Untracked 
|  84|0x00000000e5400000, 0x00000000e5400000, 0x00000000e5500000|  0%| F|  |TAMS 0x00000000e5400000| PB 0x00000000e5400000| Untracked 
|  85|0x00000000e5500000, 0x00000000e5500000, 0x00000000e5600000|  0%| F|  |TAMS 0x00000000e5500000| PB 0x00000000e5500000| Untracked 
|  86|0x00000000e5600000, 0x00000000e5600000, 0x00000000e5700000|  0%| F|  |TAMS 0x00000000e5600000| PB 0x00000000e5600000| Untracked 
|  87|0x00000000e5700000, 0x00000000e5700000, 0x00000000e5800000|  0%| F|  |TAMS 0x00000000e5700000| PB 0x00000000e5700000| Untracked 
|  88|0x00000000e5800000, 0x00000000e5800000, 0x00000000e5900000|  0%| F|  |TAMS 0x00000000e5800000| PB 0x00000000e5800000| Untracked 
|  89|0x00000000e5900000, 0x00000000e5900000, 0x00000000e5a00000|  0%| F|  |TAMS 0x00000000e5900000| PB 0x00000000e5900000| Untracked 
|  90|0x00000000e5a00000, 0x00000000e5a00000, 0x00000000e5b00000|  0%| F|  |TAMS 0x00000000e5a00000| PB 0x00000000e5a00000| Untracked 
|  91|0x00000000e5b00000, 0x00000000e5b00000, 0x00000000e5c00000|  0%| F|  |TAMS 0x00000000e5b00000| PB 0x00000000e5b00000| Untracked 
|  92|0x00000000e5c00000, 0x00000000e5c00000, 0x00000000e5d00000|  0%| F|  |TAMS 0x00000000e5c00000| PB 0x00000000e5c00000| Untracked 
|  93|0x00000000e5d00000, 0x00000000e5d00000, 0x00000000e5e00000|  0%| F|  |TAMS 0x00000000e5d00000| PB 0x00000000e5d00000| Untracked 
|  94|0x00000000e5e00000, 0x00000000e5e00000, 0x00000000e5f00000|  0%| F|  |TAMS 0x00000000e5e00000| PB 0x00000000e5e00000| Untracked 
|  95|0x00000000e5f00000, 0x00000000e5f00000, 0x00000000e6000000|  0%| F|  |TAMS 0x00000000e5f00000| PB 0x00000000e5f00000| Untracked 
|  96|0x00000000e6000000, 0x00000000e6000000, 0x00000000e6100000|  0%| F|  |TAMS 0x00000000e6000000| PB 0x00000000e6000000| Untracked 
|  97|0x00000000e6100000, 0x00000000e6100000, 0x00000000e6200000|  0%| F|  |TAMS 0x00000000e6100000| PB 0x00000000e6100000| Untracked 
|  98|0x00000000e6200000, 0x00000000e6200000, 0x00000000e6300000|  0%| F|  |TAMS 0x00000000e6200000| PB 0x00000000e6200000| Untracked 
|  99|0x00000000e6300000, 0x00000000e6300000, 0x00000000e6400000|  0%| F|  |TAMS 0x00000000e6300000| PB 0x00000000e6300000| Untracked 
| 100|0x00000000e6400000, 0x00000000e6400000, 0x00000000e6500000|  0%| F|  |TAMS 0x00000000e6400000| PB 0x00000000e6400000| Untracked 
| 101|0x00000000e6500000, 0x00000000e6500000, 0x00000000e6600000|  0%| F|  |TAMS 0x00000000e6500000| PB 0x00000000e6500000| Untracked 
| 102|0x00000000e6600000, 0x00000000e6600000, 0x00000000e6700000|  0%| F|  |TAMS 0x00000000e6600000| PB 0x00000000e6600000| Untracked 
| 103|0x00000000e6700000, 0x00000000e6700000, 0x00000000e6800000|  0%| F|  |TAMS 0x00000000e6700000| PB 0x00000000e6700000| Untracked 
| 104|0x00000000e6800000, 0x00000000e6800000, 0x00000000e6900000|  0%| F|  |TAMS 0x00000000e6800000| PB 0x00000000e6800000| Untracked 
| 105|0x00000000e6900000, 0x00000000e6900000, 0x00000000e6a00000|  0%| F|  |TAMS 0x00000000e6900000| PB 0x00000000e6900000| Untracked 
| 106|0x00000000e6a00000, 0x00000000e6a00000, 0x00000000e6b00000|  0%| F|  |TAMS 0x00000000e6a00000| PB 0x00000000e6a00000| Untracked 
| 107|0x00000000e6b00000, 0x00000000e6b00000, 0x00000000e6c00000|  0%| F|  |TAMS 0x00000000e6b00000| PB 0x00000000e6b00000| Untracked 
| 108|0x00000000e6c00000, 0x00000000e6c00000, 0x00000000e6d00000|  0%| F|  |TAMS 0x00000000e6c00000| PB 0x00000000e6c00000| Untracked 
| 109|0x00000000e6d00000, 0x00000000e6d00000, 0x00000000e6e00000|  0%| F|  |TAMS 0x00000000e6d00000| PB 0x00000000e6d00000| Untracked 
| 110|0x00000000e6e00000, 0x00000000e6e00000, 0x00000000e6f00000|  0%| F|  |TAMS 0x00000000e6e00000| PB 0x00000000e6e00000| Untracked 
| 111|0x00000000e6f00000, 0x00000000e6f00000, 0x00000000e7000000|  0%| F|  |TAMS 0x00000000e6f00000| PB 0x00000000e6f00000| Untracked 
| 112|0x00000000e7000000, 0x00000000e7000000, 0x00000000e7100000|  0%| F|  |TAMS 0x00000000e7000000| PB 0x00000000e7000000| Untracked 
| 113|0x00000000e7100000, 0x00000000e7100000, 0x00000000e7200000|  0%| F|  |TAMS 0x00000000e7100000| PB 0x00000000e7100000| Untracked 
| 114|0x00000000e7200000, 0x00000000e7200000, 0x00000000e7300000|  0%| F|  |TAMS 0x00000000e7200000| PB 0x00000000e7200000| Untracked 
| 115|0x00000000e7300000, 0x00000000e7300000, 0x00000000e7400000|  0%| F|  |TAMS 0x00000000e7300000| PB 0x00000000e7300000| Untracked 
| 116|0x00000000e7400000, 0x00000000e7400000, 0x00000000e7500000|  0%| F|  |TAMS 0x00000000e7400000| PB 0x00000000e7400000| Untracked 
| 117|0x00000000e7500000, 0x00000000e7500000, 0x00000000e7600000|  0%| F|  |TAMS 0x00000000e7500000| PB 0x00000000e7500000| Untracked 
| 118|0x00000000e7600000, 0x00000000e7600000, 0x00000000e7700000|  0%| F|  |TAMS 0x00000000e7600000| PB 0x00000000e7600000| Untracked 
| 119|0x00000000e7700000, 0x00000000e7700000, 0x00000000e7800000|  0%| F|  |TAMS 0x00000000e7700000| PB 0x00000000e7700000| Untracked 
| 120|0x00000000e7800000, 0x00000000e7800000, 0x00000000e7900000|  0%| F|  |TAMS 0x00000000e7800000| PB 0x00000000e7800000| Untracked 
| 121|0x00000000e7900000, 0x00000000e7900000, 0x00000000e7a00000|  0%| F|  |TAMS 0x00000000e7900000| PB 0x00000000e7900000| Untracked 
| 122|0x00000000e7a00000, 0x00000000e7a00000, 0x00000000e7b00000|  0%| F|  |TAMS 0x00000000e7a00000| PB 0x00000000e7a00000| Untracked 
| 123|0x00000000e7b00000, 0x00000000e7b00000, 0x00000000e7c00000|  0%| F|  |TAMS 0x00000000e7b00000| PB 0x00000000e7b00000| Untracked 
| 124|0x00000000e7c00000, 0x00000000e7c00000, 0x00000000e7d00000|  0%| F|  |TAMS 0x00000000e7c00000| PB 0x00000000e7c00000| Untracked 
| 125|0x00000000e7d00000, 0x00000000e7d00000, 0x00000000e7e00000|  0%| F|  |TAMS 0x00000000e7d00000| PB 0x00000000e7d00000| Untracked 
| 126|0x00000000e7e00000, 0x00000000e7e00000, 0x00000000e7f00000|  0%| F|  |TAMS 0x00000000e7e00000| PB 0x00000000e7e00000| Untracked 
| 127|0x00000000e7f00000, 0x00000000e7f00000, 0x00000000e8000000|  0%| F|  |TAMS 0x00000000e7f00000| PB 0x00000000e7f00000| Untracked 
| 128|0x00000000e8000000, 0x00000000e8000000, 0x00000000e8100000|  0%| F|  |TAMS 0x00000000e8000000| PB 0x00000000e8000000| Untracked 
| 129|0x00000000e8100000, 0x00000000e8100000, 0x00000000e8200000|  0%| F|  |TAMS 0x00000000e8100000| PB 0x00000000e8100000| Untracked 
| 130|0x00000000e8200000, 0x00000000e8200000, 0x00000000e8300000|  0%| F|  |TAMS 0x00000000e8200000| PB 0x00000000e8200000| Untracked 
| 131|0x00000000e8300000, 0x00000000e8300000, 0x00000000e8400000|  0%| F|  |TAMS 0x00000000e8300000| PB 0x00000000e8300000| Untracked 
| 132|0x00000000e8400000, 0x00000000e8400000, 0x00000000e8500000|  0%| F|  |TAMS 0x00000000e8400000| PB 0x00000000e8400000| Untracked 
| 133|0x00000000e8500000, 0x00000000e8500000, 0x00000000e8600000|  0%| F|  |TAMS 0x00000000e8500000| PB 0x00000000e8500000| Untracked 
| 134|0x00000000e8600000, 0x00000000e8600000, 0x00000000e8700000|  0%| F|  |TAMS 0x00000000e8600000| PB 0x00000000e8600000| Untracked 
| 135|0x00000000e8700000, 0x00000000e8700000, 0x00000000e8800000|  0%| F|  |TAMS 0x00000000e8700000| PB 0x00000000e8700000| Untracked 
| 136|0x00000000e8800000, 0x00000000e8800000, 0x00000000e8900000|  0%| F|  |TAMS 0x00000000e8800000| PB 0x00000000e8800000| Untracked 
| 137|0x00000000e8900000, 0x00000000e8900000, 0x00000000e8a00000|  0%| F|  |TAMS 0x00000000e8900000| PB 0x00000000e8900000| Untracked 
| 138|0x00000000e8a00000, 0x00000000e8a00000, 0x00000000e8b00000|  0%| F|  |TAMS 0x00000000e8a00000| PB 0x00000000e8a00000| Untracked 
| 139|0x00000000e8b00000, 0x00000000e8b00000, 0x00000000e8c00000|  0%| F|  |TAMS 0x00000000e8b00000| PB 0x00000000e8b00000| Untracked 
| 140|0x00000000e8c00000, 0x00000000e8c00000, 0x00000000e8d00000|  0%| F|  |TAMS 0x00000000e8c00000| PB 0x00000000e8c00000| Untracked 
| 141|0x00000000e8d00000, 0x00000000e8d00000, 0x00000000e8e00000|  0%| F|  |TAMS 0x00000000e8d00000| PB 0x00000000e8d00000| Untracked 
| 142|0x00000000e8e00000, 0x00000000e8e00000, 0x00000000e8f00000|  0%| F|  |TAMS 0x00000000e8e00000| PB 0x00000000e8e00000| Untracked 
| 143|0x00000000e8f00000, 0x00000000e8f00000, 0x00000000e9000000|  0%| F|  |TAMS 0x00000000e8f00000| PB 0x00000000e8f00000| Untracked 
| 144|0x00000000e9000000, 0x00000000e9000000, 0x00000000e9100000|  0%| F|  |TAMS 0x00000000e9000000| PB 0x00000000e9000000| Untracked 
| 145|0x00000000e9100000, 0x00000000e9100000, 0x00000000e9200000|  0%| F|  |TAMS 0x00000000e9100000| PB 0x00000000e9100000| Untracked 
| 146|0x00000000e9200000, 0x00000000e9200000, 0x00000000e9300000|  0%| F|  |TAMS 0x00000000e9200000| PB 0x00000000e9200000| Untracked 
| 147|0x00000000e9300000, 0x00000000e9300000, 0x00000000e9400000|  0%| F|  |TAMS 0x00000000e9300000| PB 0x00000000e9300000| Untracked 
| 148|0x00000000e9400000, 0x00000000e9400000, 0x00000000e9500000|  0%| F|  |TAMS 0x00000000e9400000| PB 0x00000000e9400000| Untracked 
| 149|0x00000000e9500000, 0x00000000e9500000, 0x00000000e9600000|  0%| F|  |TAMS 0x00000000e9500000| PB 0x00000000e9500000| Untracked 
| 150|0x00000000e9600000, 0x00000000e9600000, 0x00000000e9700000|  0%| F|  |TAMS 0x00000000e9600000| PB 0x00000000e9600000| Untracked 
| 151|0x00000000e9700000, 0x00000000e9700000, 0x00000000e9800000|  0%| F|  |TAMS 0x00000000e9700000| PB 0x00000000e9700000| Untracked 
| 152|0x00000000e9800000, 0x00000000e9800000, 0x00000000e9900000|  0%| F|  |TAMS 0x00000000e9800000| PB 0x00000000e9800000| Untracked 
| 153|0x00000000e9900000, 0x00000000e9980000, 0x00000000e9a00000| 50%| E|  |TAMS 0x00000000e9900000| PB 0x00000000e9900000| Complete 
| 154|0x00000000e9a00000, 0x00000000e9b00000, 0x00000000e9b00000|100%| E|CS|TAMS 0x00000000e9a00000| PB 0x00000000e9a00000| Complete 
| 155|0x00000000e9b00000, 0x00000000e9c00000, 0x00000000e9c00000|100%| E|CS|TAMS 0x00000000e9b00000| PB 0x00000000e9b00000| Complete 
| 156|0x00000000e9c00000, 0x00000000e9d00000, 0x00000000e9d00000|100%| E|CS|TAMS 0x00000000e9c00000| PB 0x00000000e9c00000| Complete 
| 157|0x00000000e9d00000, 0x00000000e9e00000, 0x00000000e9e00000|100%| E|CS|TAMS 0x00000000e9d00000| PB 0x00000000e9d00000| Complete 
| 158|0x00000000e9e00000, 0x00000000e9f00000, 0x00000000e9f00000|100%| E|CS|TAMS 0x00000000e9e00000| PB 0x00000000e9e00000| Complete 
| 159|0x00000000e9f00000, 0x00000000ea000000, 0x00000000ea000000|100%| E|CS|TAMS 0x00000000e9f00000| PB 0x00000000e9f00000| Complete 
| 160|0x00000000ea000000, 0x00000000ea100000, 0x00000000ea100000|100%| E|CS|TAMS 0x00000000ea000000| PB 0x00000000ea000000| Complete 
| 161|0x00000000ea100000, 0x00000000ea200000, 0x00000000ea200000|100%| E|CS|TAMS 0x00000000ea100000| PB 0x00000000ea100000| Complete 
| 162|0x00000000ea200000, 0x00000000ea300000, 0x00000000ea300000|100%| E|CS|TAMS 0x00000000ea200000| PB 0x00000000ea200000| Complete 
| 163|0x00000000ea300000, 0x00000000ea400000, 0x00000000ea400000|100%| E|CS|TAMS 0x00000000ea300000| PB 0x00000000ea300000| Complete 
| 164|0x00000000ea400000, 0x00000000ea500000, 0x00000000ea500000|100%| E|CS|TAMS 0x00000000ea400000| PB 0x00000000ea400000| Complete 
| 165|0x00000000ea500000, 0x00000000ea600000, 0x00000000ea600000|100%| E|CS|TAMS 0x00000000ea500000| PB 0x00000000ea500000| Complete 
| 166|0x00000000ea600000, 0x00000000ea700000, 0x00000000ea700000|100%| E|CS|TAMS 0x00000000ea600000| PB 0x00000000ea600000| Complete 
| 167|0x00000000ea700000, 0x00000000ea800000, 0x00000000ea800000|100%| E|CS|TAMS 0x00000000ea700000| PB 0x00000000ea700000| Complete 
| 168|0x00000000ea800000, 0x00000000ea900000, 0x00000000ea900000|100%| E|CS|TAMS 0x00000000ea800000| PB 0x00000000ea800000| Complete 
| 169|0x00000000ea900000, 0x00000000eaa00000, 0x00000000eaa00000|100%| E|CS|TAMS 0x00000000ea900000| PB 0x00000000ea900000| Complete 
| 170|0x00000000eaa00000, 0x00000000eab00000, 0x00000000eab00000|100%| E|CS|TAMS 0x00000000eaa00000| PB 0x00000000eaa00000| Complete 
| 171|0x00000000eab00000, 0x00000000eac00000, 0x00000000eac00000|100%| E|CS|TAMS 0x00000000eab00000| PB 0x00000000eab00000| Complete 
| 172|0x00000000eac00000, 0x00000000ead00000, 0x00000000ead00000|100%| E|CS|TAMS 0x00000000eac00000| PB 0x00000000eac00000| Complete 
| 173|0x00000000ead00000, 0x00000000eae00000, 0x00000000eae00000|100%| E|CS|TAMS 0x00000000ead00000| PB 0x00000000ead00000| Complete 
| 174|0x00000000eae00000, 0x00000000eaf00000, 0x00000000eaf00000|100%| E|CS|TAMS 0x00000000eae00000| PB 0x00000000eae00000| Complete 
| 175|0x00000000eaf00000, 0x00000000eb000000, 0x00000000eb000000|100%| E|CS|TAMS 0x00000000eaf00000| PB 0x00000000eaf00000| Complete 
| 176|0x00000000eb000000, 0x00000000eb100000, 0x00000000eb100000|100%| E|CS|TAMS 0x00000000eb000000| PB 0x00000000eb000000| Complete 
| 177|0x00000000eb100000, 0x00000000eb200000, 0x00000000eb200000|100%| E|CS|TAMS 0x00000000eb100000| PB 0x00000000eb100000| Complete 
| 178|0x00000000eb200000, 0x00000000eb300000, 0x00000000eb300000|100%| E|CS|TAMS 0x00000000eb200000| PB 0x00000000eb200000| Complete 
| 179|0x00000000eb300000, 0x00000000eb400000, 0x00000000eb400000|100%| E|CS|TAMS 0x00000000eb300000| PB 0x00000000eb300000| Complete 
| 180|0x00000000eb400000, 0x00000000eb500000, 0x00000000eb500000|100%| E|CS|TAMS 0x00000000eb400000| PB 0x00000000eb400000| Complete 
| 181|0x00000000eb500000, 0x00000000eb600000, 0x00000000eb600000|100%| E|CS|TAMS 0x00000000eb500000| PB 0x00000000eb500000| Complete 
| 182|0x00000000eb600000, 0x00000000eb700000, 0x00000000eb700000|100%| E|CS|TAMS 0x00000000eb600000| PB 0x00000000eb600000| Complete 
| 183|0x00000000eb700000, 0x00000000eb800000, 0x00000000eb800000|100%| E|CS|TAMS 0x00000000eb700000| PB 0x00000000eb700000| Complete 
| 184|0x00000000eb800000, 0x00000000eb900000, 0x00000000eb900000|100%| E|CS|TAMS 0x00000000eb800000| PB 0x00000000eb800000| Complete 
| 185|0x00000000eb900000, 0x00000000eba00000, 0x00000000eba00000|100%| E|CS|TAMS 0x00000000eb900000| PB 0x00000000eb900000| Complete 
| 186|0x00000000eba00000, 0x00000000ebb00000, 0x00000000ebb00000|100%| E|CS|TAMS 0x00000000eba00000| PB 0x00000000eba00000| Complete 
| 187|0x00000000ebb00000, 0x00000000ebc00000, 0x00000000ebc00000|100%| E|CS|TAMS 0x00000000ebb00000| PB 0x00000000ebb00000| Complete 
| 188|0x00000000ebc00000, 0x00000000ebd00000, 0x00000000ebd00000|100%| E|CS|TAMS 0x00000000ebc00000| PB 0x00000000ebc00000| Complete 
| 189|0x00000000ebd00000, 0x00000000ebe00000, 0x00000000ebe00000|100%| E|CS|TAMS 0x00000000ebd00000| PB 0x00000000ebd00000| Complete 
| 190|0x00000000ebe00000, 0x00000000ebf00000, 0x00000000ebf00000|100%| E|CS|TAMS 0x00000000ebe00000| PB 0x00000000ebe00000| Complete 
| 191|0x00000000ebf00000, 0x00000000ec000000, 0x00000000ec000000|100%| E|CS|TAMS 0x00000000ebf00000| PB 0x00000000ebf00000| Complete 
| 192|0x00000000ec000000, 0x00000000ec100000, 0x00000000ec100000|100%| E|CS|TAMS 0x00000000ec000000| PB 0x00000000ec000000| Complete 
| 193|0x00000000ec100000, 0x00000000ec200000, 0x00000000ec200000|100%| E|CS|TAMS 0x00000000ec100000| PB 0x00000000ec100000| Complete 
| 194|0x00000000ec200000, 0x00000000ec300000, 0x00000000ec300000|100%| E|CS|TAMS 0x00000000ec200000| PB 0x00000000ec200000| Complete 
| 195|0x00000000ec300000, 0x00000000ec400000, 0x00000000ec400000|100%| E|CS|TAMS 0x00000000ec300000| PB 0x00000000ec300000| Complete 
| 196|0x00000000ec400000, 0x00000000ec500000, 0x00000000ec500000|100%| E|CS|TAMS 0x00000000ec400000| PB 0x00000000ec400000| Complete 
| 197|0x00000000ec500000, 0x00000000ec600000, 0x00000000ec600000|100%| E|CS|TAMS 0x00000000ec500000| PB 0x00000000ec500000| Complete 
| 198|0x00000000ec600000, 0x00000000ec700000, 0x00000000ec700000|100%| E|CS|TAMS 0x00000000ec600000| PB 0x00000000ec600000| Complete 
| 199|0x00000000ec700000, 0x00000000ec800000, 0x00000000ec800000|100%| E|CS|TAMS 0x00000000ec700000| PB 0x00000000ec700000| Complete 
| 200|0x00000000ec800000, 0x00000000ec900000, 0x00000000ec900000|100%| E|CS|TAMS 0x00000000ec800000| PB 0x00000000ec800000| Complete 
| 201|0x00000000ec900000, 0x00000000eca00000, 0x00000000eca00000|100%| E|CS|TAMS 0x00000000ec900000| PB 0x00000000ec900000| Complete 
| 202|0x00000000eca00000, 0x00000000ecb00000, 0x00000000ecb00000|100%| E|CS|TAMS 0x00000000eca00000| PB 0x00000000eca00000| Complete 
| 203|0x00000000ecb00000, 0x00000000ecc00000, 0x00000000ecc00000|100%| E|CS|TAMS 0x00000000ecb00000| PB 0x00000000ecb00000| Complete 
| 204|0x00000000ecc00000, 0x00000000ecd00000, 0x00000000ecd00000|100%| E|CS|TAMS 0x00000000ecc00000| PB 0x00000000ecc00000| Complete 
| 205|0x00000000ecd00000, 0x00000000ece00000, 0x00000000ece00000|100%| E|CS|TAMS 0x00000000ecd00000| PB 0x00000000ecd00000| Complete 
| 206|0x00000000ece00000, 0x00000000ecf00000, 0x00000000ecf00000|100%| E|CS|TAMS 0x00000000ece00000| PB 0x00000000ece00000| Complete 
| 207|0x00000000ecf00000, 0x00000000ed000000, 0x00000000ed000000|100%| E|CS|TAMS 0x00000000ecf00000| PB 0x00000000ecf00000| Complete 
| 208|0x00000000ed000000, 0x00000000ed100000, 0x00000000ed100000|100%| E|CS|TAMS 0x00000000ed000000| PB 0x00000000ed000000| Complete 
| 209|0x00000000ed100000, 0x00000000ed200000, 0x00000000ed200000|100%| E|CS|TAMS 0x00000000ed100000| PB 0x00000000ed100000| Complete 
| 210|0x00000000ed200000, 0x00000000ed300000, 0x00000000ed300000|100%| E|CS|TAMS 0x00000000ed200000| PB 0x00000000ed200000| Complete 
| 211|0x00000000ed300000, 0x00000000ed400000, 0x00000000ed400000|100%| E|CS|TAMS 0x00000000ed300000| PB 0x00000000ed300000| Complete 
| 212|0x00000000ed400000, 0x00000000ed500000, 0x00000000ed500000|100%| E|CS|TAMS 0x00000000ed400000| PB 0x00000000ed400000| Complete 
| 213|0x00000000ed500000, 0x00000000ed600000, 0x00000000ed600000|100%| E|CS|TAMS 0x00000000ed500000| PB 0x00000000ed500000| Complete 
| 214|0x00000000ed600000, 0x00000000ed700000, 0x00000000ed700000|100%| E|CS|TAMS 0x00000000ed600000| PB 0x00000000ed600000| Complete 
| 215|0x00000000ed700000, 0x00000000ed800000, 0x00000000ed800000|100%| E|CS|TAMS 0x00000000ed700000| PB 0x00000000ed700000| Complete 
| 216|0x00000000ed800000, 0x00000000ed900000, 0x00000000ed900000|100%| E|CS|TAMS 0x00000000ed800000| PB 0x00000000ed800000| Complete 
| 217|0x00000000ed900000, 0x00000000eda00000, 0x00000000eda00000|100%| E|CS|TAMS 0x00000000ed900000| PB 0x00000000ed900000| Complete 
| 218|0x00000000eda00000, 0x00000000edb00000, 0x00000000edb00000|100%| E|CS|TAMS 0x00000000eda00000| PB 0x00000000eda00000| Complete 
| 219|0x00000000edb00000, 0x00000000edc00000, 0x00000000edc00000|100%| E|CS|TAMS 0x00000000edb00000| PB 0x00000000edb00000| Complete 
| 220|0x00000000edc00000, 0x00000000edd00000, 0x00000000edd00000|100%| E|CS|TAMS 0x00000000edc00000| PB 0x00000000edc00000| Complete 
| 221|0x00000000edd00000, 0x00000000ede00000, 0x00000000ede00000|100%| E|CS|TAMS 0x00000000edd00000| PB 0x00000000edd00000| Complete 
| 222|0x00000000ede00000, 0x00000000ede41280, 0x00000000edf00000| 25%| S|CS|TAMS 0x00000000ede00000| PB 0x00000000ede00000| Complete 
| 223|0x00000000edf00000, 0x00000000ee000000, 0x00000000ee000000|100%| S|CS|TAMS 0x00000000edf00000| PB 0x00000000edf00000| Complete 
| 224|0x00000000ee000000, 0x00000000ee100000, 0x00000000ee100000|100%| S|CS|TAMS 0x00000000ee000000| PB 0x00000000ee000000| Complete 
| 225|0x00000000ee100000, 0x00000000ee200000, 0x00000000ee200000|100%| E|CS|TAMS 0x00000000ee100000| PB 0x00000000ee100000| Complete 
| 226|0x00000000ee200000, 0x00000000ee300000, 0x00000000ee300000|100%| E|CS|TAMS 0x00000000ee200000| PB 0x00000000ee200000| Complete 
| 227|0x00000000ee300000, 0x00000000ee400000, 0x00000000ee400000|100%| E|CS|TAMS 0x00000000ee300000| PB 0x00000000ee300000| Complete 
| 228|0x00000000ee400000, 0x00000000ee500000, 0x00000000ee500000|100%| E|CS|TAMS 0x00000000ee400000| PB 0x00000000ee400000| Complete 
| 229|0x00000000ee500000, 0x00000000ee600000, 0x00000000ee600000|100%| E|CS|TAMS 0x00000000ee500000| PB 0x00000000ee500000| Complete 
| 230|0x00000000ee600000, 0x00000000ee700000, 0x00000000ee700000|100%| E|CS|TAMS 0x00000000ee600000| PB 0x00000000ee600000| Complete 
| 231|0x00000000ee700000, 0x00000000ee800000, 0x00000000ee800000|100%| E|CS|TAMS 0x00000000ee700000| PB 0x00000000ee700000| Complete 
| 232|0x00000000ee800000, 0x00000000ee900000, 0x00000000ee900000|100%| E|CS|TAMS 0x00000000ee800000| PB 0x00000000ee800000| Complete 
| 233|0x00000000ee900000, 0x00000000eea00000, 0x00000000eea00000|100%| E|CS|TAMS 0x00000000ee900000| PB 0x00000000ee900000| Complete 
| 234|0x00000000eea00000, 0x00000000eeb00000, 0x00000000eeb00000|100%| E|CS|TAMS 0x00000000eea00000| PB 0x00000000eea00000| Complete 
| 235|0x00000000eeb00000, 0x00000000eec00000, 0x00000000eec00000|100%| E|CS|TAMS 0x00000000eeb00000| PB 0x00000000eeb00000| Complete 
| 236|0x00000000eec00000, 0x00000000eed00000, 0x00000000eed00000|100%| E|CS|TAMS 0x00000000eec00000| PB 0x00000000eec00000| Complete 
| 237|0x00000000eed00000, 0x00000000eee00000, 0x00000000eee00000|100%| E|CS|TAMS 0x00000000eed00000| PB 0x00000000eed00000| Complete 
| 238|0x00000000eee00000, 0x00000000eef00000, 0x00000000eef00000|100%| E|CS|TAMS 0x00000000eee00000| PB 0x00000000eee00000| Complete 
| 239|0x00000000eef00000, 0x00000000ef000000, 0x00000000ef000000|100%| E|CS|TAMS 0x00000000eef00000| PB 0x00000000eef00000| Complete 
| 240|0x00000000ef000000, 0x00000000ef100000, 0x00000000ef100000|100%| E|CS|TAMS 0x00000000ef000000| PB 0x00000000ef000000| Complete 
| 241|0x00000000ef100000, 0x00000000ef200000, 0x00000000ef200000|100%| E|CS|TAMS 0x00000000ef100000| PB 0x00000000ef100000| Complete 
| 242|0x00000000ef200000, 0x00000000ef300000, 0x00000000ef300000|100%| E|CS|TAMS 0x00000000ef200000| PB 0x00000000ef200000| Complete 
| 243|0x00000000ef300000, 0x00000000ef400000, 0x00000000ef400000|100%| E|CS|TAMS 0x00000000ef300000| PB 0x00000000ef300000| Complete 
| 244|0x00000000ef400000, 0x00000000ef500000, 0x00000000ef500000|100%| E|CS|TAMS 0x00000000ef400000| PB 0x00000000ef400000| Complete 
| 245|0x00000000ef500000, 0x00000000ef600000, 0x00000000ef600000|100%| E|CS|TAMS 0x00000000ef500000| PB 0x00000000ef500000| Complete 
| 246|0x00000000ef600000, 0x00000000ef700000, 0x00000000ef700000|100%| E|CS|TAMS 0x00000000ef600000| PB 0x00000000ef600000| Complete 
| 247|0x00000000ef700000, 0x00000000ef800000, 0x00000000ef800000|100%| E|CS|TAMS 0x00000000ef700000| PB 0x00000000ef700000| Complete 
| 248|0x00000000ef800000, 0x00000000ef900000, 0x00000000ef900000|100%| E|CS|TAMS 0x00000000ef800000| PB 0x00000000ef800000| Complete 
| 249|0x00000000ef900000, 0x00000000efa00000, 0x00000000efa00000|100%| E|CS|TAMS 0x00000000ef900000| PB 0x00000000ef900000| Complete 
| 250|0x00000000efa00000, 0x00000000efb00000, 0x00000000efb00000|100%| E|CS|TAMS 0x00000000efa00000| PB 0x00000000efa00000| Complete 
| 251|0x00000000efb00000, 0x00000000efc00000, 0x00000000efc00000|100%| E|CS|TAMS 0x00000000efb00000| PB 0x00000000efb00000| Complete 
| 252|0x00000000efc00000, 0x00000000efd00000, 0x00000000efd00000|100%| E|CS|TAMS 0x00000000efc00000| PB 0x00000000efc00000| Complete 
| 253|0x00000000efd00000, 0x00000000efe00000, 0x00000000efe00000|100%| E|CS|TAMS 0x00000000efd00000| PB 0x00000000efd00000| Complete 
| 254|0x00000000efe00000, 0x00000000eff00000, 0x00000000eff00000|100%| E|CS|TAMS 0x00000000efe00000| PB 0x00000000efe00000| Complete 
| 255|0x00000000eff00000, 0x00000000f0000000, 0x00000000f0000000|100%| E|CS|TAMS 0x00000000eff00000| PB 0x00000000eff00000| Complete 

Card table byte_map: [0x0000023a61a50000,0x0000023a61b50000] _byte_map_base: 0x0000023a61350000

Marking Bits: (CMBitMap*) 0x0000023a4f599500
 Bits: [0x0000023a61b50000, 0x0000023a62350000)

Polling page: 0x0000023a4d290000

Metaspace:

Usage:
  Non-class:     16.90 MB used.
      Class:      2.99 MB used.
       Both:     19.88 MB used.

Virtual space:
  Non-class space:       64.00 MB reserved,      17.25 MB ( 27%) committed,  1 nodes.
      Class space:      320.00 MB reserved,       3.31 MB (  1%) committed,  1 nodes.
             Both:      384.00 MB reserved,      20.56 MB (  5%) committed. 

Chunk freelists:
   Non-Class:  14.65 MB
       Class:  12.75 MB
        Both:  27.40 MB

MaxMetaspaceSize: 384.00 MB
CompressedClassSpaceSize: 320.00 MB
Initial GC threshold: 21.00 MB
Current GC threshold: 21.00 MB
CDS: on
 - commit_granule_bytes: 65536.
 - commit_granule_words: 8192.
 - virtual_space_node_default_size: 8388608.
 - enlarge_chunks_in_place: 1.
 - use_allocation_guard: 0.


Internal statistics:

num_allocs_failed_limit: 0.
num_arena_births: 1040.
num_arena_deaths: 0.
num_vsnodes_births: 2.
num_vsnodes_deaths: 0.
num_space_committed: 329.
num_space_uncommitted: 0.
num_chunks_returned_to_freelist: 0.
num_chunks_taken_from_freelist: 1842.
num_chunk_merges: 0.
num_chunk_splits: 1199.
num_chunks_enlarged: 791.
num_inconsistent_stats: 0.

CodeHeap 'non-profiled nmethods': size=120000Kb used=1407Kb max_used=1407Kb free=118592Kb
 bounds [0x0000023a5a200000, 0x0000023a5a470000, 0x0000023a61730000]
CodeHeap 'profiled nmethods': size=120000Kb used=5975Kb max_used=5975Kb free=114024Kb
 bounds [0x0000023a52730000, 0x0000023a52d10000, 0x0000023a59c60000]
CodeHeap 'non-nmethods': size=5760Kb used=1412Kb max_used=1494Kb free=4347Kb
 bounds [0x0000023a59c60000, 0x0000023a59ed0000, 0x0000023a5a200000]
CodeCache: size=245760Kb, used=8794Kb, max_used=8876Kb, free=236963Kb
 total_blobs=3549, nmethods=2977, adapters=476, full_count=0
Compilation: enabled, stopped_count=0, restarted_count=0

Compilation events (20 events):
Event: 5.357 Thread 0x0000023a6499ad40 2944       3       java.lang.reflect.Proxy$ProxyBuilder::addElementTypes (33 bytes)
Event: 5.358 Thread 0x0000023a6499ad40 nmethod 2944 0x0000023a52cec490 code [0x0000023a52cec6a0, 0x0000023a52cecd48]
Event: 5.358 Thread 0x0000023a6499ad40 2946       3       jdk.internal.org.objectweb.asm.SymbolTable::addType (81 bytes)
Event: 5.359 Thread 0x0000023a6499ad40 nmethod 2946 0x0000023a52ced010 code [0x0000023a52ced220, 0x0000023a52ced760]
Event: 5.359 Thread 0x0000023a6499ad40 2945       3       jdk.internal.org.objectweb.asm.MethodWriter::addSuccessorToCurrentBasicBlock (24 bytes)
Event: 5.359 Thread 0x0000023a6499ad40 nmethod 2945 0x0000023a52ceda10 code [0x0000023a52cedbc0, 0x0000023a52cedf10]
Event: 5.359 Thread 0x0000023a6499ad40 2947       3       java.lang.Module::canRead (86 bytes)
Event: 5.362 Thread 0x0000023a6499ad40 nmethod 2947 0x0000023a52cee090 code [0x0000023a52cee480, 0x0000023a52cefef8]
Event: 5.362 Thread 0x0000023a6499ad40 2949       3       jdk.internal.org.objectweb.asm.Frame::getAbstractTypeFromDescriptor (415 bytes)
Event: 5.365 Thread 0x0000023a6499ad40 nmethod 2949 0x0000023a52cf0590 code [0x0000023a52cf0940, 0x0000023a52cf23c0]
Event: 5.366 Thread 0x0000023a6499ad40 2948       3       java.lang.reflect.ProxyGenerator$ProxyMethod::codeClassForName (35 bytes)
Event: 5.366 Thread 0x0000023a6499ad40 nmethod 2948 0x0000023a52cf2c90 code [0x0000023a52cf2ea0, 0x0000023a52cf33f0]
Event: 5.368 Thread 0x0000023a6499ad40 2950       3       java.lang.invoke.MethodType::canConvert (123 bytes)
Event: 5.370 Thread 0x0000023a6499ad40 nmethod 2950 0x0000023a52cf3590 code [0x0000023a52cf3840, 0x0000023a52cf40e0]
Event: 5.370 Thread 0x0000023a6499ad40 2951       3       java.lang.invoke.LambdaFormBuffer::replaceFunctions (121 bytes)
Event: 5.371 Thread 0x0000023a6499ad40 nmethod 2951 0x0000023a52cf4390 code [0x0000023a52cf45e0, 0x0000023a52cf4f88]
Event: 5.375 Thread 0x0000023a6499ad40 2952       3       java.util.HashMap::putMapEntries (170 bytes)
Event: 5.376 Thread 0x0000023a6499ad40 nmethod 2952 0x0000023a52cf5310 code [0x0000023a52cf5600, 0x0000023a52cf6488]
Event: 5.376 Thread 0x0000023a6499ad40 2953       3       sun.reflect.annotation.AnnotationParser$1::run (40 bytes)
Event: 5.377 Thread 0x0000023a6499ad40 nmethod 2953 0x0000023a52cf6910 code [0x0000023a52cf6b20, 0x0000023a52cf71e0]

GC Heap History (4 events):
Event: 1.325 GC heap before
{Heap before GC invocations=0 (full 0):
 garbage-first heap   total 262144K, used 26624K [0x00000000e0000000, 0x0000000100000000)
  region size 1024K, 23 young (23552K), 0 survivors (0K)
 Metaspace       used 3155K, committed 3264K, reserved 393216K
  class space    used 413K, committed 448K, reserved 327680K
}
Event: 1.330 GC heap after
{Heap after GC invocations=1 (full 0):
 garbage-first heap   total 262144K, used 10261K [0x00000000e0000000, 0x0000000100000000)
  region size 1024K, 3 young (3072K), 3 survivors (3072K)
 Metaspace       used 3155K, committed 3264K, reserved 393216K
  class space    used 413K, committed 448K, reserved 327680K
}
Event: 2.043 GC heap before
{Heap before GC invocations=1 (full 0):
 garbage-first heap   total 262144K, used 39957K [0x00000000e0000000, 0x0000000100000000)
  region size 1024K, 31 young (31744K), 3 survivors (3072K)
 Metaspace       used 4112K, committed 4352K, reserved 393216K
  class space    used 513K, committed 640K, reserved 327680K
}
Event: 2.047 GC heap after
{Heap after GC invocations=2 (full 0):
 garbage-first heap   total 262144K, used 12760K [0x00000000e0000000, 0x0000000100000000)
  region size 1024K, 3 young (3072K), 3 survivors (3072K)
 Metaspace       used 4112K, committed 4352K, reserved 393216K
  class space    used 513K, committed 640K, reserved 327680K
}

Dll operation events (14 events):
Event: 0.024 Loaded shared library C:\Users\JEREMIE\.vscode\extensions\redhat.java-1.54.0-win32-x64\jre\21.0.10-win32-x86_64\bin\java.dll
Event: 0.130 Loaded shared library C:\Users\JEREMIE\.vscode\extensions\redhat.java-1.54.0-win32-x64\jre\21.0.10-win32-x86_64\bin\zip.dll
Event: 0.173 Loaded shared library C:\Users\JEREMIE\.vscode\extensions\redhat.java-1.54.0-win32-x64\jre\21.0.10-win32-x86_64\bin\instrument.dll
Event: 0.185 Loaded shared library C:\Users\JEREMIE\.vscode\extensions\redhat.java-1.54.0-win32-x64\jre\21.0.10-win32-x86_64\bin\net.dll
Event: 0.192 Loaded shared library C:\Users\JEREMIE\.vscode\extensions\redhat.java-1.54.0-win32-x64\jre\21.0.10-win32-x86_64\bin\nio.dll
Event: 0.199 Loaded shared library C:\Users\JEREMIE\.vscode\extensions\redhat.java-1.54.0-win32-x64\jre\21.0.10-win32-x86_64\bin\zip.dll
Event: 0.702 Loaded shared library C:\Users\JEREMIE\.vscode\extensions\redhat.java-1.54.0-win32-x64\jre\21.0.10-win32-x86_64\bin\jimage.dll
Event: 0.845 Loaded shared library C:\Users\JEREMIE\.vscode\extensions\redhat.java-1.54.0-win32-x64\jre\21.0.10-win32-x86_64\bin\verify.dll
Event: 1.174 Loaded shared library C:\Users\JEREMIE\.gradle\native\68d5fa5c4cc2d200863cafc0d521ce42e7d3e7ee720ec0a83991735586a16f82\windows-amd64\native-platform.dll
Event: 1.185 Loaded shared library C:\Users\JEREMIE\.gradle\native\e376f236ea51e6404a007f0833ffe2c6e607c4080706a723a18a27aeea778392\windows-amd64\native-platform-file-events.dll
Event: 2.414 Loaded shared library C:\Users\JEREMIE\.vscode\extensions\redhat.java-1.54.0-win32-x64\jre\21.0.10-win32-x86_64\bin\management.dll
Event: 2.418 Loaded shared library C:\Users\JEREMIE\.vscode\extensions\redhat.java-1.54.0-win32-x64\jre\21.0.10-win32-x86_64\bin\management_ext.dll
Event: 2.728 Loaded shared library C:\Users\JEREMIE\.vscode\extensions\redhat.java-1.54.0-win32-x64\jre\21.0.10-win32-x86_64\bin\extnet.dll
Event: 2.916 Loaded shared library C:\Users\JEREMIE\.vscode\extensions\redhat.java-1.54.0-win32-x64\jre\21.0.10-win32-x86_64\bin\sunmscapi.dll

Deoptimization events (20 events):
Event: 4.964 Thread 0x0000023a7f986760 Uncommon trap: trap_request=0xffffff45 fr.pc=0x0000023a5a30da54 relative=0x00000000000001f4
Event: 4.964 Thread 0x0000023a7f986760 Uncommon trap: reason=unstable_if action=reinterpret pc=0x0000023a5a30da54 method=java.util.HashMap.getNode(Ljava/lang/Object;)Ljava/util/HashMap$Node; @ 131 c2
Event: 4.964 Thread 0x0000023a7f986760 DEOPT PACKING pc=0x0000023a5a30da54 sp=0x0000006732bfbce0
Event: 4.964 Thread 0x0000023a7f986760 DEOPT UNPACKING pc=0x0000023a59cb4422 sp=0x0000006732bfbc00 mode 2
Event: 4.964 Thread 0x0000023a7f986760 Uncommon trap: trap_request=0xffffff45 fr.pc=0x0000023a5a33aea0 relative=0x00000000000007a0
Event: 4.964 Thread 0x0000023a7f986760 Uncommon trap: reason=unstable_if action=reinterpret pc=0x0000023a5a33aea0 method=java.util.HashMap.putVal(ILjava/lang/Object;Ljava/lang/Object;ZZ)Ljava/lang/Object; @ 206 c2
Event: 4.964 Thread 0x0000023a7f986760 DEOPT PACKING pc=0x0000023a5a33aea0 sp=0x0000006732bfbcb0
Event: 4.964 Thread 0x0000023a7f986760 DEOPT UNPACKING pc=0x0000023a59cb4422 sp=0x0000006732bfbbe0 mode 2
Event: 4.967 Thread 0x0000023a7f986760 Uncommon trap: trap_request=0xffffff45 fr.pc=0x0000023a5a30330c relative=0x000000000000078c
Event: 4.967 Thread 0x0000023a7f986760 Uncommon trap: reason=unstable_if action=reinterpret pc=0x0000023a5a30330c method=java.util.HashMap.putVal(ILjava/lang/Object;Ljava/lang/Object;ZZ)Ljava/lang/Object; @ 206 c2
Event: 4.967 Thread 0x0000023a7f986760 DEOPT PACKING pc=0x0000023a5a30330c sp=0x0000006732bfbc20
Event: 4.967 Thread 0x0000023a7f986760 DEOPT UNPACKING pc=0x0000023a59cb4422 sp=0x0000006732bfbbd8 mode 2
Event: 5.357 Thread 0x0000023a7f986760 Uncommon trap: trap_request=0xffffff45 fr.pc=0x0000023a5a32c808 relative=0x0000000000000d68
Event: 5.357 Thread 0x0000023a7f986760 Uncommon trap: reason=unstable_if action=reinterpret pc=0x0000023a5a32c808 method=jdk.internal.org.objectweb.asm.SymbolTable.addType(Ljava/lang/String;)I @ 33 c2
Event: 5.357 Thread 0x0000023a7f986760 DEOPT PACKING pc=0x0000023a5a32c808 sp=0x0000006732bfc210
Event: 5.357 Thread 0x0000023a7f986760 DEOPT UNPACKING pc=0x0000023a59cb4422 sp=0x0000006732bfc148 mode 2
Event: 5.357 Thread 0x0000023a7f986760 Uncommon trap: trap_request=0xffffff45 fr.pc=0x0000023a5a3123b4 relative=0x00000000000003d4
Event: 5.357 Thread 0x0000023a7f986760 Uncommon trap: reason=unstable_if action=reinterpret pc=0x0000023a5a3123b4 method=jdk.internal.org.objectweb.asm.SymbolTable.addType(Ljava/lang/String;)I @ 33 c2
Event: 5.357 Thread 0x0000023a7f986760 DEOPT PACKING pc=0x0000023a5a3123b4 sp=0x0000006732bfc2f0
Event: 5.357 Thread 0x0000023a7f986760 DEOPT UNPACKING pc=0x0000023a59cb4422 sp=0x0000006732bfc278 mode 2

Classes loaded (20 events):
Event: 4.444 Loading class java/io/ObjectOutputStream
Event: 4.445 Loading class java/io/ObjectOutput
Event: 4.445 Loading class java/io/ObjectOutput done
Event: 4.445 Loading class java/io/ObjectStreamConstants
Event: 4.445 Loading class java/io/ObjectStreamConstants done
Event: 4.445 Loading class java/io/ObjectOutputStream done
Event: 4.447 Loading class java/io/ObjectInputStream
Event: 4.448 Loading class java/io/ObjectInput
Event: 4.448 Loading class java/io/ObjectInput done
Event: 4.449 Loading class java/io/ObjectInputStream done
Event: 4.887 Loading class javax/xml/parsers/ParserConfigurationException
Event: 4.887 Loading class javax/xml/parsers/ParserConfigurationException done
Event: 4.887 Loading class org/xml/sax/SAXException
Event: 4.887 Loading class org/xml/sax/SAXException done
Event: 4.887 Loading class javax/xml/xpath/XPathExpressionException
Event: 4.888 Loading class javax/xml/xpath/XPathException
Event: 4.889 Loading class javax/xml/xpath/XPathException done
Event: 4.889 Loading class javax/xml/xpath/XPathExpressionException done
Event: 4.889 Loading class org/xml/sax/ErrorHandler
Event: 4.889 Loading class org/xml/sax/ErrorHandler done

Classes unloaded (0 events):
No events

Classes redefined (0 events):
No events

Internal exceptions (20 events):
Event: 3.939 Thread 0x0000023a7f986760 Exception <a 'java/lang/NoSuchMethodError'{0x00000000ec103780}: 'java.lang.Object java.lang.invoke.DirectMethodHandle$Holder.invokeStatic(java.lang.Object, java.lang.Object, java.lang.Object, java.lang.Object, java.lang.Object, java.lang.Object, java.lang.Object, java.lang.Object, java.lang.Object, java.lang.Object, java.lang.Object, java.lang.Object, java.lang.Object, java.lang.Object, java.lang.Object, java.lang.Object, java.lang.Object)'> (0x00000000ec103780) 
thrown [s\src\hotspot\share\interpreter\lin
Event: 3.945 Thread 0x0000023a7f986760 Exception <a 'java/lang/NoSuchMethodError'{0x00000000ec12c3e0}: 'java.lang.Object java.lang.invoke.DirectMethodHandle$Holder.invokeStatic(java.lang.Object, java.lang.Object, java.lang.Object, java.lang.Object, java.lang.Object, java.lang.Object, java.lang.Object, java.lang.Object, java.lang.Object, java.lang.Object, java.lang.Object, java.lang.Object, java.lang.Object, java.lang.Object, java.lang.Object, java.lang.Object, java.lang.Object, java.lang.Object)'> (0x00000000ec12c3e0) 
thrown [s\src\hotspot\sha
Event: 3.950 Thread 0x0000023a7f986760 Exception <a 'java/lang/NoSuchMethodError'{0x00000000ec156308}: 'java.lang.Object java.lang.invoke.DirectMethodHandle$Holder.invokeStatic(java.lang.Object, java.lang.Object, java.lang.Object, java.lang.Object, java.lang.Object, java.lang.Object, java.lang.Object, java.lang.Object, java.lang.Object, java.lang.Object, java.lang.Object, java.lang.Object, java.lang.Object, java.lang.Object, java.lang.Object, java.lang.Object, java.lang.Object, java.lang.Object, java.lang.Object)'> (0x00000000ec156308) 
thrown 
Event: 3.955 Thread 0x0000023a7f986760 Exception <a 'java/lang/NoSuchMethodError'{0x00000000ec182530}: 'java.lang.Object java.lang.invoke.DirectMethodHandle$Holder.invokeStatic(java.lang.Object, java.lang.Object, java.lang.Object, java.lang.Object, java.lang.Object, java.lang.Object, java.lang.Object, java.lang.Object, java.lang.Object, java.lang.Object, java.lang.Object, java.lang.Object, java.lang.Object, java.lang.Object, java.lang.Object, java.lang.Object, java.lang.Object, java.lang.Object, java.lang.Object, java.lang.Object)'> (0x00000000
Event: 3.960 Thread 0x0000023a7f986760 Exception <a 'java/lang/NoSuchMethodError'{0x00000000ec1af160}: 'java.lang.Object java.lang.invoke.DirectMethodHandle$Holder.invokeStatic(java.lang.Object, java.lang.Object, java.lang.Object, java.lang.Object, java.lang.Object, java.lang.Object, java.lang.Object, java.lang.Object, java.lang.Object, java.lang.Object, java.lang.Object, java.lang.Object, java.lang.Object, java.lang.Object, java.lang.Object, java.lang.Object, java.lang.Object, java.lang.Object, java.lang.Object, java.lang.Object, java.lang.Obj
Event: 3.966 Thread 0x0000023a7f986760 Exception <a 'java/lang/NoSuchMethodError'{0x00000000ec1dc128}: 'java.lang.Object java.lang.invoke.DirectMethodHandle$Holder.invokeStatic(java.lang.Object, java.lang.Object, java.lang.Object, java.lang.Object, java.lang.Object, java.lang.Object, java.lang.Object, java.lang.Object, java.lang.Object, java.lang.Object, java.lang.Object, java.lang.Object, java.lang.Object, java.lang.Object, java.lang.Object, java.lang.Object, java.lang.Object, java.lang.Object, java.lang.Object, java.lang.Object, java.lang.Obj
Event: 3.972 Thread 0x0000023a7f986760 Exception <a 'java/lang/NoSuchMethodError'{0x00000000ec0101a8}: 'java.lang.Object java.lang.invoke.DirectMethodHandle$Holder.invokeStatic(java.lang.Object, java.lang.Object, java.lang.Object, java.lang.Object, java.lang.Object, java.lang.Object, java.lang.Object, java.lang.Object, java.lang.Object, java.lang.Object, java.lang.Object, java.lang.Object, java.lang.Object, java.lang.Object, java.lang.Object, java.lang.Object, java.lang.Object, java.lang.Object, java.lang.Object, java.lang.Object, java.lang.Obj
Event: 3.978 Thread 0x0000023a7f986760 Exception <a 'java/lang/NoSuchMethodError'{0x00000000ec03ea80}: 'java.lang.Object java.lang.invoke.DirectMethodHandle$Holder.invokeStatic(java.lang.Object, java.lang.Object, java.lang.Object, java.lang.Object, java.lang.Object, java.lang.Object, java.lang.Object, java.lang.Object, java.lang.Object, java.lang.Object, java.lang.Object, java.lang.Object, java.lang.Object, java.lang.Object, java.lang.Object, java.lang.Object, java.lang.Object, java.lang.Object, java.lang.Object, java.lang.Object, java.lang.Obj
Event: 3.984 Thread 0x0000023a7f986760 Exception <a 'java/lang/NoSuchMethodError'{0x00000000ec06f0c0}: 'java.lang.Object java.lang.invoke.DirectMethodHandle$Holder.invokeStatic(java.lang.Object, java.lang.Object, java.lang.Object, java.lang.Object, java.lang.Object, java.lang.Object, java.lang.Object, java.lang.Object, java.lang.Object, java.lang.Object, java.lang.Object, java.lang.Object, java.lang.Object, java.lang.Object, java.lang.Object, java.lang.Object, java.lang.Object, java.lang.Object, java.lang.Object, java.lang.Object, java.lang.Obj
Event: 4.299 Thread 0x0000023a7f986760 Exception <a 'java/lang/IncompatibleClassChangeError'{0x00000000eb933330}: Found class java.lang.Object, but interface was expected> (0x00000000eb933330) 
thrown [s\src\hotspot\share\interpreter\linkResolver.cpp, line 840]
Event: 4.403 Thread 0x0000023a7f986760 Exception <a 'java/lang/NoSuchMethodError'{0x00000000eb756f90}: 'int java.lang.invoke.DirectMethodHandle$Holder.invokeSpecialIFC(java.lang.Object, java.lang.Object, java.lang.Object, java.lang.Object)'> (0x00000000eb756f90) 
thrown [s\src\hotspot\share\interpreter\linkResolver.cpp, line 773]
Event: 4.407 Thread 0x0000023a7f986760 Exception <a 'java/lang/NoSuchMethodError'{0x00000000eb764590}: 'java.lang.Object java.lang.invoke.DirectMethodHandle$Holder.invokeInterface(java.lang.Object, java.lang.Object, java.lang.Object)'> (0x00000000eb764590) 
thrown [s\src\hotspot\share\interpreter\linkResolver.cpp, line 773]
Event: 4.409 Thread 0x0000023a7f986760 Exception <a 'java/lang/IncompatibleClassChangeError'{0x00000000eb767ef8}: Found class java.lang.Object, but interface was expected> (0x00000000eb767ef8) 
thrown [s\src\hotspot\share\interpreter\linkResolver.cpp, line 840]
Event: 4.413 Thread 0x0000023a7f986760 Exception <a 'java/lang/NoSuchMethodError'{0x00000000eb76f290}: 'java.lang.Object java.lang.invoke.DirectMethodHandle$Holder.newInvokeSpecial(java.lang.Object, java.lang.Object, java.lang.Object, java.lang.Object, java.lang.Object, java.lang.Object, java.lang.Object, java.lang.Object, java.lang.Object, java.lang.Object, java.lang.Object)'> (0x00000000eb76f290) 
thrown [s\src\hotspot\share\interpreter\linkResolver.cpp, line 773]
Event: 4.553 Thread 0x0000023a7f986760 Exception <a 'java/lang/NoSuchMethodError'{0x00000000eb558ad0}: 'int java.lang.invoke.DirectMethodHandle$Holder.invokeStatic(java.lang.Object, java.lang.Object, java.lang.Object, java.lang.Object)'> (0x00000000eb558ad0) 
thrown [s\src\hotspot\share\interpreter\linkResolver.cpp, line 773]
Event: 4.783 Thread 0x0000023a7f986760 Exception <a 'java/lang/NoSuchMethodError'{0x00000000eb102aa0}: 'java.lang.Object java.lang.invoke.DirectMethodHandle$Holder.invokeSpecial(java.lang.Object, java.lang.Object, java.lang.Object, java.lang.Object, java.lang.Object, java.lang.Object, java.lang.Object, java.lang.Object, java.lang.Object, java.lang.Object, java.lang.Object, java.lang.Object, java.lang.Object, java.lang.Object, java.lang.Object, java.lang.Object, java.lang.Object, java.lang.Object, java.lang.Object, java.lang.Object, java.lang.Ob
Event: 4.980 Thread 0x0000023a7f986760 Exception <a 'java/lang/NoSuchMethodError'{0x00000000eacbe398}: 'java.lang.Object java.lang.invoke.DirectMethodHandle$Holder.newInvokeSpecial(java.lang.Object, java.lang.Object, java.lang.Object, java.lang.Object, java.lang.Object, java.lang.Object, java.lang.Object)'> (0x00000000eacbe398) 
thrown [s\src\hotspot\share\interpreter\linkResolver.cpp, line 773]
Event: 5.025 Thread 0x0000023a7f986760 Exception <a 'java/lang/NoSuchMethodError'{0x00000000eaa01cd0}: 'java.lang.Object java.lang.invoke.DirectMethodHandle$Holder.invokeVirtual(java.lang.Object, java.lang.Object, java.lang.Object, java.lang.Object, java.lang.Object, java.lang.Object, java.lang.Object, java.lang.Object, java.lang.Object, java.lang.Object, java.lang.Object, java.lang.Object, java.lang.Object, java.lang.Object, java.lang.Object, java.lang.Object, java.lang.Object, java.lang.Object, java.lang.Object, java.lang.Object, java.lang.Ob
Event: 5.312 Thread 0x0000023a7f986760 Exception <a 'java/lang/NoSuchMethodError'{0x00000000ea0e5be8}: 'java.lang.Object java.lang.invoke.DirectMethodHandle$Holder.newInvokeSpecial(java.lang.Object, java.lang.Object, java.lang.Object, java.lang.Object, java.lang.Object, java.lang.Object, java.lang.Object, java.lang.Object)'> (0x00000000ea0e5be8) 
thrown [s\src\hotspot\share\interpreter\linkResolver.cpp, line 773]
Event: 5.333 Thread 0x0000023a7f986760 Exception <a 'java/lang/NoSuchMethodError'{0x00000000e9fd9bc8}: 'java.lang.Object java.lang.invoke.DirectMethodHandle$Holder.newInvokeSpecial(java.lang.Object, java.lang.Object, java.lang.Object, java.lang.Object, java.lang.Object, java.lang.Object, java.lang.Object, java.lang.Object, java.lang.Object, java.lang.Object)'> (0x00000000e9fd9bc8) 
thrown [s\src\hotspot\share\interpreter\linkResolver.cpp, line 773]

ZGC Phase Switch (0 events):
No events

VM Operations (20 events):
Event: 2.690 Executing non-safepoint VM operation: HandshakeAllThreads (Deoptimize)
Event: 2.690 Executing non-safepoint VM operation: HandshakeAllThreads (Deoptimize) done
Event: 2.835 Executing safepoint VM operation: ICBufferFull
Event: 2.836 Executing safepoint VM operation: ICBufferFull done
Event: 2.851 Executing non-safepoint VM operation: HandshakeAllThreads (Deoptimize)
Event: 2.851 Executing non-safepoint VM operation: HandshakeAllThreads (Deoptimize) done
Event: 2.924 Executing non-safepoint VM operation: HandshakeAllThreads (Deoptimize)
Event: 2.924 Executing non-safepoint VM operation: HandshakeAllThreads (Deoptimize) done
Event: 3.441 Executing non-safepoint VM operation: HandshakeAllThreads (Deoptimize)
Event: 3.441 Executing non-safepoint VM operation: HandshakeAllThreads (Deoptimize) done
Event: 3.715 Executing non-safepoint VM operation: HandshakeAllThreads (Deoptimize)
Event: 3.715 Executing non-safepoint VM operation: HandshakeAllThreads (Deoptimize) done
Event: 4.001 Executing non-safepoint VM operation: HandshakeAllThreads (Deoptimize)
Event: 4.001 Executing non-safepoint VM operation: HandshakeAllThreads (Deoptimize) done
Event: 4.001 Executing safepoint VM operation: Cleanup
Event: 4.001 Executing safepoint VM operation: Cleanup done
Event: 4.003 Executing non-safepoint VM operation: HandshakeAllThreads (Deoptimize)
Event: 4.003 Executing non-safepoint VM operation: HandshakeAllThreads (Deoptimize) done
Event: 5.010 Executing safepoint VM operation: Cleanup
Event: 5.011 Executing safepoint VM operation: Cleanup done

Memory protections (0 events):
No events

Nmethod flushes (0 events):
No events

Events (20 events):
Event: 0.178 Thread 0x0000023a4f56fbd0 Thread added: 0x0000023a7a266f00
Event: 0.238 Thread 0x0000023a4f56fbd0 Thread added: 0x0000023a7a287af0
Event: 0.704 Thread 0x0000023a6499ad40 Thread added: 0x0000023a7a3b1a20
Event: 1.618 Thread 0x0000023a7a3b1a20 Thread exited: 0x0000023a7a3b1a20
Event: 1.848 Thread 0x0000023a6499ad40 Thread added: 0x0000023a7abb6d80
Event: 2.473 Thread 0x0000023a4f56fbd0 Thread added: 0x0000023a002017d0
Event: 2.804 Thread 0x0000023a4f56fbd0 Thread added: 0x0000023a7fc6e960
Event: 2.899 Thread 0x0000023a4f56fbd0 Thread added: 0x0000023a7f34ee10
Event: 2.983 Thread 0x0000023a7fc6e960 Thread added: 0x0000023a7f396fe0
Event: 2.987 Thread 0x0000023a7f396fe0 Thread added: 0x0000023a7abbc3d0
Event: 3.026 Thread 0x0000023a7f396fe0 Thread added: 0x0000023a00378bb0
Event: 3.039 Thread 0x0000023a7f396fe0 Thread added: 0x0000023a7f986760
Event: 3.061 Thread 0x0000023a7f986760 Thread added: 0x0000023a00291d10
Event: 3.066 Thread 0x0000023a7f986760 Thread added: 0x0000023a00293750
Event: 3.076 Thread 0x0000023a7f986760 Thread added: 0x0000023a00293de0
Event: 3.198 Thread 0x0000023a7abb6d80 Thread exited: 0x0000023a7abb6d80
Event: 3.715 Thread 0x0000023a7f986760 Thread added: 0x0000023a002923a0
Event: 3.735 Thread 0x0000023a7f986760 Thread added: 0x0000023a00290960
Event: 4.362 Thread 0x0000023a7f986760 Thread added: 0x0000023a00290ff0
Event: 4.422 Thread 0x0000023a6499ad40 Thread added: 0x0000023a004382a0


Dynamic libraries:
0x00007ff622510000 - 0x00007ff62251e000 	C:\Users\JEREMIE\.vscode\extensions\redhat.java-1.54.0-win32-x64\jre\21.0.10-win32-x86_64\bin\java.exe
0x00007ffc2b600000 - 0x00007ffc2b867000 	C:\WINDOWS\SYSTEM32\ntdll.dll
0x00007ffc2ab50000 - 0x00007ffc2ac19000 	C:\WINDOWS\System32\KERNEL32.DLL
0x00007ffc28060000 - 0x00007ffc28451000 	C:\WINDOWS\System32\KERNELBASE.dll
0x00007ffc252d0000 - 0x00007ffc2536f000 	C:\WINDOWS\SYSTEM32\apphelp.dll
0x00007ffc28640000 - 0x00007ffc2878b000 	C:\WINDOWS\System32\ucrtbase.dll
0x00007ffbb7150000 - 0x00007ffbb7168000 	C:\Users\JEREMIE\.vscode\extensions\redhat.java-1.54.0-win32-x64\jre\21.0.10-win32-x86_64\bin\jli.dll
0x00007ffbb7130000 - 0x00007ffbb714e000 	C:\Users\JEREMIE\.vscode\extensions\redhat.java-1.54.0-win32-x64\jre\21.0.10-win32-x86_64\bin\VCRUNTIME140.dll
0x00007ffc29cc0000 - 0x00007ffc29e85000 	C:\WINDOWS\System32\USER32.dll
0x00007ffc290b0000 - 0x00007ffc290d7000 	C:\WINDOWS\System32\win32u.dll
0x00007ffc2b560000 - 0x00007ffc2b58b000 	C:\WINDOWS\System32\GDI32.dll
0x00007ffc0c530000 - 0x00007ffc0c7c3000 	C:\WINDOWS\WinSxS\amd64_microsoft.windows.common-controls_6595b64144ccf1df_6.0.26100.8037_none_3e092faae333b53b\COMCTL32.dll
0x00007ffc28510000 - 0x00007ffc2863b000 	C:\WINDOWS\System32\gdi32full.dll
0x00007ffc294a0000 - 0x00007ffc29549000 	C:\WINDOWS\System32\msvcrt.dll
0x00007ffc28460000 - 0x00007ffc28503000 	C:\WINDOWS\System32\msvcp_win.dll
0x00007ffc2afb0000 - 0x00007ffc2afe1000 	C:\WINDOWS\System32\IMM32.DLL
0x0000000067190000 - 0x000000006719d000 	C:\Program Files (x86)\360\Total Security\safemon\SafeWrapper.dll
0x00007ffc2b070000 - 0x00007ffc2b12b000 	C:\WINDOWS\System32\ADVAPI32.dll
0x00007ffc2a530000 - 0x00007ffc2a5d7000 	C:\WINDOWS\System32\sechost.dll
0x00007ffc2ac20000 - 0x00007ffc2ad38000 	C:\WINDOWS\System32\RPCRT4.dll
0x00007ffc23100000 - 0x00007ffc23205000 	C:\Program Files (x86)\360\Total Security\safemon\libzdtp64.dll
0x00007ffc29550000 - 0x00007ffc29caf000 	C:\WINDOWS\System32\SHELL32.dll
0x00007ffc29230000 - 0x00007ffc2939a000 	C:\WINDOWS\System32\wintypes.dll
0x00007ffc2a5e0000 - 0x00007ffc2a962000 	C:\WINDOWS\System32\combase.dll
0x00007ffc29e90000 - 0x00007ffc29ef7000 	C:\WINDOWS\System32\SHLWAPI.dll
0x00007ffc28840000 - 0x00007ffc290a4000 	C:\WINDOWS\System32\Windows.Storage.dll
0x00007ffc27800000 - 0x00007ffc2780b000 	C:\WINDOWS\SYSTEM32\VERSION.dll
0x00007ffc0e950000 - 0x00007ffc0e95c000 	C:\Users\JEREMIE\.vscode\extensions\redhat.java-1.54.0-win32-x64\jre\21.0.10-win32-x86_64\bin\vcruntime140_1.dll
0x00007ffb989d0000 - 0x00007ffb98a5d000 	C:\Users\JEREMIE\.vscode\extensions\redhat.java-1.54.0-win32-x64\jre\21.0.10-win32-x86_64\bin\msvcp140.dll
0x00007ffb11ef0000 - 0x00007ffb12c91000 	C:\Users\JEREMIE\.vscode\extensions\redhat.java-1.54.0-win32-x64\jre\21.0.10-win32-x86_64\bin\server\jvm.dll
0x00007ffc2aad0000 - 0x00007ffc2ab44000 	C:\WINDOWS\System32\WS2_32.dll
0x00007ffc0f7f0000 - 0x00007ffc0f825000 	C:\WINDOWS\SYSTEM32\WINMM.dll
0x00007ffc27d40000 - 0x00007ffc27d9e000 	C:\WINDOWS\SYSTEM32\POWRPROF.dll
0x00007ffc27d10000 - 0x00007ffc27d24000 	C:\WINDOWS\SYSTEM32\UMPDC.dll
0x00007ffc26bc0000 - 0x00007ffc26bdb000 	C:\WINDOWS\SYSTEM32\kernel.appcore.dll
0x00007ffc0e130000 - 0x00007ffc0e13a000 	C:\Users\JEREMIE\.vscode\extensions\redhat.java-1.54.0-win32-x64\jre\21.0.10-win32-x86_64\bin\jimage.dll
0x00007ffc25d40000 - 0x00007ffc25f82000 	C:\WINDOWS\SYSTEM32\DBGHELP.DLL
0x00007ffc2b160000 - 0x00007ffc2b237000 	C:\WINDOWS\System32\OLEAUT32.dll
0x00007ffc026d0000 - 0x00007ffc0270b000 	C:\WINDOWS\SYSTEM32\dbgcore.DLL
0x00007ffc28790000 - 0x00007ffc28835000 	C:\WINDOWS\System32\bcryptPrimitives.dll
0x00007ffc07ab0000 - 0x00007ffc07abf000 	C:\Users\JEREMIE\.vscode\extensions\redhat.java-1.54.0-win32-x64\jre\21.0.10-win32-x86_64\bin\instrument.dll
0x00007ffbb7110000 - 0x00007ffbb7130000 	C:\Users\JEREMIE\.vscode\extensions\redhat.java-1.54.0-win32-x64\jre\21.0.10-win32-x86_64\bin\java.dll
0x00007ffc2a430000 - 0x00007ffc2a527000 	C:\WINDOWS\System32\SHCORE.dll
0x00007ffc27e00000 - 0x00007ffc27e29000 	C:\WINDOWS\SYSTEM32\profapi.dll
0x00007ffbb6d70000 - 0x00007ffbb6d88000 	C:\Users\JEREMIE\.vscode\extensions\redhat.java-1.54.0-win32-x64\jre\21.0.10-win32-x86_64\bin\zip.dll
0x00007ffc0c7d0000 - 0x00007ffc0c7e0000 	C:\Users\JEREMIE\.vscode\extensions\redhat.java-1.54.0-win32-x64\jre\21.0.10-win32-x86_64\bin\net.dll
0x00007ffc16b80000 - 0x00007ffc16ca7000 	C:\WINDOWS\SYSTEM32\WINHTTP.dll
0x00007ffc27110000 - 0x00007ffc2717b000 	C:\WINDOWS\system32\mswsock.dll
0x00007ffbb6d50000 - 0x00007ffbb6d66000 	C:\Users\JEREMIE\.vscode\extensions\redhat.java-1.54.0-win32-x64\jre\21.0.10-win32-x86_64\bin\nio.dll
0x00007ffc03340000 - 0x00007ffc03350000 	C:\Users\JEREMIE\.vscode\extensions\redhat.java-1.54.0-win32-x64\jre\21.0.10-win32-x86_64\bin\verify.dll
0x00007ffbdfff0000 - 0x00007ffbe0017000 	C:\Users\JEREMIE\.gradle\native\68d5fa5c4cc2d200863cafc0d521ce42e7d3e7ee720ec0a83991735586a16f82\windows-amd64\native-platform.dll
0x00007ffb5fb70000 - 0x00007ffb5fcb4000 	C:\Users\JEREMIE\.gradle\native\e376f236ea51e6404a007f0833ffe2c6e607c4080706a723a18a27aeea778392\windows-amd64\native-platform-file-events.dll
0x00007ffc17600000 - 0x00007ffc1760a000 	C:\Users\JEREMIE\.vscode\extensions\redhat.java-1.54.0-win32-x64\jre\21.0.10-win32-x86_64\bin\management.dll
0x00007ffc17400000 - 0x00007ffc1740c000 	C:\Users\JEREMIE\.vscode\extensions\redhat.java-1.54.0-win32-x64\jre\21.0.10-win32-x86_64\bin\management_ext.dll
0x00007ffc29f80000 - 0x00007ffc29f88000 	C:\WINDOWS\System32\PSAPI.DLL
0x00007ffc27510000 - 0x00007ffc2752b000 	C:\WINDOWS\SYSTEM32\CRYPTSP.dll
0x00007ffc26b20000 - 0x00007ffc26b59000 	C:\WINDOWS\system32\rsaenh.dll
0x00007ffc271c0000 - 0x00007ffc271f2000 	C:\WINDOWS\SYSTEM32\USERENV.dll
0x00007ffc27dd0000 - 0x00007ffc27dfa000 	C:\WINDOWS\SYSTEM32\bcrypt.dll
0x00007ffc27370000 - 0x00007ffc2737c000 	C:\WINDOWS\SYSTEM32\CRYPTBASE.dll
0x00007ffc264d0000 - 0x00007ffc26503000 	C:\WINDOWS\SYSTEM32\IPHLPAPI.DLL
0x00007ffc2a420000 - 0x00007ffc2a42a000 	C:\WINDOWS\System32\NSI.dll
0x00007ffc08db0000 - 0x00007ffc08db9000 	C:\Users\JEREMIE\.vscode\extensions\redhat.java-1.54.0-win32-x64\jre\21.0.10-win32-x86_64\bin\extnet.dll
0x00007ffc0ab10000 - 0x00007ffc0ab1e000 	C:\Users\JEREMIE\.vscode\extensions\redhat.java-1.54.0-win32-x64\jre\21.0.10-win32-x86_64\bin\sunmscapi.dll
0x00007ffc27ee0000 - 0x00007ffc28057000 	C:\WINDOWS\System32\CRYPT32.dll
0x00007ffc27670000 - 0x00007ffc276a0000 	C:\WINDOWS\SYSTEM32\ncrypt.dll
0x00007ffc27620000 - 0x00007ffc2765f000 	C:\WINDOWS\SYSTEM32\NTASN1.dll
0x00007ffc0aa70000 - 0x00007ffc0aa78000 	C:\WINDOWS\system32\wshunix.dll

JVMTI agents:
C:\Users\JEREMIE\.gradle\wrapper\dists\gradle-8.3-all\6en3ugtfdg5xnpx44z4qbwgas\gradle-8.3\lib\agents\gradle-instrumentation-agent-8.3.jar path:C:\Users\JEREMIE\.vscode\extensions\redhat.java-1.54.0-win32-x64\jre\21.0.10-win32-x86_64\bin\instrument.dll, loaded, initialized, instrumentlib options:none

dbghelp: loaded successfully - version: 4.0.5 - missing functions: none
symbol engine: initialized successfully - sym options: 0x614 - pdb path: .;C:\Users\JEREMIE\.vscode\extensions\redhat.java-1.54.0-win32-x64\jre\21.0.10-win32-x86_64\bin;C:\WINDOWS\SYSTEM32;C:\WINDOWS\WinSxS\amd64_microsoft.windows.common-controls_6595b64144ccf1df_6.0.26100.8037_none_3e092faae333b53b;C:\Program Files (x86)\360\Total Security\safemon;C:\Users\JEREMIE\.vscode\extensions\redhat.java-1.54.0-win32-x64\jre\21.0.10-win32-x86_64\bin\server;C:\Users\JEREMIE\.gradle\native\68d5fa5c4cc2d200863cafc0d521ce42e7d3e7ee720ec0a83991735586a16f82\windows-amd64;C:\Users\JEREMIE\.gradle\native\e376f236ea51e6404a007f0833ffe2c6e607c4080706a723a18a27aeea778392\windows-amd64

VM Arguments:
jvm_args: --add-opens=java.base/java.util=ALL-UNNAMED --add-opens=java.base/java.lang=ALL-UNNAMED --add-opens=java.base/java.lang.invoke=ALL-UNNAMED --add-opens=java.prefs/java.util.prefs=ALL-UNNAMED --add-opens=java.base/java.nio.charset=ALL-UNNAMED --add-opens=java.base/java.net=ALL-UNNAMED --add-opens=java.base/java.util.concurrent.atomic=ALL-UNNAMED -XX:MaxMetaspaceSize=384m -XX:+HeapDumpOnOutOfMemoryError -Xms256m -Xmx512m -Dfile.encoding=utf8 -Duser.country=CM -Duser.language=fr -Duser.variant -javaagent:C:\Users\JEREMIE\.gradle\wrapper\dists\gradle-8.3-all\6en3ugtfdg5xnpx44z4qbwgas\gradle-8.3\lib\agents\gradle-instrumentation-agent-8.3.jar 
java_command: org.gradle.launcher.daemon.bootstrap.GradleDaemon 8.3
java_class_path (initial): C:\Users\JEREMIE\.gradle\wrapper\dists\gradle-8.3-all\6en3ugtfdg5xnpx44z4qbwgas\gradle-8.3\lib\gradle-launcher-8.3.jar
Launcher Type: SUN_STANDARD

[Global flags]
     intx CICompilerCount                          = 4                                         {product} {ergonomic}
   size_t CompressedClassSpaceSize                 = 335544320                                 {product} {ergonomic}
     uint ConcGCThreads                            = 2                                         {product} {ergonomic}
     uint G1ConcRefinementThreads                  = 8                                         {product} {ergonomic}
   size_t G1HeapRegionSize                         = 1048576                                   {product} {ergonomic}
    uintx GCDrainStackTargetSize                   = 64                                        {product} {ergonomic}
     bool HeapDumpOnOutOfMemoryError               = true                                   {manageable} {command line}
   size_t InitialHeapSize                          = 268435456                                 {product} {command line}
   size_t MarkStackSize                            = 4194304                                   {product} {ergonomic}
   size_t MaxHeapSize                              = 536870912                                 {product} {command line}
   size_t MaxMetaspaceSize                         = 402653184                                 {product} {command line}
   size_t MaxNewSize                               = 321912832                                 {product} {ergonomic}
   size_t MinHeapDeltaBytes                        = 1048576                                   {product} {ergonomic}
   size_t MinHeapSize                              = 268435456                                 {product} {command line}
    uintx NonNMethodCodeHeapSize                   = 5839372                                {pd product} {ergonomic}
    uintx NonProfiledCodeHeapSize                  = 122909434                              {pd product} {ergonomic}
    uintx ProfiledCodeHeapSize                     = 122909434                              {pd product} {ergonomic}
    uintx ReservedCodeCacheSize                    = 251658240                              {pd product} {ergonomic}
     bool SegmentedCodeCache                       = true                                      {product} {ergonomic}
   size_t SoftMaxHeapSize                          = 536870912                              {manageable} {ergonomic}
     bool UseCompressedOops                        = true                           {product lp64_product} {ergonomic}
     bool UseG1GC                                  = true                                      {product} {ergonomic}
     bool UseLargePagesIndividualAllocation        = false                                  {pd product} {ergonomic}

Logging:
Log output configuration:
 #0: stdout all=warning uptime,level,tags foldmultilines=false
 #1: stderr all=off uptime,level,tags foldmultilines=false

Release file:
JAVA_VERSION="21.0.10" 
MODULES="java.base java.compiler java.datatransfer java.xml java.prefs java.desktop java.instrument java.logging java.management java.security.sasl java.naming java.rmi java.management.rmi java.net.http java.scripting java.security.jgss java.transaction.xa java.sql java.sql.rowset java.xml.crypto java.se java.smartcardio jdk.accessibility jdk.internal.jvmstat jdk.attach jdk.charsets jdk.internal.opt jdk.zipfs jdk.compiler jdk.crypto.ec jdk.crypto.cryptoki jdk.crypto.mscapi jdk.dynalink jdk.internal.ed jdk.editpad jdk.hotspot.agent jdk.httpserver jdk.internal.le jdk.internal.vm.ci jdk.internal.vm.compiler jdk.internal.vm.compiler.management jdk.jartool jdk.javadoc jdk.jcmd jdk.management jdk.management.agent jdk.jconsole jdk.jdeps jdk.jdwp.agent jdk.jdi jdk.jfr jdk.jshell jdk.jsobject jdk.jstatd jdk.localedata jdk.management.jfr jdk.naming.dns jdk.naming.rmi jdk.net jdk.nio.mapmode jdk.random jdk.sctp jdk.security.auth jdk.security.jgss jdk.unsupported jdk.unsupported.desktop jdk.xml.dom" 

Environment Variables:
JAVA_HOME=E:\Programme\Java\jdk-24
PATH=C:\Program Files\Common Files\Oracle\Java\javapath;E:\Programme\Java\jdk-24\bin;E:\Programme\Vmware\bin\;E:\Programme\Python39\Scripts\;E:\Programme\Python39\;C:\WINDOWS\system32;C:\WINDOWS;C:\WINDOWS\System32\Wbem;C:\WINDOWS\System32\WindowsPowerShell\v1.0\;C:\WINDOWS\System32\OpenSSH\;E:\Programme\flutter\flutter\bin;E:\Programme\platform-tools;E:\Programme\Git\Git\cmd;C:\apktools;C:\Program Files\Docker\Docker\resources\bin;E:\Programme\nodejs\;E:\Programme\python38_32bit\Scripts\;E:\Programme\python38_32bit\;C:\Users\JEREMIE\AppData\Local\Microsoft\WindowsApps;E:\Programme\VSCode\Microsoft VS Code\bin;E:\Programme\MinGW\bin;E:\Programme\flutter\flutter\bin;E:\Programme\jdk;C:\Users\JEREMIE\.lmstudio\bin;E:\Programme\Nmap;C:\Users\JEREMIE\AppData\Local\Programs\Antigravity\bin;C:\Users\JEREMIE\AppData\Local\Microsoft\WindowsApps;C:\Users\JEREMIE\AppData\Roaming\npm;C:\Users\JEREMIE\AppData\Local\Programs\Antigravity IDE\bin
USERNAME=JEREMIE
OS=Windows_NT
PROCESSOR_IDENTIFIER=Intel64 Family 6 Model 142 Stepping 12, GenuineIntel
TMP=C:\Users\JEREMIE\AppData\Local\Temp
TEMP=C:\Users\JEREMIE\AppData\Local\Temp




Periodic native trim disabled

---------------  S Y S T E M  ---------------

OS:
 Windows 11 , 64 bit Build 26100 (10.0.26100.7920)
OS uptime: 1 days 6:15 hours
Hyper-V role detected

CPU: total 8 (initial active 8) (4 cores per cpu, 2 threads per core) family 6 model 142 stepping 12 microcode 0xfa, cx8, cmov, fxsr, ht, mmx, 3dnowpref, sse, sse2, sse3, ssse3, sse4.1, sse4.2, popcnt, lzcnt, tsc, tscinvbit, avx, avx2, aes, erms, clmul, bmi1, bmi2, adx, fma, vzeroupper, clflush, clflushopt, hv, rdtscp, f16c
Processor Information for the first 8 processors :
  Max Mhz: 1992, Current Mhz: 796, Mhz Limit: 796

Memory: 4k page, system-wide physical 7971M (558M free)
TotalPageFile size 18371M (AvailPageFile size 31M)
current process WorkingSet (physical memory assigned to process): 242M, peak: 247M
current process commit charge ("private bytes"): 431M, peak: 439M

vm_info: OpenJDK 64-Bit Server VM (21.0.10+7-LTS) for windows-amd64 JRE (21.0.10+7-LTS), built on 2026-01-20T00:00:00Z by "admin" with MS VC++ 17.12 (VS2022)

END.
