#
# There is insufficient memory for the Java Runtime Environment to continue.
# Native memory allocation (malloc) failed to allocate 1559856 bytes. Error detail: Chunk::new
# Possible reasons:
#   The system is out of physical RAM or swap space
#   This process is running with CompressedOops enabled, and the Java Heap may be blocking the growth of the native heap
# Possible solutions:
#   Reduce memory load on the system
#   Increase physical memory or swap space
#   Check if swap backing store is full
#   Decrease Java heap size (-Xmx/-Xms)
#   Decrease number of Java threads
#   Decrease Java thread stack sizes (-Xss)
#   Set larger code cache with -XX:ReservedCodeCacheSize=
#   JVM is running with Unscaled Compressed Oops mode in which the Java heap is
#     placed in the first 4GB address space. The Java Heap base address is the
#     maximum limit for the native heap growth. Please use -XX:HeapBaseMinAddress
#     to set the Java Heap base and to place the Java Heap above 4GB virtual address.
# This output file may be truncated or incomplete.
#
#  Out of Memory Error (arena.cpp:168), pid=30480, tid=32688
#
# JRE version: OpenJDK Runtime Environment Temurin-21.0.10+7 (21.0.10+7) (build 21.0.10+7-LTS)
# Java VM: OpenJDK 64-Bit Server VM Temurin-21.0.10+7 (21.0.10+7-LTS, mixed mode, sharing, tiered, compressed oops, compressed class ptrs, parallel gc, windows-amd64)
# No core dump will be written. Minidumps are not enabled by default on client versions of Windows
#

---------------  S U M M A R Y ------------

Command Line: --add-modules=ALL-SYSTEM --add-opens=java.base/java.util=ALL-UNNAMED --add-opens=java.base/java.lang=ALL-UNNAMED --add-opens=java.base/sun.nio.fs=ALL-UNNAMED -Declipse.application=org.eclipse.jdt.ls.core.id1 -Dosgi.bundles.defaultStartLevel=4 -Declipse.product=org.eclipse.jdt.ls.core.product -Djava.import.generatesMetadataFilesAtProjectRoot=false -DDetectVMInstallationsJob.disabled=true -Dfile.encoding=utf8 -XX:+UseParallelGC -XX:GCTimeRatio=4 -XX:AdaptiveSizePolicyWeight=90 -Dsun.zip.disableMemoryMapping=true -Xmx2G -Xms100m -Xlog:disable -javaagent:c:\Users\JEREMIE\.vscode\extensions\redhat.java-1.54.0-win32-x64\lombok\lombok-1.18.39-4050.jar -XX:+HeapDumpOnOutOfMemoryError -XX:HeapDumpPath=c:\Users\JEREMIE\AppData\Roaming\Code\User\workspaceStorage\63474e2ec000af6b422a27403d030dcc\redhat.java -Daether.dependencyCollector.impl=bf c:\Users\JEREMIE\.vscode\extensions\redhat.java-1.54.0-win32-x64\server\plugins\org.eclipse.equinox.launcher_1.7.100.v20251111-0406.jar -configuration c:\Users\JEREMIE\AppData\Roaming\Code\User\globalStorage\redhat.java\1.54.0\config_win -data c:\Users\JEREMIE\AppData\Roaming\Code\User\workspaceStorage\63474e2ec000af6b422a27403d030dcc\redhat.java\jdt_ws --pipe=\\.\pipe\lsp-f1f3c140e5a8185303333748d973dd86-sock

Host: Intel(R) Core(TM) i7-8565U CPU @ 1.80GHz, 8 cores, 7G,  Windows 11 , 64 bit Build 26100 (10.0.26100.7920)
Time: Mon May 25 10:33:29 2026 Afr. centrale Ouest elapsed time: 18.484583 seconds (0d 0h 0m 18s)

---------------  T H R E A D  ---------------

Current thread (0x000002561170c210):  JavaThread "C2 CompilerThread2" daemon [_thread_in_native, id=32688, stack(0x000000bebb300000,0x000000bebb400000) (1024K)]


Current CompileTask:
C2:18484 6642       4       org.eclipse.osgi.internal.loader.BundleLoader::addExportedProvidersFor (167 bytes)

Stack: [0x000000bebb300000,0x000000bebb400000]
Native frames: (J=compiled Java code, j=interpreted, Vv=VM code, C=native code)
V  [jvm.dll+0x6d7a39]
V  [jvm.dll+0x8b4b26]
V  [jvm.dll+0x8b70de]
V  [jvm.dll+0x8b77c3]
V  [jvm.dll+0x284346]
V  [jvm.dll+0xc66ed]
V  [jvm.dll+0xc6c31]
V  [jvm.dll+0x3bec01]
V  [jvm.dll+0x38b162]
V  [jvm.dll+0x38a5aa]
V  [jvm.dll+0x24c560]
V  [jvm.dll+0x24bb40]
V  [jvm.dll+0x1cb34e]
V  [jvm.dll+0x25b85d]
V  [jvm.dll+0x259dea]
V  [jvm.dll+0x3f857e]
V  [jvm.dll+0x85f59d]
V  [jvm.dll+0x6d626d]
C  [ucrtbase.dll+0x37b0]
C  [KERNEL32.DLL+0x2e8d7]
C  [ntdll.dll+0x8c48c]


---------------  P R O C E S S  ---------------

Threads class SMR info:
_java_thread_list=0x0000025611949900, length=55, elements={
0x00000255b12bcba0, 0x00000255b1222660, 0x00000255b12277d0, 0x00000255b122a240,
0x00000255b122aca0, 0x00000255b122b700, 0x000002560a560080, 0x000002560a562a30,
0x000002560a57a5c0, 0x000002560a75a840, 0x000002560a8022b0, 0x000002560f7bb5b0,
0x000002560f947160, 0x000002560f61d8c0, 0x000002560f621f40, 0x000002560f56eda0,
0x000002560f56e080, 0x000002560f5707e0, 0x000002560f570e70, 0x000002560f570150,
0x000002560f571500, 0x000002560fc86420, 0x000002560f56e710, 0x00000256100af220,
0x00000256100ade70, 0x00000256100aeb90, 0x00000256100af8b0, 0x00000256100aff40,
0x00000256100ae500, 0x00000256100ad150, 0x00000256100ad7e0, 0x00000256100acac0,
0x00000256100b12f0, 0x00000256100b0c60, 0x00000256100b1980, 0x00000256100b2010,
0x00000256100b05d0, 0x00000256100b26a0, 0x00000256100b2d30, 0x00000256100b33c0,
0x00000256100b40e0, 0x00000256121708c0, 0x0000025612170f50, 0x0000025612171c70,
0x000002561170c210, 0x000002561216ee80, 0x00000256121715e0, 0x0000025612172300,
0x0000025612172990, 0x0000025612173020, 0x00000256121736b0, 0x0000025612170230,
0x0000025612173d40, 0x00000256121750f0, 0x0000025612175e10
}

Java Threads: ( => current thread )
  0x00000255b12bcba0 JavaThread "main"                              [_thread_blocked, id=30644, stack(0x000000beb7b00000,0x000000beb7c00000) (1024K)]
  0x00000255b1222660 JavaThread "Reference Handler"          daemon [_thread_blocked, id=28620, stack(0x000000beb7f00000,0x000000beb8000000) (1024K)]
  0x00000255b12277d0 JavaThread "Finalizer"                  daemon [_thread_blocked, id=29388, stack(0x000000beb8000000,0x000000beb8100000) (1024K)]
  0x00000255b122a240 JavaThread "Signal Dispatcher"          daemon [_thread_blocked, id=32084, stack(0x000000beb8100000,0x000000beb8200000) (1024K)]
  0x00000255b122aca0 JavaThread "Attach Listener"            daemon [_thread_blocked, id=12540, stack(0x000000beb8200000,0x000000beb8300000) (1024K)]
  0x00000255b122b700 JavaThread "Service Thread"             daemon [_thread_blocked, id=30824, stack(0x000000beb8300000,0x000000beb8400000) (1024K)]
  0x000002560a560080 JavaThread "Monitor Deflation Thread"   daemon [_thread_blocked, id=1436, stack(0x000000beb8400000,0x000000beb8500000) (1024K)]
  0x000002560a562a30 JavaThread "C2 CompilerThread0"         daemon [_thread_in_native, id=19984, stack(0x000000beb8500000,0x000000beb8600000) (1024K)]
  0x000002560a57a5c0 JavaThread "C1 CompilerThread0"         daemon [_thread_blocked, id=18276, stack(0x000000beb8600000,0x000000beb8700000) (1024K)]
  0x000002560a75a840 JavaThread "Common-Cleaner"             daemon [_thread_blocked, id=30576, stack(0x000000beb8700000,0x000000beb8800000) (1024K)]
  0x000002560a8022b0 JavaThread "Notification Thread"        daemon [_thread_blocked, id=30464, stack(0x000000beb8800000,0x000000beb8900000) (1024K)]
  0x000002560f7bb5b0 JavaThread "Active Thread: Equinox Container: dbf9e83e-874f-4d3d-a734-bee63cc7a501"        [_thread_blocked, id=30508, stack(0x000000beb8900000,0x000000beb8a00000) (1024K)]
  0x000002560f947160 JavaThread "Refresh Thread: Equinox Container: dbf9e83e-874f-4d3d-a734-bee63cc7a501" daemon [_thread_blocked, id=28160, stack(0x000000beb9100000,0x000000beb9200000) (1024K)]
  0x000002560f61d8c0 JavaThread "Framework Event Dispatcher: Equinox Container: dbf9e83e-874f-4d3d-a734-bee63cc7a501" daemon [_thread_blocked, id=33256, stack(0x000000beb8a00000,0x000000beb8b00000) (1024K)]
  0x000002560f621f40 JavaThread "Start Level: Equinox Container: dbf9e83e-874f-4d3d-a734-bee63cc7a501" daemon [_thread_blocked, id=28368, stack(0x000000beb9300000,0x000000beb9400000) (1024K)]
  0x000002560f56eda0 JavaThread "Bundle File Closer"         daemon [_thread_blocked, id=32136, stack(0x000000beb9600000,0x000000beb9700000) (1024K)]
  0x000002560f56e080 JavaThread "SCR Component Actor"        daemon [_thread_blocked, id=28004, stack(0x000000beb9400000,0x000000beb9500000) (1024K)]
  0x000002560f5707e0 JavaThread "Worker-JM"                         [_thread_blocked, id=3352, stack(0x000000beb9700000,0x000000beb9800000) (1024K)]
  0x000002560f570e70 JavaThread "JNA Cleaner"                daemon [_thread_blocked, id=15672, stack(0x000000beb9800000,0x000000beb9900000) (1024K)]
  0x000002560f570150 JavaThread "Worker-0: Initialize Workspace"        [_thread_in_native, id=31400, stack(0x000000beb9900000,0x000000beb9a00000) (1024K)]
  0x000002560f571500 JavaThread "Worker-1"                          [_thread_blocked, id=33020, stack(0x000000beb9a00000,0x000000beb9b00000) (1024K)]
  0x000002560fc86420 JavaThread "C2 CompilerThread1"         daemon [_thread_in_native, id=26692, stack(0x000000beb9500000,0x000000beb9600000) (1024K)]
  0x000002560f56e710 JavaThread "Worker-2"                          [_thread_blocked, id=9400, stack(0x000000beb9b00000,0x000000beb9c00000) (1024K)]
  0x00000256100af220 JavaThread "Worker-3: Synchronize Gradle projects with workspace"        [_thread_blocked, id=33068, stack(0x000000beb9c00000,0x000000beb9d00000) (1024K)]
  0x00000256100ade70 JavaThread "Java indexing"              daemon [_thread_blocked, id=22156, stack(0x000000beb9d00000,0x000000beb9e00000) (1024K)]
  0x00000256100aeb90 JavaThread "Worker-4"                          [_thread_blocked, id=20524, stack(0x000000beba000000,0x000000beba100000) (1024K)]
  0x00000256100af8b0 JavaThread "Worker-5: Synchronize Gradle projects with workspace"        [_thread_blocked, id=27492, stack(0x000000beba100000,0x000000beba200000) (1024K)]
  0x00000256100aff40 JavaThread "Thread-1"                   daemon [_thread_in_native, id=28384, stack(0x000000beba200000,0x000000beba300000) (1024K)]
  0x00000256100ae500 JavaThread "Thread-2"                   daemon [_thread_in_native, id=23940, stack(0x000000beba300000,0x000000beba400000) (1024K)]
  0x00000256100ad150 JavaThread "Thread-3"                   daemon [_thread_in_native, id=13968, stack(0x000000beba400000,0x000000beba500000) (1024K)]
  0x00000256100ad7e0 JavaThread "Thread-4"                   daemon [_thread_in_native, id=32564, stack(0x000000beba500000,0x000000beba600000) (1024K)]
  0x00000256100acac0 JavaThread "Thread-5"                   daemon [_thread_in_native, id=30028, stack(0x000000beba600000,0x000000beba700000) (1024K)]
  0x00000256100b12f0 JavaThread "Thread-6"                   daemon [_thread_in_native, id=32464, stack(0x000000beba700000,0x000000beba800000) (1024K)]
  0x00000256100b0c60 JavaThread "Thread-7"                   daemon [_thread_in_native, id=18740, stack(0x000000beba800000,0x000000beba900000) (1024K)]
  0x00000256100b1980 JavaThread "Thread-8"                   daemon [_thread_in_native, id=25436, stack(0x000000beba900000,0x000000bebaa00000) (1024K)]
  0x00000256100b2010 JavaThread "Thread-9"                   daemon [_thread_in_native, id=30932, stack(0x000000bebaa00000,0x000000bebab00000) (1024K)]
  0x00000256100b05d0 JavaThread "pool-2-thread-1"                   [_thread_blocked, id=8244, stack(0x000000bebab00000,0x000000bebac00000) (1024K)]
  0x00000256100b26a0 JavaThread "Timer-0"                           [_thread_blocked, id=31332, stack(0x000000bebac00000,0x000000bebad00000) (1024K)]
  0x00000256100b2d30 JavaThread "Timer-1"                           [_thread_blocked, id=17400, stack(0x000000bebad00000,0x000000bebae00000) (1024K)]
  0x00000256100b33c0 JavaThread "Worker-6"                          [_thread_blocked, id=23568, stack(0x000000bebae00000,0x000000bebaf00000) (1024K)]
  0x00000256100b40e0 JavaThread "Timer-2"                           [_thread_blocked, id=20136, stack(0x000000bebaf00000,0x000000bebb000000) (1024K)]
  0x00000256121708c0 JavaThread "Timer-3"                           [_thread_blocked, id=16416, stack(0x000000bebb000000,0x000000bebb100000) (1024K)]
  0x0000025612170f50 JavaThread "WorkspaceEventsHandler"            [_thread_blocked, id=21228, stack(0x000000bebb100000,0x000000bebb200000) (1024K)]
  0x0000025612171c70 JavaThread "pool-1-thread-1"                   [_thread_blocked, id=30144, stack(0x000000bebb200000,0x000000bebb300000) (1024K)]
=>0x000002561170c210 JavaThread "C2 CompilerThread2"         daemon [_thread_in_native, id=32688, stack(0x000000bebb300000,0x000000bebb400000) (1024K)]
  0x000002561216ee80 JavaThread "Connection worker"                 [_thread_in_vm, id=28464, stack(0x000000bebb400000,0x000000bebb500000) (1024K)]
  0x00000256121715e0 JavaThread "Connection worker"                 [_thread_blocked, id=27532, stack(0x000000bebb500000,0x000000bebb600000) (1024K)]
  0x0000025612172300 JavaThread "ForkJoinPool.commonPool-worker-1" daemon [_thread_blocked, id=30728, stack(0x000000bebb600000,0x000000bebb700000) (1024K)]
  0x0000025612172990 JavaThread "ForkJoinPool.commonPool-worker-2" daemon [_thread_blocked, id=7236, stack(0x000000bebb700000,0x000000bebb800000) (1024K)]
  0x0000025612173020 JavaThread "ForkJoinPool.commonPool-worker-3" daemon [_thread_blocked, id=27068, stack(0x000000bebb800000,0x000000bebb900000) (1024K)]
  0x00000256121736b0 JavaThread "ForkJoinPool.commonPool-worker-4" daemon [_thread_blocked, id=22608, stack(0x000000bebb900000,0x000000bebba00000) (1024K)]
  0x0000025612170230 JavaThread "ForkJoinPool.commonPool-worker-5" daemon [_thread_blocked, id=7932, stack(0x000000bebba00000,0x000000bebbb00000) (1024K)]
  0x0000025612173d40 JavaThread "ForkJoinPool.commonPool-worker-6" daemon [_thread_blocked, id=21624, stack(0x000000bebbb00000,0x000000bebbc00000) (1024K)]
  0x00000256121750f0 JavaThread "ForkJoinPool.commonPool-worker-7" daemon [_thread_blocked, id=16692, stack(0x000000bebbc00000,0x000000bebbd00000) (1024K)]
  0x0000025612175e10 JavaThread "ProjectImportProgressReporter" daemon [_thread_blocked, id=20532, stack(0x000000bebbd00000,0x000000bebbe00000) (1024K)]
Total: 55

Other Threads:
  0x00000255b1212f50 VMThread "VM Thread"                           [id=32452, stack(0x000000beb7e00000,0x000000beb7f00000) (1024K)]
  0x00000255b110ca00 WatcherThread "VM Periodic Task Thread"        [id=18620, stack(0x000000beb7d00000,0x000000beb7e00000) (1024K)]
  0x00000255b12d18a0 WorkerThread "GC Thread#0"                     [id=32504, stack(0x000000beb7c00000,0x000000beb7d00000) (1024K)]
  0x000002560f5b1d70 WorkerThread "GC Thread#1"                     [id=34256, stack(0x000000beb8b00000,0x000000beb8c00000) (1024K)]
  0x000002560f5b24d0 WorkerThread "GC Thread#2"                     [id=27628, stack(0x000000beb8c00000,0x000000beb8d00000) (1024K)]
  0x000002560f5b1610 WorkerThread "GC Thread#3"                     [id=28524, stack(0x000000beb8d00000,0x000000beb8e00000) (1024K)]
  0x000002560f5b2880 WorkerThread "GC Thread#4"                     [id=33548, stack(0x000000beb8e00000,0x000000beb8f00000) (1024K)]
  0x000002560f5b19c0 WorkerThread "GC Thread#5"                     [id=27120, stack(0x000000beb8f00000,0x000000beb9000000) (1024K)]
  0x000002560f5b2120 WorkerThread "GC Thread#6"                     [id=4568, stack(0x000000beb9000000,0x000000beb9100000) (1024K)]
  0x000002560f5b1260 WorkerThread "GC Thread#7"                     [id=11216, stack(0x000000beb9200000,0x000000beb9300000) (1024K)]
Total: 10

Threads with active compile tasks:
C2 CompilerThread0  18617 6862       4       java.lang.invoke.MemberName::getMethodOrFieldType (72 bytes)
C2 CompilerThread1  18617 6859   !   4       java.net.URL::<init> (543 bytes)
C2 CompilerThread2  18617 6642       4       org.eclipse.osgi.internal.loader.BundleLoader::addExportedProvidersFor (167 bytes)
Total: 3

VM state: not at safepoint (normal execution)

VM Mutex/Monitor currently owned by a thread:  ([mutex/lock_event])
[0x00007ffb12bac4e0] Metaspace_lock - owner thread: 0x000002561216ee80

Heap address: 0x0000000080000000, size: 2048 MB, Compressed Oops mode: 32-bit

CDS archive(s) mapped at: [0x00000255c8000000-0x00000255c8ba0000-0x00000255c8ba0000), size 12189696, SharedBaseAddress: 0x00000255c8000000, ArchiveRelocationMode: 1.
Compressed class space mapped at: 0x00000255c9000000-0x0000025609000000, reserved size: 1073741824
Narrow klass base: 0x00000255c8000000, Narrow klass shift: 0, Narrow klass range: 0x100000000

GC Precious Log:
 CardTable entry size: 512
 CPUs: 8 total, 8 available
 Memory: 7971M
 Large Page Support: Disabled
 NUMA Support: Disabled
 Compressed Oops: Enabled (32-bit)
 Alignments: Space 512K, Generation 512K, Heap 2M
 Heap Min Capacity: 100M
 Heap Initial Capacity: 100M
 Heap Max Capacity: 2G
 Pre-touch: Disabled
 Parallel Workers: 8

Heap:
 PSYoungGen      total 13312K, used 11064K [0x00000000d5580000, 0x00000000d6a80000, 0x0000000100000000)
  eden space 12288K, 84% used [0x00000000d5580000,0x00000000d5fae150,0x00000000d6180000)
  from space 1024K, 62% used [0x00000000d6980000,0x00000000d6a20020,0x00000000d6a80000)
  to   space 2048K, 0% used [0x00000000d6680000,0x00000000d6680000,0x00000000d6880000)
 ParOldGen       total 68608K, used 53849K [0x0000000080000000, 0x0000000084300000, 0x00000000d5580000)
  object space 68608K, 78% used [0x0000000080000000,0x0000000083496768,0x0000000084300000)
 Metaspace       used 52404K, committed 53568K, reserved 1114112K
  class space    used 6084K, committed 6592K, reserved 1048576K

Card table byte_map: [0x00000255b0c20000,0x00000255b1030000] _byte_map_base: 0x00000255b0820000

Marking Bits: (ParMarkBitMap*) 0x00007ffb12bb3450
 Begin Bits: [0x00000255c3730000, 0x00000255c5730000)
 End Bits:   [0x00000255c5730000, 0x00000255c7730000)

Polling page: 0x00000255af020000

Metaspace:

Usage:
  Non-class:     45.23 MB used.
      Class:      5.94 MB used.
       Both:     51.18 MB used.

Virtual space:
  Non-class space:       64.00 MB reserved,      45.88 MB ( 72%) committed,  1 nodes.
      Class space:        1.00 GB reserved,       6.44 MB ( <1%) committed,  1 nodes.
             Both:        1.06 GB reserved,      52.31 MB (  5%) committed. 

Chunk freelists:
   Non-Class:  2.11 MB
       Class:  9.47 MB
        Both:  11.58 MB

MaxMetaspaceSize: unlimited
CompressedClassSpaceSize: 1.00 GB
Initial GC threshold: 21.00 MB
Current GC threshold: 58.38 MB
CDS: on
 - commit_granule_bytes: 65536.
 - commit_granule_words: 8192.
 - virtual_space_node_default_size: 8388608.
 - enlarge_chunks_in_place: 1.
 - use_allocation_guard: 0.


Internal statistics:

num_allocs_failed_limit: 8.
num_arena_births: 956.
num_arena_deaths: 42.
num_vsnodes_births: 2.
num_vsnodes_deaths: 0.
num_space_committed: 837.
num_space_uncommitted: 0.
num_chunks_returned_to_freelist: 62.
num_chunks_taken_from_freelist: 3454.
num_chunk_merges: 16.
num_chunk_splits: 2076.
num_chunks_enlarged: 1115.
num_inconsistent_stats: 0.

CodeHeap 'non-profiled nmethods': size=120000Kb used=3716Kb max_used=3716Kb free=116283Kb
 bounds [0x00000255bbf50000, 0x00000255bc300000, 0x00000255c3480000]
CodeHeap 'profiled nmethods': size=120000Kb used=12965Kb max_used=12965Kb free=107034Kb
 bounds [0x00000255b4480000, 0x00000255b5130000, 0x00000255bb9b0000]
CodeHeap 'non-nmethods': size=5760Kb used=1373Kb max_used=1464Kb free=4386Kb
 bounds [0x00000255bb9b0000, 0x00000255bbc20000, 0x00000255bbf50000]
CodeCache: size=245760Kb, used=18054Kb, max_used=18145Kb, free=227703Kb
 total_blobs=7007, nmethods=6333, adapters=580, full_count=0
Compilation: enabled, stopped_count=0, restarted_count=0

Compilation events (20 events):
Event: 18.452 Thread 0x000002560a57a5c0 nmethod 6890 0x00000255b511e710 code [0x00000255b511e8e0, 0x00000255b511eb50]
Event: 18.452 Thread 0x000002560a57a5c0 6892   !   3       sun.nio.fs.WindowsNativeDispatcher::GetFileInformationByHandle (29 bytes)
Event: 18.453 Thread 0x000002560a57a5c0 nmethod 6892 0x00000255b511ec90 code [0x00000255b511ee60, 0x00000255b511f060]
Event: 18.453 Thread 0x000002560a57a5c0 6891   !   3       sun.nio.fs.WindowsFileAttributes::readAttributes (156 bytes)
Event: 18.455 Thread 0x000002560fc86420 6859   !   4       java.net.URL::<init> (543 bytes)
Event: 18.456 Thread 0x000002560a57a5c0 nmethod 6891 0x00000255b511f190 code [0x00000255b511f4c0, 0x00000255b5120410]
Event: 18.456 Thread 0x000002560a57a5c0 6893       3       sun.nio.fs.WindowsFileAttributes::fromFileInformation (146 bytes)
Event: 18.457 Thread 0x000002560a57a5c0 nmethod 6893 0x00000255b5120c90 code [0x00000255b5120ea0, 0x00000255b51214d8]
Event: 18.457 Thread 0x000002560a57a5c0 6894       3       org.eclipse.core.runtime.jobs.Job::wakeUp (6 bytes)
Event: 18.458 Thread 0x000002560a57a5c0 nmethod 6894 0x00000255b5121890 code [0x00000255b5121a40, 0x00000255b5121c10]
Event: 18.458 Thread 0x000002560a57a5c0 6895       3       org.eclipse.core.internal.jobs.InternalJob::wakeUp (9 bytes)
Event: 18.458 Thread 0x000002560a57a5c0 nmethod 6895 0x00000255b5121d10 code [0x00000255b5121ec0, 0x00000255b5122028]
Event: 18.461 Thread 0x000002560a562a30 nmethod 6866% 0x00000255bc2eeb90 code [0x00000255bc2eee00, 0x00000255bc2efae0]
Event: 18.464 Thread 0x000002560a562a30 6862       4       java.lang.invoke.MemberName::getMethodOrFieldType (72 bytes)
Event: 18.474 Thread 0x000002560a57a5c0 6898       3       java.lang.invoke.LambdaFormBuffer::clearDuplicatesAndNulls (268 bytes)
Event: 18.475 Thread 0x000002560a57a5c0 nmethod 6898 0x00000255b5122110 code [0x00000255b51223a0, 0x00000255b5123358]
Event: 18.475 Thread 0x000002560a57a5c0 6899       3       java.lang.invoke.LambdaFormBuffer::lambdaForm (37 bytes)
Event: 18.476 Thread 0x000002560a57a5c0 nmethod 6899 0x00000255b5123890 code [0x00000255b5123a80, 0x00000255b5123e60]
Event: 18.476 Thread 0x000002560a57a5c0 6900       3       java.lang.invoke.LambdaFormBuffer::nameArray (15 bytes)
Event: 18.476 Thread 0x000002560a57a5c0 nmethod 6900 0x00000255b5124010 code [0x00000255b51241e0, 0x00000255b51244b0]

GC Heap History (20 events):
Event: 14.256 GC heap before
{Heap before GC invocations=19 (full 2):
 PSYoungGen      total 23040K, used 22880K [0x00000000d5580000, 0x00000000d7100000, 0x0000000100000000)
  eden space 22016K, 100% used [0x00000000d5580000,0x00000000d6b00000,0x00000000d6b00000)
  from space 1024K, 84% used [0x00000000d7000000,0x00000000d70d8000,0x00000000d7100000)
  to   space 1536K, 0% used [0x00000000d6e00000,0x00000000d6e00000,0x00000000d6f80000)
 ParOldGen       total 68608K, used 22565K [0x0000000080000000, 0x0000000084300000, 0x00000000d5580000)
  object space 68608K, 32% used [0x0000000080000000,0x00000000816094a8,0x0000000084300000)
 Metaspace       used 43260K, committed 44416K, reserved 1114112K
  class space    used 4762K, committed 5248K, reserved 1048576K
}
Event: 14.260 GC heap after
{Heap after GC invocations=19 (full 2):
 PSYoungGen      total 23552K, used 1408K [0x00000000d5580000, 0x00000000d7080000, 0x0000000100000000)
  eden space 22016K, 0% used [0x00000000d5580000,0x00000000d5580000,0x00000000d6b00000)
  from space 1536K, 91% used [0x00000000d6e00000,0x00000000d6f60000,0x00000000d6f80000)
  to   space 1024K, 0% used [0x00000000d6f80000,0x00000000d6f80000,0x00000000d7080000)
 ParOldGen       total 68608K, used 23229K [0x0000000080000000, 0x0000000084300000, 0x00000000d5580000)
  object space 68608K, 33% used [0x0000000080000000,0x00000000816af4b8,0x0000000084300000)
 Metaspace       used 43260K, committed 44416K, reserved 1114112K
  class space    used 4762K, committed 5248K, reserved 1048576K
}
Event: 14.832 GC heap before
{Heap before GC invocations=20 (full 2):
 PSYoungGen      total 23552K, used 23424K [0x00000000d5580000, 0x00000000d7080000, 0x0000000100000000)
  eden space 22016K, 100% used [0x00000000d5580000,0x00000000d6b00000,0x00000000d6b00000)
  from space 1536K, 91% used [0x00000000d6e00000,0x00000000d6f60000,0x00000000d6f80000)
  to   space 1024K, 0% used [0x00000000d6f80000,0x00000000d6f80000,0x00000000d7080000)
 ParOldGen       total 68608K, used 23229K [0x0000000080000000, 0x0000000084300000, 0x00000000d5580000)
  object space 68608K, 33% used [0x0000000080000000,0x00000000816af4b8,0x0000000084300000)
 Metaspace       used 44697K, committed 45888K, reserved 1114112K
  class space    used 4975K, committed 5504K, reserved 1048576K
}
Event: 14.837 GC heap after
{Heap after GC invocations=20 (full 2):
 PSYoungGen      total 16384K, used 994K [0x00000000d5580000, 0x00000000d8100000, 0x0000000100000000)
  eden space 15360K, 0% used [0x00000000d5580000,0x00000000d5580000,0x00000000d6480000)
  from space 1024K, 97% used [0x00000000d6f80000,0x00000000d70788a8,0x00000000d7080000)
  to   space 11264K, 0% used [0x00000000d6480000,0x00000000d6480000,0x00000000d6f80000)
 ParOldGen       total 68608K, used 31879K [0x0000000080000000, 0x0000000084300000, 0x00000000d5580000)
  object space 68608K, 46% used [0x0000000080000000,0x0000000081f21f38,0x0000000084300000)
 Metaspace       used 44697K, committed 45888K, reserved 1114112K
  class space    used 4975K, committed 5504K, reserved 1048576K
}
Event: 15.142 GC heap before
{Heap before GC invocations=21 (full 2):
 PSYoungGen      total 16384K, used 16354K [0x00000000d5580000, 0x00000000d8100000, 0x0000000100000000)
  eden space 15360K, 100% used [0x00000000d5580000,0x00000000d6480000,0x00000000d6480000)
  from space 1024K, 97% used [0x00000000d6f80000,0x00000000d70788a8,0x00000000d7080000)
  to   space 11264K, 0% used [0x00000000d6480000,0x00000000d6480000,0x00000000d6f80000)
 ParOldGen       total 68608K, used 31880K [0x0000000080000000, 0x0000000084300000, 0x00000000d5580000)
  object space 68608K, 46% used [0x0000000080000000,0x0000000081f22098,0x0000000084300000)
 Metaspace       used 46371K, committed 47616K, reserved 1114112K
  class space    used 5238K, committed 5760K, reserved 1048576K
}
Event: 15.144 GC heap after
{Heap after GC invocations=21 (full 2):
 PSYoungGen      total 16384K, used 704K [0x00000000d5580000, 0x00000000d7300000, 0x0000000100000000)
  eden space 15360K, 0% used [0x00000000d5580000,0x00000000d5580000,0x00000000d6480000)
  from space 1024K, 68% used [0x00000000d6480000,0x00000000d6530000,0x00000000d6580000)
  to   space 4096K, 0% used [0x00000000d6f00000,0x00000000d6f00000,0x00000000d7300000)
 ParOldGen       total 68608K, used 32837K [0x0000000080000000, 0x0000000084300000, 0x00000000d5580000)
  object space 68608K, 47% used [0x0000000080000000,0x0000000082011600,0x0000000084300000)
 Metaspace       used 46371K, committed 47616K, reserved 1114112K
  class space    used 5238K, committed 5760K, reserved 1048576K
}
Event: 15.547 GC heap before
{Heap before GC invocations=22 (full 2):
 PSYoungGen      total 16384K, used 16064K [0x00000000d5580000, 0x00000000d7300000, 0x0000000100000000)
  eden space 15360K, 100% used [0x00000000d5580000,0x00000000d6480000,0x00000000d6480000)
  from space 1024K, 68% used [0x00000000d6480000,0x00000000d6530000,0x00000000d6580000)
  to   space 4096K, 0% used [0x00000000d6f00000,0x00000000d6f00000,0x00000000d7300000)
 ParOldGen       total 68608K, used 32840K [0x0000000080000000, 0x0000000084300000, 0x00000000d5580000)
  object space 68608K, 47% used [0x0000000080000000,0x0000000082012010,0x0000000084300000)
 Metaspace       used 47706K, committed 48960K, reserved 1114112K
  class space    used 5437K, committed 5952K, reserved 1048576K
}
Event: 15.551 GC heap after
{Heap after GC invocations=22 (full 2):
 PSYoungGen      total 16896K, used 1099K [0x00000000d5580000, 0x00000000d7080000, 0x0000000100000000)
  eden space 15360K, 0% used [0x00000000d5580000,0x00000000d5580000,0x00000000d6480000)
  from space 1536K, 71% used [0x00000000d6f00000,0x00000000d7012ea0,0x00000000d7080000)
  to   space 1536K, 0% used [0x00000000d6d80000,0x00000000d6d80000,0x00000000d6f00000)
 ParOldGen       total 68608K, used 33424K [0x0000000080000000, 0x0000000084300000, 0x00000000d5580000)
  object space 68608K, 48% used [0x0000000080000000,0x00000000820a4010,0x0000000084300000)
 Metaspace       used 47706K, committed 48960K, reserved 1114112K
  class space    used 5437K, committed 5952K, reserved 1048576K
}
Event: 16.266 GC heap before
{Heap before GC invocations=23 (full 2):
 PSYoungGen      total 16896K, used 16459K [0x00000000d5580000, 0x00000000d7080000, 0x0000000100000000)
  eden space 15360K, 100% used [0x00000000d5580000,0x00000000d6480000,0x00000000d6480000)
  from space 1536K, 71% used [0x00000000d6f00000,0x00000000d7012ea0,0x00000000d7080000)
  to   space 1536K, 0% used [0x00000000d6d80000,0x00000000d6d80000,0x00000000d6f00000)
 ParOldGen       total 68608K, used 33424K [0x0000000080000000, 0x0000000084300000, 0x00000000d5580000)
  object space 68608K, 48% used [0x0000000080000000,0x00000000820a4010,0x0000000084300000)
 Metaspace       used 48603K, committed 49856K, reserved 1114112K
  class space    used 5548K, committed 6080K, reserved 1048576K
}
Event: 16.268 GC heap after
{Heap after GC invocations=23 (full 2):
 PSYoungGen      total 16384K, used 736K [0x00000000d5580000, 0x00000000d6f80000, 0x0000000100000000)
  eden space 15360K, 0% used [0x00000000d5580000,0x00000000d5580000,0x00000000d6480000)
  from space 1024K, 71% used [0x00000000d6d80000,0x00000000d6e38000,0x00000000d6e80000)
  to   space 1024K, 0% used [0x00000000d6e80000,0x00000000d6e80000,0x00000000d6f80000)
 ParOldGen       total 68608K, used 34264K [0x0000000080000000, 0x0000000084300000, 0x00000000d5580000)
  object space 68608K, 49% used [0x0000000080000000,0x00000000821760b8,0x0000000084300000)
 Metaspace       used 48603K, committed 49856K, reserved 1114112K
  class space    used 5548K, committed 6080K, reserved 1048576K
}
Event: 16.724 GC heap before
{Heap before GC invocations=24 (full 2):
 PSYoungGen      total 16384K, used 16096K [0x00000000d5580000, 0x00000000d6f80000, 0x0000000100000000)
  eden space 15360K, 100% used [0x00000000d5580000,0x00000000d6480000,0x00000000d6480000)
  from space 1024K, 71% used [0x00000000d6d80000,0x00000000d6e38000,0x00000000d6e80000)
  to   space 1024K, 0% used [0x00000000d6e80000,0x00000000d6e80000,0x00000000d6f80000)
 ParOldGen       total 68608K, used 34264K [0x0000000080000000, 0x0000000084300000, 0x00000000d5580000)
  object space 68608K, 49% used [0x0000000080000000,0x00000000821760d0,0x0000000084300000)
 Metaspace       used 49110K, committed 50304K, reserved 1114112K
  class space    used 5591K, committed 6080K, reserved 1048576K
}
Event: 16.726 GC heap after
{Heap after GC invocations=24 (full 2):
 PSYoungGen      total 16384K, used 864K [0x00000000d5580000, 0x00000000d6f80000, 0x0000000100000000)
  eden space 15360K, 0% used [0x00000000d5580000,0x00000000d5580000,0x00000000d6480000)
  from space 1024K, 84% used [0x00000000d6e80000,0x00000000d6f58000,0x00000000d6f80000)
  to   space 1024K, 0% used [0x00000000d6d80000,0x00000000d6d80000,0x00000000d6e80000)
 ParOldGen       total 68608K, used 34865K [0x0000000080000000, 0x0000000084300000, 0x00000000d5580000)
  object space 68608K, 50% used [0x0000000080000000,0x000000008220c670,0x0000000084300000)
 Metaspace       used 49110K, committed 50304K, reserved 1114112K
  class space    used 5591K, committed 6080K, reserved 1048576K
}
Event: 17.083 GC heap before
{Heap before GC invocations=25 (full 2):
 PSYoungGen      total 16384K, used 16224K [0x00000000d5580000, 0x00000000d6f80000, 0x0000000100000000)
  eden space 15360K, 100% used [0x00000000d5580000,0x00000000d6480000,0x00000000d6480000)
  from space 1024K, 84% used [0x00000000d6e80000,0x00000000d6f58000,0x00000000d6f80000)
  to   space 1024K, 0% used [0x00000000d6d80000,0x00000000d6d80000,0x00000000d6e80000)
 ParOldGen       total 68608K, used 34871K [0x0000000080000000, 0x0000000084300000, 0x00000000d5580000)
  object space 68608K, 50% used [0x0000000080000000,0x000000008220dd20,0x0000000084300000)
 Metaspace       used 49328K, committed 50560K, reserved 1114112K
  class space    used 5613K, committed 6144K, reserved 1048576K
}
Event: 17.090 GC heap after
{Heap after GC invocations=25 (full 2):
 PSYoungGen      total 16384K, used 1008K [0x00000000d5580000, 0x00000000d7280000, 0x0000000100000000)
  eden space 15360K, 0% used [0x00000000d5580000,0x00000000d5580000,0x00000000d6480000)
  from space 1024K, 98% used [0x00000000d6d80000,0x00000000d6e7c380,0x00000000d6e80000)
  to   space 4096K, 0% used [0x00000000d6e80000,0x00000000d6e80000,0x00000000d7280000)
 ParOldGen       total 68608K, used 40088K [0x0000000080000000, 0x0000000084300000, 0x00000000d5580000)
  object space 68608K, 58% used [0x0000000080000000,0x00000000827261b0,0x0000000084300000)
 Metaspace       used 49328K, committed 50560K, reserved 1114112K
  class space    used 5613K, committed 6144K, reserved 1048576K
}
Event: 17.229 GC heap before
{Heap before GC invocations=26 (full 2):
 PSYoungGen      total 16384K, used 16368K [0x00000000d5580000, 0x00000000d7280000, 0x0000000100000000)
  eden space 15360K, 100% used [0x00000000d5580000,0x00000000d6480000,0x00000000d6480000)
  from space 1024K, 98% used [0x00000000d6d80000,0x00000000d6e7c380,0x00000000d6e80000)
  to   space 4096K, 0% used [0x00000000d6e80000,0x00000000d6e80000,0x00000000d7280000)
 ParOldGen       total 68608K, used 40088K [0x0000000080000000, 0x0000000084300000, 0x00000000d5580000)
  object space 68608K, 58% used [0x0000000080000000,0x00000000827261b0,0x0000000084300000)
 Metaspace       used 49365K, committed 50560K, reserved 1114112K
  class space    used 5617K, committed 6144K, reserved 1048576K
}
Event: 17.243 GC heap after
{Heap after GC invocations=26 (full 2):
 PSYoungGen      total 16384K, used 4074K [0x00000000d5580000, 0x00000000d7e80000, 0x0000000100000000)
  eden space 12288K, 0% used [0x00000000d5580000,0x00000000d5580000,0x00000000d6180000)
  from space 4096K, 99% used [0x00000000d6e80000,0x00000000d727a9e0,0x00000000d7280000)
  to   space 13312K, 0% used [0x00000000d6180000,0x00000000d6180000,0x00000000d6e80000)
 ParOldGen       total 68608K, used 47884K [0x0000000080000000, 0x0000000084300000, 0x00000000d5580000)
  object space 68608K, 69% used [0x0000000080000000,0x0000000082ec3230,0x0000000084300000)
 Metaspace       used 49365K, committed 50560K, reserved 1114112K
  class space    used 5617K, committed 6144K, reserved 1048576K
}
Event: 17.521 GC heap before
{Heap before GC invocations=27 (full 2):
 PSYoungGen      total 16384K, used 16362K [0x00000000d5580000, 0x00000000d7e80000, 0x0000000100000000)
  eden space 12288K, 100% used [0x00000000d5580000,0x00000000d6180000,0x00000000d6180000)
  from space 4096K, 99% used [0x00000000d6e80000,0x00000000d727a9e0,0x00000000d7280000)
  to   space 13312K, 0% used [0x00000000d6180000,0x00000000d6180000,0x00000000d6e80000)
 ParOldGen       total 68608K, used 47884K [0x0000000080000000, 0x0000000084300000, 0x00000000d5580000)
  object space 68608K, 69% used [0x0000000080000000,0x0000000082ec3230,0x0000000084300000)
 Metaspace       used 50179K, committed 51392K, reserved 1114112K
  class space    used 5757K, committed 6272K, reserved 1048576K
}
Event: 17.528 GC heap after
{Heap after GC invocations=27 (full 2):
 PSYoungGen      total 14336K, used 2016K [0x00000000d5580000, 0x00000000d6f00000, 0x0000000100000000)
  eden space 12288K, 0% used [0x00000000d5580000,0x00000000d5580000,0x00000000d6180000)
  from space 2048K, 98% used [0x00000000d6180000,0x00000000d6378000,0x00000000d6380000)
  to   space 5632K, 0% used [0x00000000d6980000,0x00000000d6980000,0x00000000d6f00000)
 ParOldGen       total 68608K, used 51969K [0x0000000080000000, 0x0000000084300000, 0x00000000d5580000)
  object space 68608K, 75% used [0x0000000080000000,0x00000000832c0758,0x0000000084300000)
 Metaspace       used 50179K, committed 51392K, reserved 1114112K
  class space    used 5757K, committed 6272K, reserved 1048576K
}
Event: 18.233 GC heap before
{Heap before GC invocations=28 (full 2):
 PSYoungGen      total 14336K, used 14304K [0x00000000d5580000, 0x00000000d6f00000, 0x0000000100000000)
  eden space 12288K, 100% used [0x00000000d5580000,0x00000000d6180000,0x00000000d6180000)
  from space 2048K, 98% used [0x00000000d6180000,0x00000000d6378000,0x00000000d6380000)
  to   space 5632K, 0% used [0x00000000d6980000,0x00000000d6980000,0x00000000d6f00000)
 ParOldGen       total 68608K, used 51969K [0x0000000080000000, 0x0000000084300000, 0x00000000d5580000)
  object space 68608K, 75% used [0x0000000080000000,0x00000000832c0758,0x0000000084300000)
 Metaspace       used 51490K, committed 52736K, reserved 1114112K
  class space    used 5949K, committed 6464K, reserved 1048576K
}
Event: 18.241 GC heap after
{Heap after GC invocations=28 (full 2):
 PSYoungGen      total 13312K, used 640K [0x00000000d5580000, 0x00000000d6a80000, 0x0000000100000000)
  eden space 12288K, 0% used [0x00000000d5580000,0x00000000d5580000,0x00000000d6180000)
  from space 1024K, 62% used [0x00000000d6980000,0x00000000d6a20020,0x00000000d6a80000)
  to   space 2048K, 0% used [0x00000000d6680000,0x00000000d6680000,0x00000000d6880000)
 ParOldGen       total 68608K, used 53849K [0x0000000080000000, 0x0000000084300000, 0x00000000d5580000)
  object space 68608K, 78% used [0x0000000080000000,0x0000000083496768,0x0000000084300000)
 Metaspace       used 51490K, committed 52736K, reserved 1114112K
  class space    used 5949K, committed 6464K, reserved 1048576K
}

Dll operation events (11 events):
Event: 0.054 Loaded shared library c:\Users\JEREMIE\.vscode\extensions\redhat.java-1.54.0-win32-x64\jre\21.0.10-win32-x86_64\bin\java.dll
Event: 0.242 Loaded shared library c:\Users\JEREMIE\.vscode\extensions\redhat.java-1.54.0-win32-x64\jre\21.0.10-win32-x86_64\bin\zip.dll
Event: 0.457 Loaded shared library C:\Users\JEREMIE\.vscode\extensions\redhat.java-1.54.0-win32-x64\jre\21.0.10-win32-x86_64\bin\instrument.dll
Event: 0.490 Loaded shared library C:\Users\JEREMIE\.vscode\extensions\redhat.java-1.54.0-win32-x64\jre\21.0.10-win32-x86_64\bin\net.dll
Event: 0.514 Loaded shared library C:\Users\JEREMIE\.vscode\extensions\redhat.java-1.54.0-win32-x64\jre\21.0.10-win32-x86_64\bin\nio.dll
Event: 0.533 Loaded shared library C:\Users\JEREMIE\.vscode\extensions\redhat.java-1.54.0-win32-x64\jre\21.0.10-win32-x86_64\bin\zip.dll
Event: 0.674 Loaded shared library C:\Users\JEREMIE\.vscode\extensions\redhat.java-1.54.0-win32-x64\jre\21.0.10-win32-x86_64\bin\jimage.dll
Event: 0.912 Loaded shared library c:\Users\JEREMIE\.vscode\extensions\redhat.java-1.54.0-win32-x64\jre\21.0.10-win32-x86_64\bin\verify.dll
Event: 4.523 Loaded shared library C:\Users\JEREMIE\AppData\Roaming\Code\User\globalStorage\redhat.java\1.54.0\config_win\org.eclipse.equinox.launcher\org.eclipse.equinox.launcher.win32.win32.x86_64_1.3.0.v20260203-2149\eclipse_11919.dll
Event: 7.045 Loaded shared library C:\Users\JEREMIE\AppData\Local\Temp\jna--990932293\jna1398476154816877163.dll
Event: 15.170 Loaded shared library C:\Users\JEREMIE\.gradle\native\68d5fa5c4cc2d200863cafc0d521ce42e7d3e7ee720ec0a83991735586a16f82\windows-amd64\native-platform.dll

Deoptimization events (20 events):
Event: 18.161 Thread 0x000002560f570150 DEOPT PACKING pc=0x00000255bc06bf70 sp=0x000000beb99feb60
Event: 18.161 Thread 0x000002560f570150 DEOPT UNPACKING pc=0x00000255bba03aa2 sp=0x000000beb99feae0 mode 2
Event: 18.300 Thread 0x000002561216ee80 Uncommon trap: trap_request=0xffffff45 fr.pc=0x00000255bc26cbe0 relative=0x0000000000006000
Event: 18.300 Thread 0x000002561216ee80 Uncommon trap: reason=unstable_if action=reinterpret pc=0x00000255bc26cbe0 method=java.lang.invoke.MethodType.genericMethodType(IZ)Ljava/lang/invoke/MethodType; @ 27 c2
Event: 18.300 Thread 0x000002561216ee80 DEOPT PACKING pc=0x00000255bc26cbe0 sp=0x000000bebb4fc900
Event: 18.300 Thread 0x000002561216ee80 DEOPT UNPACKING pc=0x00000255bba03aa2 sp=0x000000bebb4fc720 mode 2
Event: 18.300 Thread 0x000002561216ee80 Uncommon trap: trap_request=0xffffff45 fr.pc=0x00000255bc1ad140 relative=0x0000000000000340
Event: 18.300 Thread 0x000002561216ee80 Uncommon trap: reason=unstable_if action=reinterpret pc=0x00000255bc1ad140 method=java.lang.invoke.MethodType.genericMethodType(IZ)Ljava/lang/invoke/MethodType; @ 27 c2
Event: 18.300 Thread 0x000002561216ee80 DEOPT PACKING pc=0x00000255bc1ad140 sp=0x000000bebb4fc860
Event: 18.300 Thread 0x000002561216ee80 DEOPT UNPACKING pc=0x00000255bba03aa2 sp=0x000000bebb4fc758 mode 2
Event: 18.464 Thread 0x000002561216ee80 Uncommon trap: trap_request=0xffffffbe fr.pc=0x00000255bc2ed07c relative=0x0000000000000abc
Event: 18.464 Thread 0x000002561216ee80 Uncommon trap: reason=profile_predicate action=maybe_recompile pc=0x00000255bc2ed07c method=java.util.regex.Pattern$BnM.optimize(Ljava/util/regex/Pattern$Node;)Ljava/util/regex/Pattern$Node; @ 67 c2
Event: 18.464 Thread 0x000002561216ee80 DEOPT PACKING pc=0x00000255bc2ed07c sp=0x000000bebb4fd160
Event: 18.464 Thread 0x000002561216ee80 DEOPT UNPACKING pc=0x00000255bba03aa2 sp=0x000000bebb4fd090 mode 2
Event: 18.464 Thread 0x000002561216ee80 Uncommon trap: trap_request=0xffffffbe fr.pc=0x00000255bc2ed07c relative=0x0000000000000abc
Event: 18.464 Thread 0x000002561216ee80 Uncommon trap: reason=profile_predicate action=maybe_recompile pc=0x00000255bc2ed07c method=java.util.regex.Pattern$BnM.optimize(Ljava/util/regex/Pattern$Node;)Ljava/util/regex/Pattern$Node; @ 67 c2
Event: 18.464 Thread 0x000002561216ee80 DEOPT PACKING pc=0x00000255bc2ed07c sp=0x000000bebb4fd160
Event: 18.464 Thread 0x000002561216ee80 DEOPT UNPACKING pc=0x00000255bba03aa2 sp=0x000000bebb4fd090 mode 2
Event: 18.469 Thread 0x000002560f570150 DEOPT PACKING pc=0x00000255b4c8fd7d sp=0x000000beb99fef60
Event: 18.469 Thread 0x000002560f570150 DEOPT UNPACKING pc=0x00000255bba04242 sp=0x000000beb99fe410 mode 0

Classes loaded (20 events):
Event: 18.157 Loading class java/nio/file/FileTreeWalker$1
Event: 18.158 Loading class java/nio/file/FileTreeWalker$1 done
Event: 18.158 Loading class java/nio/file/FileTreeWalker$DirectoryNode
Event: 18.158 Loading class java/nio/file/FileTreeWalker$DirectoryNode done
Event: 18.158 Loading class java/nio/file/FileTreeWalker$Event
Event: 18.159 Loading class java/nio/file/FileTreeWalker$Event done
Event: 18.159 Loading class java/nio/file/FileTreeWalker$EventType
Event: 18.159 Loading class java/nio/file/FileTreeWalker$EventType done
Event: 18.159 Loading class java/nio/file/Files$3
Event: 18.159 Loading class java/nio/file/Files$3 done
Event: 18.160 Loading class sun/nio/fs/Globs
Event: 18.161 Loading class sun/nio/fs/Globs done
Event: 18.161 Loading class java/util/regex/Pattern$SliceU
Event: 18.162 Loading class java/util/regex/Pattern$SliceU done
Event: 18.163 Loading class sun/nio/fs/WindowsFileSystem$2
Event: 18.163 Loading class java/nio/file/PathMatcher
Event: 18.163 Loading class java/nio/file/PathMatcher done
Event: 18.163 Loading class sun/nio/fs/WindowsFileSystem$2 done
Event: 18.165 Loading class java/nio/file/FileVisitResult
Event: 18.165 Loading class java/nio/file/FileVisitResult done

Classes unloaded (20 events):
Event: 9.470 Thread 0x00000255b1212f50 Unloading class 0x00000255c91a8800 'java/lang/invoke/LambdaForm$MH+0x00000255c91a8800'
Event: 9.470 Thread 0x00000255b1212f50 Unloading class 0x00000255c91a8400 'java/lang/invoke/LambdaForm$MH+0x00000255c91a8400'
Event: 9.470 Thread 0x00000255b1212f50 Unloading class 0x00000255c91a8000 'java/lang/invoke/LambdaForm$MH+0x00000255c91a8000'
Event: 9.470 Thread 0x00000255b1212f50 Unloading class 0x00000255c91a7c00 'java/lang/invoke/LambdaForm$BMH+0x00000255c91a7c00'
Event: 9.470 Thread 0x00000255b1212f50 Unloading class 0x00000255c91a7800 'java/lang/invoke/LambdaForm$DMH+0x00000255c91a7800'
Event: 9.470 Thread 0x00000255b1212f50 Unloading class 0x00000255c91a6400 'java/lang/invoke/LambdaForm$DMH+0x00000255c91a6400'
Event: 12.229 Thread 0x00000255b1212f50 Unloading class 0x00000255c930e800 'java/lang/invoke/LambdaForm$MH+0x00000255c930e800'
Event: 12.229 Thread 0x00000255b1212f50 Unloading class 0x00000255c930dc00 'java/lang/invoke/LambdaForm$MH+0x00000255c930dc00'
Event: 12.229 Thread 0x00000255b1212f50 Unloading class 0x00000255c930d400 'java/lang/invoke/LambdaForm$MH+0x00000255c930d400'
Event: 12.229 Thread 0x00000255b1212f50 Unloading class 0x00000255c930cc00 'java/lang/invoke/LambdaForm$MH+0x00000255c930cc00'
Event: 12.229 Thread 0x00000255b1212f50 Unloading class 0x00000255c930c800 'java/lang/invoke/LambdaForm$DMH+0x00000255c930c800'
Event: 12.229 Thread 0x00000255b1212f50 Unloading class 0x00000255c9308000 'java/lang/invoke/LambdaForm$MH+0x00000255c9308000'
Event: 12.229 Thread 0x00000255b1212f50 Unloading class 0x00000255c9307800 'java/lang/invoke/LambdaForm$MH+0x00000255c9307800'
Event: 12.229 Thread 0x00000255b1212f50 Unloading class 0x00000255c9307000 'java/lang/invoke/LambdaForm$MH+0x00000255c9307000'
Event: 12.229 Thread 0x00000255b1212f50 Unloading class 0x00000255c9306800 'java/lang/invoke/LambdaForm$MH+0x00000255c9306800'
Event: 12.229 Thread 0x00000255b1212f50 Unloading class 0x00000255c9306400 'java/lang/invoke/LambdaForm$MH+0x00000255c9306400'
Event: 12.229 Thread 0x00000255b1212f50 Unloading class 0x00000255c9305c00 'java/lang/invoke/LambdaForm$MH+0x00000255c9305c00'
Event: 12.229 Thread 0x00000255b1212f50 Unloading class 0x00000255c9305000 'java/lang/invoke/LambdaForm$MH+0x00000255c9305000'
Event: 12.229 Thread 0x00000255b1212f50 Unloading class 0x00000255c9304c00 'java/lang/invoke/LambdaForm$MH+0x00000255c9304c00'
Event: 12.229 Thread 0x00000255b1212f50 Unloading class 0x00000255c9304400 'java/lang/invoke/LambdaForm$DMH+0x00000255c9304400'

Classes redefined (0 events):
No events

Internal exceptions (20 events):
Event: 18.473 Thread 0x000002560f570150 Exception <a 'sun/nio/fs/WindowsException'{0x00000000d5c008a0}> (0x00000000d5c008a0) 
thrown [s\src\hotspot\share\prims\jni.cpp, line 520]
Event: 18.473 Thread 0x000002560f570150 Exception <a 'sun/nio/fs/WindowsException'{0x00000000d5c00fb0}> (0x00000000d5c00fb0) 
thrown [s\src\hotspot\share\prims\jni.cpp, line 520]
Event: 18.473 Thread 0x000002560f570150 Exception <a 'sun/nio/fs/WindowsException'{0x00000000d5c016c0}> (0x00000000d5c016c0) 
thrown [s\src\hotspot\share\prims\jni.cpp, line 520]
Event: 18.473 Thread 0x000002560f570150 Exception <a 'sun/nio/fs/WindowsException'{0x00000000d5c01de8}> (0x00000000d5c01de8) 
thrown [s\src\hotspot\share\prims\jni.cpp, line 520]
Event: 18.475 Thread 0x000002560f570150 Exception <a 'sun/nio/fs/WindowsException'{0x00000000d5c076b8}> (0x00000000d5c076b8) 
thrown [s\src\hotspot\share\prims\jni.cpp, line 520]
Event: 18.475 Thread 0x000002560f570150 Exception <a 'sun/nio/fs/WindowsException'{0x00000000d5c07dc8}> (0x00000000d5c07dc8) 
thrown [s\src\hotspot\share\prims\jni.cpp, line 520]
Event: 18.475 Thread 0x000002560f570150 Exception <a 'sun/nio/fs/WindowsException'{0x00000000d5c084d8}> (0x00000000d5c084d8) 
thrown [s\src\hotspot\share\prims\jni.cpp, line 520]
Event: 18.475 Thread 0x000002560f570150 Exception <a 'sun/nio/fs/WindowsException'{0x00000000d5c08c00}> (0x00000000d5c08c00) 
thrown [s\src\hotspot\share\prims\jni.cpp, line 520]
Event: 18.476 Thread 0x000002560f570150 Exception <a 'sun/nio/fs/WindowsException'{0x00000000d5c2fd30}> (0x00000000d5c2fd30) 
thrown [s\src\hotspot\share\prims\jni.cpp, line 520]
Event: 18.476 Thread 0x000002560f570150 Exception <a 'sun/nio/fs/WindowsException'{0x00000000d5c30440}> (0x00000000d5c30440) 
thrown [s\src\hotspot\share\prims\jni.cpp, line 520]
Event: 18.477 Thread 0x000002560f570150 Exception <a 'sun/nio/fs/WindowsException'{0x00000000d5c30b50}> (0x00000000d5c30b50) 
thrown [s\src\hotspot\share\prims\jni.cpp, line 520]
Event: 18.477 Thread 0x000002560f570150 Exception <a 'sun/nio/fs/WindowsException'{0x00000000d5c31278}> (0x00000000d5c31278) 
thrown [s\src\hotspot\share\prims\jni.cpp, line 520]
Event: 18.478 Thread 0x000002560f570150 Exception <a 'sun/nio/fs/WindowsException'{0x00000000d5c36488}> (0x00000000d5c36488) 
thrown [s\src\hotspot\share\prims\jni.cpp, line 520]
Event: 18.478 Thread 0x000002560f570150 Exception <a 'sun/nio/fs/WindowsException'{0x00000000d5c36b98}> (0x00000000d5c36b98) 
thrown [s\src\hotspot\share\prims\jni.cpp, line 520]
Event: 18.478 Thread 0x000002560f570150 Exception <a 'sun/nio/fs/WindowsException'{0x00000000d5c372a8}> (0x00000000d5c372a8) 
thrown [s\src\hotspot\share\prims\jni.cpp, line 520]
Event: 18.479 Thread 0x000002560f570150 Exception <a 'sun/nio/fs/WindowsException'{0x00000000d5c379d0}> (0x00000000d5c379d0) 
thrown [s\src\hotspot\share\prims\jni.cpp, line 520]
Event: 18.480 Thread 0x000002560f570150 Exception <a 'sun/nio/fs/WindowsException'{0x00000000d5c5ee20}> (0x00000000d5c5ee20) 
thrown [s\src\hotspot\share\prims\jni.cpp, line 520]
Event: 18.480 Thread 0x000002560f570150 Exception <a 'sun/nio/fs/WindowsException'{0x00000000d5c5f530}> (0x00000000d5c5f530) 
thrown [s\src\hotspot\share\prims\jni.cpp, line 520]
Event: 18.480 Thread 0x000002560f570150 Exception <a 'sun/nio/fs/WindowsException'{0x00000000d5c5fc40}> (0x00000000d5c5fc40) 
thrown [s\src\hotspot\share\prims\jni.cpp, line 520]
Event: 18.481 Thread 0x000002560f570150 Exception <a 'sun/nio/fs/WindowsException'{0x00000000d5c60368}> (0x00000000d5c60368) 
thrown [s\src\hotspot\share\prims\jni.cpp, line 520]

ZGC Phase Switch (0 events):
No events

VM Operations (20 events):
Event: 16.266 Executing safepoint VM operation: ParallelGCFailedAllocation (Allocation Failure)
Event: 16.268 Executing safepoint VM operation: ParallelGCFailedAllocation (Allocation Failure) done
Event: 16.724 Executing safepoint VM operation: ParallelGCFailedAllocation (Allocation Failure)
Event: 16.724 Executing safepoint VM operation: ParallelGCFailedAllocation (Allocation Failure) done
Event: 16.724 Executing safepoint VM operation: ParallelGCSystemGC (GCLocker Initiated GC)
Event: 16.726 Executing safepoint VM operation: ParallelGCSystemGC (GCLocker Initiated GC) done
Event: 17.083 Executing safepoint VM operation: ParallelGCFailedAllocation (Allocation Failure)
Event: 17.090 Executing safepoint VM operation: ParallelGCFailedAllocation (Allocation Failure) done
Event: 17.106 Executing non-safepoint VM operation: HandshakeAllThreads (Deoptimize)
Event: 17.132 Executing non-safepoint VM operation: HandshakeAllThreads (Deoptimize) done
Event: 17.229 Executing safepoint VM operation: ParallelGCFailedAllocation (Allocation Failure)
Event: 17.243 Executing safepoint VM operation: ParallelGCFailedAllocation (Allocation Failure) done
Event: 17.264 Executing non-safepoint VM operation: HandshakeAllThreads (Deoptimize)
Event: 17.264 Executing non-safepoint VM operation: HandshakeAllThreads (Deoptimize) done
Event: 17.521 Executing safepoint VM operation: ParallelGCFailedAllocation (Allocation Failure)
Event: 17.529 Executing safepoint VM operation: ParallelGCFailedAllocation (Allocation Failure) done
Event: 17.711 Executing non-safepoint VM operation: HandshakeAllThreads (Deoptimize)
Event: 17.720 Executing non-safepoint VM operation: HandshakeAllThreads (Deoptimize) done
Event: 18.233 Executing safepoint VM operation: ParallelGCFailedAllocation (Allocation Failure)
Event: 18.241 Executing safepoint VM operation: ParallelGCFailedAllocation (Allocation Failure) done

Memory protections (0 events):
No events

Nmethod flushes (20 events):
Event: 12.245 Thread 0x00000255b1212f50 flushing  nmethod 0x00000255b4b04690
Event: 12.245 Thread 0x00000255b1212f50 flushing  nmethod 0x00000255b4b04e10
Event: 12.245 Thread 0x00000255b1212f50 flushing  nmethod 0x00000255b4b06390
Event: 12.245 Thread 0x00000255b1212f50 flushing  nmethod 0x00000255b4b06c90
Event: 12.245 Thread 0x00000255b1212f50 flushing  nmethod 0x00000255b4b07510
Event: 12.245 Thread 0x00000255b1212f50 flushing  nmethod 0x00000255b4b08a10
Event: 12.245 Thread 0x00000255b1212f50 flushing  nmethod 0x00000255b4b09490
Event: 12.245 Thread 0x00000255b1212f50 flushing  nmethod 0x00000255b4b09e10
Event: 12.245 Thread 0x00000255b1212f50 flushing  nmethod 0x00000255b4b0a310
Event: 12.245 Thread 0x00000255b1212f50 flushing  nmethod 0x00000255b4b0b290
Event: 12.245 Thread 0x00000255b1212f50 flushing  nmethod 0x00000255b4b14290
Event: 12.245 Thread 0x00000255b1212f50 flushing  nmethod 0x00000255b4b18310
Event: 12.245 Thread 0x00000255b1212f50 flushing  nmethod 0x00000255b4b40710
Event: 12.245 Thread 0x00000255b1212f50 flushing  nmethod 0x00000255b4b41d90
Event: 12.245 Thread 0x00000255b1212f50 flushing  nmethod 0x00000255b4b49410
Event: 12.245 Thread 0x00000255b1212f50 flushing  nmethod 0x00000255b4b9fe90
Event: 12.245 Thread 0x00000255b1212f50 flushing  nmethod 0x00000255b4bc9f10
Event: 12.245 Thread 0x00000255b1212f50 flushing  nmethod 0x00000255b4bcba90
Event: 12.245 Thread 0x00000255b1212f50 flushing  nmethod 0x00000255b4bdbe10
Event: 12.245 Thread 0x00000255b1212f50 flushing  nmethod 0x00000255b4bdc290

Events (20 events):
Event: 12.404 Thread 0x00000255b12bcba0 Thread added: 0x00000256100b2010
Event: 12.558 Thread 0x00000255b12bcba0 Thread added: 0x00000256100b05d0
Event: 12.635 Thread 0x00000256100af8b0 Thread added: 0x00000256100b26a0
Event: 12.732 Thread 0x00000256100af8b0 Thread added: 0x00000256100b2d30
Event: 12.949 Thread 0x00000256100af220 Thread added: 0x00000256100b33c0
Event: 12.950 Thread 0x00000256100af220 Thread added: 0x00000256100b40e0
Event: 12.953 Thread 0x00000256100af220 Thread added: 0x00000256121708c0
Event: 13.004 Thread 0x00000255b12bcba0 Thread added: 0x0000025612170f50
Event: 13.005 Thread 0x00000255b12bcba0 Thread added: 0x0000025612171c70
Event: 13.270 Thread 0x000002560a57a5c0 Thread added: 0x000002561170c210
Event: 13.532 Thread 0x00000256100af220 Thread added: 0x000002561216ee80
Event: 13.533 Thread 0x00000256100af8b0 Thread added: 0x00000256121715e0
Event: 17.044 Thread 0x000002560f56e710 Thread added: 0x0000025612172300
Event: 17.045 Thread 0x000002560f56e710 Thread added: 0x0000025612172990
Event: 17.048 Thread 0x0000025612172990 Thread added: 0x0000025612173020
Event: 17.052 Thread 0x0000025612172300 Thread added: 0x00000256121736b0
Event: 17.056 Thread 0x00000256121736b0 Thread added: 0x0000025612170230
Event: 17.056 Thread 0x0000025612173020 Thread added: 0x0000025612173d40
Event: 17.057 Thread 0x0000025612172300 Thread added: 0x00000256121750f0
Event: 18.061 Thread 0x000002560f570150 Thread added: 0x0000025612175e10


Dynamic libraries:
0x00007ff622510000 - 0x00007ff62251e000 	c:\Users\JEREMIE\.vscode\extensions\redhat.java-1.54.0-win32-x64\jre\21.0.10-win32-x86_64\bin\java.exe
0x00007ffc2b600000 - 0x00007ffc2b867000 	C:\WINDOWS\SYSTEM32\ntdll.dll
0x00007ffc2ab50000 - 0x00007ffc2ac19000 	C:\WINDOWS\System32\KERNEL32.DLL
0x00007ffc28060000 - 0x00007ffc28451000 	C:\WINDOWS\System32\KERNELBASE.dll
0x00007ffc252d0000 - 0x00007ffc2536f000 	C:\WINDOWS\SYSTEM32\apphelp.dll
0x00007ffc28640000 - 0x00007ffc2878b000 	C:\WINDOWS\System32\ucrtbase.dll
0x00007ffbb7150000 - 0x00007ffbb7168000 	c:\Users\JEREMIE\.vscode\extensions\redhat.java-1.54.0-win32-x64\jre\21.0.10-win32-x86_64\bin\jli.dll
0x00007ffc29cc0000 - 0x00007ffc29e85000 	C:\WINDOWS\System32\USER32.dll
0x00007ffbb7130000 - 0x00007ffbb714e000 	c:\Users\JEREMIE\.vscode\extensions\redhat.java-1.54.0-win32-x64\jre\21.0.10-win32-x86_64\bin\VCRUNTIME140.dll
0x00007ffc0c530000 - 0x00007ffc0c7c3000 	C:\WINDOWS\WinSxS\amd64_microsoft.windows.common-controls_6595b64144ccf1df_6.0.26100.8037_none_3e092faae333b53b\COMCTL32.dll
0x00007ffc290b0000 - 0x00007ffc290d7000 	C:\WINDOWS\System32\win32u.dll
0x00007ffc294a0000 - 0x00007ffc29549000 	C:\WINDOWS\System32\msvcrt.dll
0x00007ffc2b560000 - 0x00007ffc2b58b000 	C:\WINDOWS\System32\GDI32.dll
0x00007ffc28510000 - 0x00007ffc2863b000 	C:\WINDOWS\System32\gdi32full.dll
0x00007ffc28460000 - 0x00007ffc28503000 	C:\WINDOWS\System32\msvcp_win.dll
0x00007ffc2afb0000 - 0x00007ffc2afe1000 	C:\WINDOWS\System32\IMM32.DLL
0x0000000067190000 - 0x000000006719d000 	C:\Program Files (x86)\360\Total Security\safemon\SafeWrapper.dll
0x00007ffc2b070000 - 0x00007ffc2b12b000 	C:\WINDOWS\System32\ADVAPI32.dll
0x00007ffc2a530000 - 0x00007ffc2a5d7000 	C:\WINDOWS\System32\sechost.dll
0x00007ffc2ac20000 - 0x00007ffc2ad38000 	C:\WINDOWS\System32\RPCRT4.dll
0x00007ffc23100000 - 0x00007ffc23205000 	C:\Program Files (x86)\360\Total Security\safemon\libzdtp64.dll
0x00007ffc29550000 - 0x00007ffc29caf000 	C:\WINDOWS\System32\SHELL32.dll
0x00007ffc29230000 - 0x00007ffc2939a000 	C:\WINDOWS\System32\wintypes.dll
0x00007ffc2a5e0000 - 0x00007ffc2a962000 	C:\WINDOWS\System32\combase.dll
0x00007ffc29e90000 - 0x00007ffc29ef7000 	C:\WINDOWS\System32\SHLWAPI.dll
0x00007ffc28840000 - 0x00007ffc290a4000 	C:\WINDOWS\System32\Windows.Storage.dll
0x00007ffc27800000 - 0x00007ffc2780b000 	C:\WINDOWS\SYSTEM32\VERSION.dll
0x00007ffc0e950000 - 0x00007ffc0e95c000 	c:\Users\JEREMIE\.vscode\extensions\redhat.java-1.54.0-win32-x64\jre\21.0.10-win32-x86_64\bin\vcruntime140_1.dll
0x00007ffb989d0000 - 0x00007ffb98a5d000 	c:\Users\JEREMIE\.vscode\extensions\redhat.java-1.54.0-win32-x64\jre\21.0.10-win32-x86_64\bin\msvcp140.dll
0x00007ffb11ef0000 - 0x00007ffb12c91000 	c:\Users\JEREMIE\.vscode\extensions\redhat.java-1.54.0-win32-x64\jre\21.0.10-win32-x86_64\bin\server\jvm.dll
0x00007ffc2aad0000 - 0x00007ffc2ab44000 	C:\WINDOWS\System32\WS2_32.dll
0x00007ffc0f7f0000 - 0x00007ffc0f825000 	C:\WINDOWS\SYSTEM32\WINMM.dll
0x00007ffc27d40000 - 0x00007ffc27d9e000 	C:\WINDOWS\SYSTEM32\POWRPROF.dll
0x00007ffc27d10000 - 0x00007ffc27d24000 	C:\WINDOWS\SYSTEM32\UMPDC.dll
0x00007ffc26bc0000 - 0x00007ffc26bdb000 	C:\WINDOWS\SYSTEM32\kernel.appcore.dll
0x00007ffc0e130000 - 0x00007ffc0e13a000 	c:\Users\JEREMIE\.vscode\extensions\redhat.java-1.54.0-win32-x64\jre\21.0.10-win32-x86_64\bin\jimage.dll
0x00007ffc25d40000 - 0x00007ffc25f82000 	C:\WINDOWS\SYSTEM32\DBGHELP.DLL
0x00007ffc2b160000 - 0x00007ffc2b237000 	C:\WINDOWS\System32\OLEAUT32.dll
0x00007ffc026d0000 - 0x00007ffc0270b000 	C:\WINDOWS\SYSTEM32\dbgcore.DLL
0x00007ffc28790000 - 0x00007ffc28835000 	C:\WINDOWS\System32\bcryptPrimitives.dll
0x00007ffc07ab0000 - 0x00007ffc07abf000 	c:\Users\JEREMIE\.vscode\extensions\redhat.java-1.54.0-win32-x64\jre\21.0.10-win32-x86_64\bin\instrument.dll
0x00007ffbb7110000 - 0x00007ffbb7130000 	c:\Users\JEREMIE\.vscode\extensions\redhat.java-1.54.0-win32-x64\jre\21.0.10-win32-x86_64\bin\java.dll
0x00007ffc2a430000 - 0x00007ffc2a527000 	C:\WINDOWS\System32\SHCORE.dll
0x00007ffc27e00000 - 0x00007ffc27e29000 	C:\WINDOWS\SYSTEM32\profapi.dll
0x00007ffbb6d70000 - 0x00007ffbb6d88000 	c:\Users\JEREMIE\.vscode\extensions\redhat.java-1.54.0-win32-x64\jre\21.0.10-win32-x86_64\bin\zip.dll
0x00007ffc0c7d0000 - 0x00007ffc0c7e0000 	C:\Users\JEREMIE\.vscode\extensions\redhat.java-1.54.0-win32-x64\jre\21.0.10-win32-x86_64\bin\net.dll
0x00007ffc16b80000 - 0x00007ffc16ca7000 	C:\WINDOWS\SYSTEM32\WINHTTP.dll
0x00007ffc27110000 - 0x00007ffc2717b000 	C:\WINDOWS\system32\mswsock.dll
0x00007ffbb6d50000 - 0x00007ffbb6d66000 	C:\Users\JEREMIE\.vscode\extensions\redhat.java-1.54.0-win32-x64\jre\21.0.10-win32-x86_64\bin\nio.dll
0x00007ffc03340000 - 0x00007ffc03350000 	c:\Users\JEREMIE\.vscode\extensions\redhat.java-1.54.0-win32-x64\jre\21.0.10-win32-x86_64\bin\verify.dll
0x00007ffb8f6c0000 - 0x00007ffb8f705000 	C:\Users\JEREMIE\AppData\Roaming\Code\User\globalStorage\redhat.java\1.54.0\config_win\org.eclipse.equinox.launcher\org.eclipse.equinox.launcher.win32.win32.x86_64_1.3.0.v20260203-2149\eclipse_11919.dll
0x00007ffc2b290000 - 0x00007ffc2b425000 	C:\WINDOWS\System32\ole32.dll
0x00007ffc27510000 - 0x00007ffc2752b000 	C:\WINDOWS\SYSTEM32\CRYPTSP.dll
0x00007ffc26b20000 - 0x00007ffc26b59000 	C:\WINDOWS\system32\rsaenh.dll
0x00007ffc271c0000 - 0x00007ffc271f2000 	C:\WINDOWS\SYSTEM32\USERENV.dll
0x00007ffc27dd0000 - 0x00007ffc27dfa000 	C:\WINDOWS\SYSTEM32\bcrypt.dll
0x00007ffc27370000 - 0x00007ffc2737c000 	C:\WINDOWS\SYSTEM32\CRYPTBASE.dll
0x00007ffc264d0000 - 0x00007ffc26503000 	C:\WINDOWS\SYSTEM32\IPHLPAPI.DLL
0x00007ffc2a420000 - 0x00007ffc2a42a000 	C:\WINDOWS\System32\NSI.dll
0x00007ffbb7c50000 - 0x00007ffbb7c99000 	C:\Users\JEREMIE\AppData\Local\Temp\jna--990932293\jna1398476154816877163.dll
0x00007ffc29f80000 - 0x00007ffc29f88000 	C:\WINDOWS\System32\PSAPI.DLL
0x00007ffc16af0000 - 0x00007ffc16b0d000 	C:\WINDOWS\SYSTEM32\dhcpcsvc6.DLL
0x00007ffc16960000 - 0x00007ffc16983000 	C:\WINDOWS\SYSTEM32\dhcpcsvc.DLL
0x00007ffbe3700000 - 0x00007ffbe3727000 	C:\Users\JEREMIE\.gradle\native\68d5fa5c4cc2d200863cafc0d521ce42e7d3e7ee720ec0a83991735586a16f82\windows-amd64\native-platform.dll

JVMTI agents:
c:\Users\JEREMIE\.vscode\extensions\redhat.java-1.54.0-win32-x64\lombok\lombok-1.18.39-4050.jar path:c:\Users\JEREMIE\.vscode\extensions\redhat.java-1.54.0-win32-x64\jre\21.0.10-win32-x86_64\bin\instrument.dll, loaded, initialized, instrumentlib options:none

dbghelp: loaded successfully - version: 4.0.5 - missing functions: none
symbol engine: initialized successfully - sym options: 0x614 - pdb path: .;c:\Users\JEREMIE\.vscode\extensions\redhat.java-1.54.0-win32-x64\jre\21.0.10-win32-x86_64\bin;C:\WINDOWS\SYSTEM32;C:\WINDOWS\WinSxS\amd64_microsoft.windows.common-controls_6595b64144ccf1df_6.0.26100.8037_none_3e092faae333b53b;C:\Program Files (x86)\360\Total Security\safemon;c:\Users\JEREMIE\.vscode\extensions\redhat.java-1.54.0-win32-x64\jre\21.0.10-win32-x86_64\bin\server;C:\Users\JEREMIE\AppData\Roaming\Code\User\globalStorage\redhat.java\1.54.0\config_win\org.eclipse.equinox.launcher\org.eclipse.equinox.launcher.win32.win32.x86_64_1.3.0.v20260203-2149;C:\Users\JEREMIE\AppData\Local\Temp\jna--990932293;C:\Users\JEREMIE\.gradle\native\68d5fa5c4cc2d200863cafc0d521ce42e7d3e7ee720ec0a83991735586a16f82\windows-amd64

VM Arguments:
jvm_args: --add-modules=ALL-SYSTEM --add-opens=java.base/java.util=ALL-UNNAMED --add-opens=java.base/java.lang=ALL-UNNAMED --add-opens=java.base/sun.nio.fs=ALL-UNNAMED -Declipse.application=org.eclipse.jdt.ls.core.id1 -Dosgi.bundles.defaultStartLevel=4 -Declipse.product=org.eclipse.jdt.ls.core.product -Djava.import.generatesMetadataFilesAtProjectRoot=false -DDetectVMInstallationsJob.disabled=true -Dfile.encoding=utf8 -XX:+UseParallelGC -XX:GCTimeRatio=4 -XX:AdaptiveSizePolicyWeight=90 -Dsun.zip.disableMemoryMapping=true -Xmx2G -Xms100m -Xlog:disable -javaagent:c:\Users\JEREMIE\.vscode\extensions\redhat.java-1.54.0-win32-x64\lombok\lombok-1.18.39-4050.jar -XX:+HeapDumpOnOutOfMemoryError -XX:HeapDumpPath=c:\Users\JEREMIE\AppData\Roaming\Code\User\workspaceStorage\63474e2ec000af6b422a27403d030dcc\redhat.java -Daether.dependencyCollector.impl=bf 
java_command: c:\Users\JEREMIE\.vscode\extensions\redhat.java-1.54.0-win32-x64\server\plugins\org.eclipse.equinox.launcher_1.7.100.v20251111-0406.jar -configuration c:\Users\JEREMIE\AppData\Roaming\Code\User\globalStorage\redhat.java\1.54.0\config_win -data c:\Users\JEREMIE\AppData\Roaming\Code\User\workspaceStorage\63474e2ec000af6b422a27403d030dcc\redhat.java\jdt_ws --pipe=\\.\pipe\lsp-f1f3c140e5a8185303333748d973dd86-sock
java_class_path (initial): c:\Users\JEREMIE\.vscode\extensions\redhat.java-1.54.0-win32-x64\server\plugins\org.eclipse.equinox.launcher_1.7.100.v20251111-0406.jar
Launcher Type: SUN_STANDARD

[Global flags]
    uintx AdaptiveSizePolicyWeight                 = 90                                        {product} {command line}
     intx CICompilerCount                          = 4                                         {product} {ergonomic}
    uintx GCTimeRatio                              = 4                                         {product} {command line}
     bool HeapDumpOnOutOfMemoryError               = true                                   {manageable} {command line}
    ccstr HeapDumpPath                             = c:\Users\JEREMIE\AppData\Roaming\Code\User\workspaceStorage\63474e2ec000af6b422a27403d030dcc\redhat.java         {manageable} {command line}
   size_t InitialHeapSize                          = 104857600                                 {product} {command line}
   size_t MaxHeapSize                              = 2147483648                                {product} {command line}
   size_t MaxNewSize                               = 715653120                                 {product} {ergonomic}
   size_t MinHeapDeltaBytes                        = 524288                                    {product} {ergonomic}
   size_t MinHeapSize                              = 104857600                                 {product} {command line}
   size_t NewSize                                  = 34603008                                  {product} {ergonomic}
    uintx NonNMethodCodeHeapSize                   = 5839372                                {pd product} {ergonomic}
    uintx NonProfiledCodeHeapSize                  = 122909434                              {pd product} {ergonomic}
   size_t OldSize                                  = 70254592                                  {product} {ergonomic}
    uintx ProfiledCodeHeapSize                     = 122909434                              {pd product} {ergonomic}
    uintx ReservedCodeCacheSize                    = 251658240                              {pd product} {ergonomic}
     bool SegmentedCodeCache                       = true                                      {product} {ergonomic}
   size_t SoftMaxHeapSize                          = 2147483648                             {manageable} {ergonomic}
     bool UseCompressedOops                        = true                           {product lp64_product} {ergonomic}
     bool UseLargePagesIndividualAllocation        = false                                  {pd product} {ergonomic}
     bool UseParallelGC                            = true                                      {product} {command line}

Logging:
Log output configuration:
 #0: stdout all=off uptime,level,tags foldmultilines=false
 #1: stderr all=off uptime,level,tags foldmultilines=false

Release file:
JAVA_VERSION="21.0.10" 
MODULES="java.base java.compiler java.datatransfer java.xml java.prefs java.desktop java.instrument java.logging java.management java.security.sasl java.naming java.rmi java.management.rmi java.net.http java.scripting java.security.jgss java.transaction.xa java.sql java.sql.rowset java.xml.crypto java.se java.smartcardio jdk.accessibility jdk.internal.jvmstat jdk.attach jdk.charsets jdk.internal.opt jdk.zipfs jdk.compiler jdk.crypto.ec jdk.crypto.cryptoki jdk.crypto.mscapi jdk.dynalink jdk.internal.ed jdk.editpad jdk.hotspot.agent jdk.httpserver jdk.internal.le jdk.internal.vm.ci jdk.internal.vm.compiler jdk.internal.vm.compiler.management jdk.jartool jdk.javadoc jdk.jcmd jdk.management jdk.management.agent jdk.jconsole jdk.jdeps jdk.jdwp.agent jdk.jdi jdk.jfr jdk.jshell jdk.jsobject jdk.jstatd jdk.localedata jdk.management.jfr jdk.naming.dns jdk.naming.rmi jdk.net jdk.nio.mapmode jdk.random jdk.sctp jdk.security.auth jdk.security.jgss jdk.unsupported jdk.unsupported.desktop jdk.xml.dom" 

Environment Variables:
JAVA_HOME=E:\Programme\Java\jdk-24
PATH=C:\Program Files\Common Files\Oracle\Java\javapath;E:\Programme\Java\jdk-24\bin;E:\Programme\Vmware\bin\;E:\Programme\Python39\Scripts\;E:\Programme\Python39\;C:\WINDOWS\system32;C:\WINDOWS;C:\WINDOWS\System32\Wbem;C:\WINDOWS\System32\WindowsPowerShell\v1.0\;C:\WINDOWS\System32\OpenSSH\;E:\Programme\flutter\flutter\bin;E:\Programme\platform-tools;E:\Programme\Git\Git\cmd;C:\apktools;C:\Program Files\Docker\Docker\resources\bin;E:\Programme\nodejs\;E:\Programme\python38_32bit\Scripts\;E:\Programme\python38_32bit\;C:\Users\JEREMIE\AppData\Local\Microsoft\WindowsApps;E:\Programme\VSCode\Microsoft VS Code\bin;E:\Programme\MinGW\bin;E:\Programme\flutter\flutter\bin;E:\Programme\jdk;C:\Users\JEREMIE\.lmstudio\bin;E:\Programme\Nmap;C:\Users\JEREMIE\AppData\Local\Programs\Antigravity\bin;C:\Users\JEREMIE\AppData\Local\Microsoft\WindowsApps;C:\Users\JEREMIE\AppData\Roaming\npm;C:\Users\JEREMIE\AppData\Local\Programs\Antigravity IDE\bin
USERNAME=JEREMIE
OS=Windows_NT
PROCESSOR_IDENTIFIER=Intel64 Family 6 Model 142 Stepping 12, GenuineIntel
TMP=C:\Users\JEREMIE\AppData\Local\Temp
TEMP=C:\Users\JEREMIE\AppData\Local\Temp




Periodic native trim disabled

---------------  S Y S T E M  ---------------

OS:
 Windows 11 , 64 bit Build 26100 (10.0.26100.7920)
OS uptime: 1 days 6:14 hours
Hyper-V role detected

CPU: total 8 (initial active 8) (4 cores per cpu, 2 threads per core) family 6 model 142 stepping 12 microcode 0xfa, cx8, cmov, fxsr, ht, mmx, 3dnowpref, sse, sse2, sse3, ssse3, sse4.1, sse4.2, popcnt, lzcnt, tsc, tscinvbit, avx, avx2, aes, erms, clmul, bmi1, bmi2, adx, fma, vzeroupper, clflush, clflushopt, hv, rdtscp, f16c
Processor Information for the first 8 processors :
  Max Mhz: 1992, Current Mhz: 796, Mhz Limit: 796

Memory: 4k page, system-wide physical 7971M (680M free)
TotalPageFile size 18371M (AvailPageFile size 46M)
current process WorkingSet (physical memory assigned to process): 271M, peak: 273M
current process commit charge ("private bytes"): 359M, peak: 379M

vm_info: OpenJDK 64-Bit Server VM (21.0.10+7-LTS) for windows-amd64 JRE (21.0.10+7-LTS), built on 2026-01-20T00:00:00Z by "admin" with MS VC++ 17.12 (VS2022)

END.
