#
# There is insufficient memory for the Java Runtime Environment to continue.
# Native memory allocation (malloc) failed to allocate 449344 bytes. Error detail: Chunk::new
# Possible reasons:
#   The system is out of physical RAM or swap space
#   This process is running with CompressedOops enabled, and the Java Heap may be blocking the growth of the native heap
# Possible solutions:
#   Reduce memory load on the system
#   Increase physical memory or swap space
#   Check if swap backing store is full
#   Decrease Java heap size (-Xmx/-Xms)
#   Decrease number of Java threads
#   Decrease Java thread stack sizes (-Xss)
#   Set larger code cache with -XX:ReservedCodeCacheSize=
#   JVM is running with Unscaled Compressed Oops mode in which the Java heap is
#     placed in the first 4GB address space. The Java Heap base address is the
#     maximum limit for the native heap growth. Please use -XX:HeapBaseMinAddress
#     to set the Java Heap base and to place the Java Heap above 4GB virtual address.
# This output file may be truncated or incomplete.
#
#  Out of Memory Error (arena.cpp:168), pid=26372, tid=33428
#
# JRE version: OpenJDK Runtime Environment Temurin-21.0.10+7 (21.0.10+7) (build 21.0.10+7-LTS)
# Java VM: OpenJDK 64-Bit Server VM Temurin-21.0.10+7 (21.0.10+7-LTS, mixed mode, sharing, tiered, compressed oops, compressed class ptrs, g1 gc, windows-amd64)
# No core dump will be written. Minidumps are not enabled by default on client versions of Windows
#

---------------  S U M M A R Y ------------

Command Line: --add-opens=java.base/java.util=ALL-UNNAMED --add-opens=java.base/java.lang=ALL-UNNAMED --add-opens=java.base/java.lang.invoke=ALL-UNNAMED --add-opens=java.prefs/java.util.prefs=ALL-UNNAMED --add-opens=java.base/java.nio.charset=ALL-UNNAMED --add-opens=java.base/java.net=ALL-UNNAMED --add-opens=java.base/java.util.concurrent.atomic=ALL-UNNAMED -XX:MaxMetaspaceSize=384m -XX:+HeapDumpOnOutOfMemoryError -Xms256m -Xmx512m -Dfile.encoding=utf8 -Duser.country=CM -Duser.language=fr -Duser.variant -javaagent:C:\Users\JEREMIE\.gradle\wrapper\dists\gradle-8.3-all\6en3ugtfdg5xnpx44z4qbwgas\gradle-8.3\lib\agents\gradle-instrumentation-agent-8.3.jar org.gradle.launcher.daemon.bootstrap.GradleDaemon 8.3

Host: Intel(R) Core(TM) i7-8565U CPU @ 1.80GHz, 8 cores, 7G,  Windows 11 , 64 bit Build 26100 (10.0.26100.7920)
Time: Mon May 25 11:06:31 2026 Afr. centrale Ouest elapsed time: 30.863252 seconds (0d 0h 0m 30s)

---------------  T H R E A D  ---------------

Current thread (0x00000263214e7730):  JavaThread "C2 CompilerThread0" daemon [_thread_in_native, id=33428, stack(0x000000cc0e900000,0x000000cc0ea00000) (1024K)]


Current CompileTask:
C2:30863 5995       4       groovy.lang.MetaClassImpl::addMetaMethodToIndex (65 bytes)

Stack: [0x000000cc0e900000,0x000000cc0ea00000]
Native frames: (J=compiled Java code, j=interpreted, Vv=VM code, C=native code)
V  [jvm.dll+0x6d7a39]
V  [jvm.dll+0x8b4b26]
V  [jvm.dll+0x8b70de]
V  [jvm.dll+0x8b77c3]
V  [jvm.dll+0x284346]
V  [jvm.dll+0xc66ed]
V  [jvm.dll+0xc6c31]
V  [jvm.dll+0x3bec3b]
V  [jvm.dll+0x38b162]
V  [jvm.dll+0x38a5aa]
V  [jvm.dll+0x24c560]
V  [jvm.dll+0x24bb40]
V  [jvm.dll+0x1cb34e]
V  [jvm.dll+0x25b85d]
V  [jvm.dll+0x259dea]
V  [jvm.dll+0x3f857e]
V  [jvm.dll+0x85f59d]
V  [jvm.dll+0x6d626d]
C  [ucrtbase.dll+0x37b0]
C  [KERNEL32.DLL+0x2e8d7]
C  [ntdll.dll+0x8c48c]


---------------  P R O C E S S  ---------------

Threads class SMR info:
_java_thread_list=0x000002633e658fa0, length=51, elements={
0x00000263095a4b00, 0x00000263214dcd40, 0x00000263214df8b0, 0x00000263214e3d60,
0x00000263214e47c0, 0x00000263214e5f40, 0x00000263214e69a0, 0x00000263214e7730,
0x00000263214f2700, 0x0000026321744d90, 0x00000263216db530, 0x000002633b667fc0,
0x000002633c31b450, 0x000002633b477310, 0x000002633b5b9230, 0x000002633c9197d0,
0x000002633b428d40, 0x000002633b13f740, 0x000002633c5c3690, 0x000002633c5c2970,
0x000002633c5c0210, 0x000002633c5c1c50, 0x000002633c5c08a0, 0x000002633c5c0f30,
0x000002633c5c3000, 0x000002633c5c15c0, 0x000002633dd39670, 0x000002633dd382c0,
0x000002633dd38950, 0x000002633dd38fe0, 0x000002633dd37c30, 0x000002633dd39d00,
0x000002633dd3a390, 0x000002633dd3aa20, 0x000002633dd3d180, 0x000002633dd3e530,
0x000002633dd3d810, 0x000002633dd3c460, 0x000002633dd3b740, 0x000002633ded87f0,
0x000002633dbe9af0, 0x000002633dbe8dd0, 0x000002633dbea810, 0x000002633dbe8740,
0x000002633dbea180, 0x000002633dbeaea0, 0x000002633dbeb530, 0x000002633dbe9460,
0x000002633dbe80b0, 0x000002633dbef040, 0x000002633dbedc90
}

Java Threads: ( => current thread )
  0x00000263095a4b00 JavaThread "main"                              [_thread_blocked, id=24048, stack(0x000000cc0db00000,0x000000cc0dc00000) (1024K)]
  0x00000263214dcd40 JavaThread "Reference Handler"          daemon [_thread_blocked, id=14084, stack(0x000000cc0e300000,0x000000cc0e400000) (1024K)]
  0x00000263214df8b0 JavaThread "Finalizer"                  daemon [_thread_blocked, id=25004, stack(0x000000cc0e400000,0x000000cc0e500000) (1024K)]
  0x00000263214e3d60 JavaThread "Signal Dispatcher"          daemon [_thread_blocked, id=10352, stack(0x000000cc0e500000,0x000000cc0e600000) (1024K)]
  0x00000263214e47c0 JavaThread "Attach Listener"            daemon [_thread_blocked, id=1320, stack(0x000000cc0e600000,0x000000cc0e700000) (1024K)]
  0x00000263214e5f40 JavaThread "Service Thread"             daemon [_thread_blocked, id=33040, stack(0x000000cc0e700000,0x000000cc0e800000) (1024K)]
  0x00000263214e69a0 JavaThread "Monitor Deflation Thread"   daemon [_thread_blocked, id=19516, stack(0x000000cc0e800000,0x000000cc0e900000) (1024K)]
=>0x00000263214e7730 JavaThread "C2 CompilerThread0"         daemon [_thread_in_native, id=33428, stack(0x000000cc0e900000,0x000000cc0ea00000) (1024K)]
  0x00000263214f2700 JavaThread "C1 CompilerThread0"         daemon [_thread_blocked, id=31324, stack(0x000000cc0ea00000,0x000000cc0eb00000) (1024K)]
  0x0000026321744d90 JavaThread "Common-Cleaner"             daemon [_thread_blocked, id=28628, stack(0x000000cc0eb00000,0x000000cc0ec00000) (1024K)]
  0x00000263216db530 JavaThread "Notification Thread"        daemon [_thread_blocked, id=33572, stack(0x000000cc0ec00000,0x000000cc0ed00000) (1024K)]
  0x000002633b667fc0 JavaThread "Daemon health stats"               [_thread_blocked, id=15312, stack(0x000000cc0f300000,0x000000cc0f400000) (1024K)]
  0x000002633c31b450 JavaThread "Incoming local TCP Connector on port 14729"        [_thread_in_native, id=33052, stack(0x000000cc0f200000,0x000000cc0f300000) (1024K)]
  0x000002633b477310 JavaThread "Daemon periodic checks"            [_thread_blocked, id=33512, stack(0x000000cc0f400000,0x000000cc0f500000) (1024K)]
  0x000002633b5b9230 JavaThread "Daemon"                            [_thread_blocked, id=34504, stack(0x000000cc0f700000,0x000000cc0f800000) (1024K)]
  0x000002633c9197d0 JavaThread "Handler for socket connection from /127.0.0.1:14729 to /127.0.0.1:14730"        [_thread_in_native, id=30640, stack(0x000000cc0f800000,0x000000cc0f900000) (1024K)]
  0x000002633b428d40 JavaThread "Cancel handler"                    [_thread_blocked, id=30428, stack(0x000000cc0f900000,0x000000cc0fa00000) (1024K)]
  0x000002633b13f740 JavaThread "Daemon worker"                     [_thread_in_vm, id=19804, stack(0x000000cc0f600000,0x000000cc0f700000) (1024K)]
  0x000002633c5c3690 JavaThread "Asynchronous log dispatcher for DefaultDaemonConnection: socket connection from /127.0.0.1:14729 to /127.0.0.1:14730"        [_thread_blocked, id=28796, stack(0x000000cc0fa00000,0x000000cc0fb00000) (1024K)]
  0x000002633c5c2970 JavaThread "Stdin handler"                     [_thread_blocked, id=31836, stack(0x000000cc0fb00000,0x000000cc0fc00000) (1024K)]
  0x000002633c5c0210 JavaThread "Daemon client event forwarder"        [_thread_blocked, id=34512, stack(0x000000cc0fc00000,0x000000cc0fd00000) (1024K)]
  0x000002633c5c1c50 JavaThread "Cache worker for journal cache (C:\Users\JEREMIE\.gradle\caches\journal-1)"        [_thread_blocked, id=15760, stack(0x000000cc0f500000,0x000000cc0f600000) (1024K)]
  0x000002633c5c08a0 JavaThread "File lock request listener"        [_thread_in_native, id=7696, stack(0x000000cc0fd00000,0x000000cc0fe00000) (1024K)]
  0x000002633c5c0f30 JavaThread "Cache worker for file hash cache (C:\Users\JEREMIE\.gradle\caches\8.3\fileHashes)"        [_thread_blocked, id=21228, stack(0x000000cc0ff00000,0x000000cc10000000) (1024K)]
  0x000002633c5c3000 JavaThread "File watcher server"        daemon [_thread_in_native, id=33436, stack(0x000000cc10000000,0x000000cc10100000) (1024K)]
  0x000002633c5c15c0 JavaThread "File watcher consumer"      daemon [_thread_blocked, id=18804, stack(0x000000cc10100000,0x000000cc10200000) (1024K)]
  0x000002633dd39670 JavaThread "Cache worker for checksums cache (C:\Users\JEREMIE\Documents\ICTL3\ICT300\projet_soutenance\Backend-qr-code\backend\.gradle\8.3\checksums)"        [_thread_blocked, id=30232, stack(0x000000cc10400000,0x000000cc10500000) (1024K)]
  0x000002633dd382c0 JavaThread "Cache worker for file hash cache (C:\Users\JEREMIE\Documents\ICTL3\ICT300\projet_soutenance\Backend-qr-code\backend\.gradle\8.3\fileHashes)"        [_thread_blocked, id=26748, stack(0x000000cc10500000,0x000000cc10600000) (1024K)]
  0x000002633dd38950 JavaThread "Cache worker for cache directory md-supplier (C:\Users\JEREMIE\.gradle\caches\8.3\md-supplier)"        [_thread_blocked, id=1788, stack(0x000000cc10600000,0x000000cc10700000) (1024K)]
  0x000002633dd38fe0 JavaThread "Cache worker for file content cache (C:\Users\JEREMIE\.gradle\caches\8.3\fileContent)"        [_thread_blocked, id=28004, stack(0x000000cc10700000,0x000000cc10800000) (1024K)]
  0x000002633dd37c30 JavaThread "Cache worker for cache directory md-rule (C:\Users\JEREMIE\.gradle\caches\8.3\md-rule)"        [_thread_blocked, id=17412, stack(0x000000cc10800000,0x000000cc10900000) (1024K)]
  0x000002633dd39d00 JavaThread "Cache worker for execution history cache (C:\Users\JEREMIE\.gradle\caches\8.3\executionHistory)"        [_thread_blocked, id=14192, stack(0x000000cc10900000,0x000000cc10a00000) (1024K)]
  0x000002633dd3a390 JavaThread "jar transforms"                    [_thread_blocked, id=20288, stack(0x000000cc10a00000,0x000000cc10b00000) (1024K)]
  0x000002633dd3aa20 JavaThread "jar transforms Thread 2"           [_thread_blocked, id=26904, stack(0x000000cc10c00000,0x000000cc10d00000) (1024K)]
  0x000002633dd3d180 JavaThread "jar transforms Thread 3"           [_thread_blocked, id=33208, stack(0x000000cc10d00000,0x000000cc10e00000) (1024K)]
  0x000002633dd3e530 JavaThread "jar transforms Thread 4"           [_thread_blocked, id=33028, stack(0x000000cc10e00000,0x000000cc10f00000) (1024K)]
  0x000002633dd3d810 JavaThread "Cache worker for dependencies-accessors (C:\Users\JEREMIE\Documents\ICTL3\ICT300\projet_soutenance\Backend-qr-code\backend\.gradle\8.3\dependencies-accessors)"        [_thread_blocked, id=30464, stack(0x000000cc10f00000,0x000000cc11000000) (1024K)]
  0x000002633dd3c460 JavaThread "jar transforms Thread 5"           [_thread_blocked, id=11784, stack(0x000000cc10b00000,0x000000cc10c00000) (1024K)]
  0x000002633dd3b740 JavaThread "Cache worker for Build Output Cleanup Cache (C:\Users\JEREMIE\Documents\ICTL3\ICT300\projet_soutenance\Backend-qr-code\backend\.gradle\buildOutputCleanup)"        [_thread_blocked, id=30900, stack(0x000000cc11000000,0x000000cc11100000) (1024K)]
  0x000002633ded87f0 JavaThread "C2 CompilerThread1"         daemon [_thread_in_native, id=18916, stack(0x000000cc11100000,0x000000cc11200000) (1024K)]
  0x000002633dbe9af0 JavaThread "Unconstrained build operations"        [_thread_blocked, id=34020, stack(0x000000cc11200000,0x000000cc11300000) (1024K)]
  0x000002633dbe8dd0 JavaThread "Unconstrained build operations Thread 2"        [_thread_blocked, id=20816, stack(0x000000cc11300000,0x000000cc11400000) (1024K)]
  0x000002633dbea810 JavaThread "Unconstrained build operations Thread 3"        [_thread_blocked, id=20920, stack(0x000000cc11400000,0x000000cc11500000) (1024K)]
  0x000002633dbe8740 JavaThread "Unconstrained build operations Thread 4"        [_thread_blocked, id=22412, stack(0x000000cc11500000,0x000000cc11600000) (1024K)]
  0x000002633dbea180 JavaThread "Unconstrained build operations Thread 5"        [_thread_blocked, id=21180, stack(0x000000cc11600000,0x000000cc11700000) (1024K)]
  0x000002633dbeaea0 JavaThread "Unconstrained build operations Thread 6"        [_thread_blocked, id=27056, stack(0x000000cc11700000,0x000000cc11800000) (1024K)]
  0x000002633dbeb530 JavaThread "Unconstrained build operations Thread 7"        [_thread_blocked, id=30384, stack(0x000000cc11800000,0x000000cc11900000) (1024K)]
  0x000002633dbe9460 JavaThread "jar transforms Thread 6"           [_thread_blocked, id=20544, stack(0x000000cc11900000,0x000000cc11a00000) (1024K)]
  0x000002633dbe80b0 JavaThread "jar transforms Thread 7"           [_thread_blocked, id=18380, stack(0x000000cc11a00000,0x000000cc11b00000) (1024K)]
  0x000002633dbef040 JavaThread "jar transforms Thread 8"           [_thread_blocked, id=30040, stack(0x000000cc11b00000,0x000000cc11c00000) (1024K)]
  0x000002633dbedc90 JavaThread "Memory manager"                    [_thread_blocked, id=9668, stack(0x000000cc11d00000,0x000000cc11e00000) (1024K)]
Total: 51

Other Threads:
  0x00000263214be940 VMThread "VM Thread"                           [id=34364, stack(0x000000cc0e200000,0x000000cc0e300000) (1024K)]
  0x00000263214b5950 WatcherThread "VM Periodic Task Thread"        [id=352, stack(0x000000cc0e100000,0x000000cc0e200000) (1024K)]
  0x000002630bb5a880 WorkerThread "GC Thread#0"                     [id=20940, stack(0x000000cc0dc00000,0x000000cc0dd00000) (1024K)]
  0x000002633b2e93d0 WorkerThread "GC Thread#1"                     [id=29984, stack(0x000000cc0ed00000,0x000000cc0ee00000) (1024K)]
  0x000002633b2e9780 WorkerThread "GC Thread#2"                     [id=31548, stack(0x000000cc0ee00000,0x000000cc0ef00000) (1024K)]
  0x000002633b8eaf70 WorkerThread "GC Thread#3"                     [id=26676, stack(0x000000cc0ef00000,0x000000cc0f000000) (1024K)]
  0x000002633b8eb320 WorkerThread "GC Thread#4"                     [id=21708, stack(0x000000cc0f000000,0x000000cc0f100000) (1024K)]
  0x000002633b8eb6d0 WorkerThread "GC Thread#5"                     [id=27052, stack(0x000000cc0f100000,0x000000cc0f200000) (1024K)]
  0x000002633f921d60 WorkerThread "GC Thread#6"                     [id=8672, stack(0x000000cc0fe00000,0x000000cc0ff00000) (1024K)]
  0x000002633f9224c0 WorkerThread "GC Thread#7"                     [id=6640, stack(0x000000cc10200000,0x000000cc10300000) (1024K)]
  0x000002630bb5f780 ConcurrentGCThread "G1 Main Marker"            [id=29164, stack(0x000000cc0dd00000,0x000000cc0de00000) (1024K)]
  0x000002630bb601a0 WorkerThread "G1 Conc#0"                       [id=13956, stack(0x000000cc0de00000,0x000000cc0df00000) (1024K)]
  0x000002633f922870 WorkerThread "G1 Conc#1"                       [id=26648, stack(0x000000cc10300000,0x000000cc10400000) (1024K)]
  0x00000263213811e0 ConcurrentGCThread "G1 Refine#0"               [id=4768, stack(0x000000cc0df00000,0x000000cc0e000000) (1024K)]
  0x0000026321381b70 ConcurrentGCThread "G1 Service"                [id=31956, stack(0x000000cc0e000000,0x000000cc0e100000) (1024K)]
Total: 15

Threads with active compile tasks:
C2 CompilerThread0  30991 5995       4       groovy.lang.MetaClassImpl::addMetaMethodToIndex (65 bytes)
C2 CompilerThread1  30992 6017       4       java.lang.reflect.Method::getGenericInfo (28 bytes)
Total: 2

VM state: not at safepoint (normal execution)

VM Mutex/Monitor currently owned by a thread: None

Heap address: 0x00000000e0000000, size: 512 MB, Compressed Oops mode: 32-bit

CDS archive(s) mapped at: [0x0000026322000000-0x0000026322ba0000-0x0000026322ba0000), size 12189696, SharedBaseAddress: 0x0000026322000000, ArchiveRelocationMode: 1.
Compressed class space mapped at: 0x0000026323000000-0x0000026337000000, reserved size: 335544320
Narrow klass base: 0x0000026322000000, Narrow klass shift: 0, Narrow klass range: 0x100000000

GC Precious Log:
 CardTable entry size: 512
 Card Set container configuration: InlinePtr #cards 5 size 8 Array Of Cards #cards 12 size 40 Howl #buckets 4 coarsen threshold 1843 Howl Bitmap #cards 512 size 80 coarsen threshold 460 Card regions per heap region 1 cards per card region 2048
 CPUs: 8 total, 8 available
 Memory: 7971M
 Large Page Support: Disabled
 NUMA Support: Disabled
 Compressed Oops: Enabled (32-bit)
 Heap Region Size: 1M
 Heap Min Capacity: 256M
 Heap Initial Capacity: 256M
 Heap Max Capacity: 512M
 Pre-touch: Disabled
 Parallel Workers: 8
 Concurrent Workers: 2
 Concurrent Refinement Workers: 8
 Periodic GC: Disabled

Heap:
 garbage-first heap   total 262144K, used 175385K [0x00000000e0000000, 0x0000000100000000)
  region size 1024K, 149 young (152576K), 9 survivors (9216K)
 Metaspace       used 50181K, committed 51904K, reserved 393216K
  class space    used 7317K, committed 8192K, reserved 327680K

Heap Regions: E=young(eden), S=young(survivor), O=old, HS=humongous(starts), HC=humongous(continues), CS=collection set, F=free, TAMS=top-at-mark-start, PB=parsable bottom
|   0|0x00000000e0000000, 0x00000000e0100000, 0x00000000e0100000|100%|HS|  |TAMS 0x00000000e0000000| PB 0x00000000e0000000| Complete 
|   1|0x00000000e0100000, 0x00000000e0200000, 0x00000000e0200000|100%|HC|  |TAMS 0x00000000e0100000| PB 0x00000000e0100000| Complete 
|   2|0x00000000e0200000, 0x00000000e0300000, 0x00000000e0300000|100%|HC|  |TAMS 0x00000000e0200000| PB 0x00000000e0200000| Complete 
|   3|0x00000000e0300000, 0x00000000e0400000, 0x00000000e0400000|100%|HC|  |TAMS 0x00000000e0300000| PB 0x00000000e0300000| Complete 
|   4|0x00000000e0400000, 0x00000000e0500000, 0x00000000e0500000|100%| O|  |TAMS 0x00000000e0400000| PB 0x00000000e0400000| Untracked 
|   5|0x00000000e0500000, 0x00000000e0600000, 0x00000000e0600000|100%| O|  |TAMS 0x00000000e0500000| PB 0x00000000e0500000| Untracked 
|   6|0x00000000e0600000, 0x00000000e0700000, 0x00000000e0700000|100%| O|  |TAMS 0x00000000e0600000| PB 0x00000000e0600000| Untracked 
|   7|0x00000000e0700000, 0x00000000e0800000, 0x00000000e0800000|100%| O|  |TAMS 0x00000000e0700000| PB 0x00000000e0700000| Untracked 
|   8|0x00000000e0800000, 0x00000000e08b28c0, 0x00000000e0900000| 69%| O|  |TAMS 0x00000000e0800000| PB 0x00000000e0800000| Untracked 
|   9|0x00000000e0900000, 0x00000000e0a00000, 0x00000000e0a00000|100%|HS|  |TAMS 0x00000000e0900000| PB 0x00000000e0900000| Complete 
|  10|0x00000000e0a00000, 0x00000000e0b00000, 0x00000000e0b00000|100%| O|  |TAMS 0x00000000e0a00000| PB 0x00000000e0a00000| Untracked 
|  11|0x00000000e0b00000, 0x00000000e0c00000, 0x00000000e0c00000|100%| O|  |TAMS 0x00000000e0b00000| PB 0x00000000e0b00000| Untracked 
|  12|0x00000000e0c00000, 0x00000000e0d00000, 0x00000000e0d00000|100%|HS|  |TAMS 0x00000000e0c00000| PB 0x00000000e0c00000| Complete 
|  13|0x00000000e0d00000, 0x00000000e0d00000, 0x00000000e0e00000|  0%| F|  |TAMS 0x00000000e0d00000| PB 0x00000000e0d00000| Untracked 
|  14|0x00000000e0e00000, 0x00000000e0e00000, 0x00000000e0f00000|  0%| F|  |TAMS 0x00000000e0e00000| PB 0x00000000e0e00000| Untracked 
|  15|0x00000000e0f00000, 0x00000000e0f00000, 0x00000000e1000000|  0%| F|  |TAMS 0x00000000e0f00000| PB 0x00000000e0f00000| Untracked 
|  16|0x00000000e1000000, 0x00000000e1100000, 0x00000000e1100000|100%| O|  |TAMS 0x00000000e1000000| PB 0x00000000e1000000| Untracked 
|  17|0x00000000e1100000, 0x00000000e1200000, 0x00000000e1200000|100%| O|  |TAMS 0x00000000e1100000| PB 0x00000000e1100000| Untracked 
|  18|0x00000000e1200000, 0x00000000e1300000, 0x00000000e1300000|100%| O|  |TAMS 0x00000000e1200000| PB 0x00000000e1200000| Untracked 
|  19|0x00000000e1300000, 0x00000000e1400000, 0x00000000e1400000|100%| O|  |TAMS 0x00000000e1300000| PB 0x00000000e1300000| Untracked 
|  20|0x00000000e1400000, 0x00000000e1500000, 0x00000000e1500000|100%| O|  |TAMS 0x00000000e1400000| PB 0x00000000e1400000| Untracked 
|  21|0x00000000e1500000, 0x00000000e1600000, 0x00000000e1600000|100%| O|  |TAMS 0x00000000e1500000| PB 0x00000000e1500000| Untracked 
|  22|0x00000000e1600000, 0x00000000e1700000, 0x00000000e1700000|100%| O|  |TAMS 0x00000000e1600000| PB 0x00000000e1600000| Untracked 
|  23|0x00000000e1700000, 0x00000000e1800000, 0x00000000e1800000|100%| O|  |TAMS 0x00000000e1700000| PB 0x00000000e1700000| Untracked 
|  24|0x00000000e1800000, 0x00000000e1900000, 0x00000000e1900000|100%| O|  |TAMS 0x00000000e1800000| PB 0x00000000e1800000| Untracked 
|  25|0x00000000e1900000, 0x00000000e1a00000, 0x00000000e1a00000|100%| O|  |TAMS 0x00000000e1900000| PB 0x00000000e1900000| Untracked 
|  26|0x00000000e1a00000, 0x00000000e1b00000, 0x00000000e1b00000|100%| O|  |TAMS 0x00000000e1a00000| PB 0x00000000e1a00000| Untracked 
|  27|0x00000000e1b00000, 0x00000000e1c00000, 0x00000000e1c00000|100%| O|Cm|TAMS 0x00000000e1b00000| PB 0x00000000e1b00000| Complete 
|  28|0x00000000e1c00000, 0x00000000e1c00000, 0x00000000e1d00000|  0%| F|  |TAMS 0x00000000e1c00000| PB 0x00000000e1c00000| Untracked 
|  29|0x00000000e1d00000, 0x00000000e1d00000, 0x00000000e1e00000|  0%| F|  |TAMS 0x00000000e1d00000| PB 0x00000000e1d00000| Untracked 
|  30|0x00000000e1e00000, 0x00000000e1e00000, 0x00000000e1f00000|  0%| F|  |TAMS 0x00000000e1e00000| PB 0x00000000e1e00000| Untracked 
|  31|0x00000000e1f00000, 0x00000000e1f00000, 0x00000000e2000000|  0%| F|  |TAMS 0x00000000e1f00000| PB 0x00000000e1f00000| Untracked 
|  32|0x00000000e2000000, 0x00000000e2000000, 0x00000000e2100000|  0%| F|  |TAMS 0x00000000e2000000| PB 0x00000000e2000000| Untracked 
|  33|0x00000000e2100000, 0x00000000e2100000, 0x00000000e2200000|  0%| F|  |TAMS 0x00000000e2100000| PB 0x00000000e2100000| Untracked 
|  34|0x00000000e2200000, 0x00000000e2200000, 0x00000000e2300000|  0%| F|  |TAMS 0x00000000e2200000| PB 0x00000000e2200000| Untracked 
|  35|0x00000000e2300000, 0x00000000e2300000, 0x00000000e2400000|  0%| F|  |TAMS 0x00000000e2300000| PB 0x00000000e2300000| Untracked 
|  36|0x00000000e2400000, 0x00000000e2400000, 0x00000000e2500000|  0%| F|  |TAMS 0x00000000e2400000| PB 0x00000000e2400000| Untracked 
|  37|0x00000000e2500000, 0x00000000e2500000, 0x00000000e2600000|  0%| F|  |TAMS 0x00000000e2500000| PB 0x00000000e2500000| Untracked 
|  38|0x00000000e2600000, 0x00000000e2600000, 0x00000000e2700000|  0%| F|  |TAMS 0x00000000e2600000| PB 0x00000000e2600000| Untracked 
|  39|0x00000000e2700000, 0x00000000e2700000, 0x00000000e2800000|  0%| F|  |TAMS 0x00000000e2700000| PB 0x00000000e2700000| Untracked 
|  40|0x00000000e2800000, 0x00000000e2800000, 0x00000000e2900000|  0%| F|  |TAMS 0x00000000e2800000| PB 0x00000000e2800000| Untracked 
|  41|0x00000000e2900000, 0x00000000e2900000, 0x00000000e2a00000|  0%| F|  |TAMS 0x00000000e2900000| PB 0x00000000e2900000| Untracked 
|  42|0x00000000e2a00000, 0x00000000e2a00000, 0x00000000e2b00000|  0%| F|  |TAMS 0x00000000e2a00000| PB 0x00000000e2a00000| Untracked 
|  43|0x00000000e2b00000, 0x00000000e2b00000, 0x00000000e2c00000|  0%| F|  |TAMS 0x00000000e2b00000| PB 0x00000000e2b00000| Untracked 
|  44|0x00000000e2c00000, 0x00000000e2c00000, 0x00000000e2d00000|  0%| F|  |TAMS 0x00000000e2c00000| PB 0x00000000e2c00000| Untracked 
|  45|0x00000000e2d00000, 0x00000000e2d00000, 0x00000000e2e00000|  0%| F|  |TAMS 0x00000000e2d00000| PB 0x00000000e2d00000| Untracked 
|  46|0x00000000e2e00000, 0x00000000e2e00000, 0x00000000e2f00000|  0%| F|  |TAMS 0x00000000e2e00000| PB 0x00000000e2e00000| Untracked 
|  47|0x00000000e2f00000, 0x00000000e2f00000, 0x00000000e3000000|  0%| F|  |TAMS 0x00000000e2f00000| PB 0x00000000e2f00000| Untracked 
|  48|0x00000000e3000000, 0x00000000e3000000, 0x00000000e3100000|  0%| F|  |TAMS 0x00000000e3000000| PB 0x00000000e3000000| Untracked 
|  49|0x00000000e3100000, 0x00000000e3100000, 0x00000000e3200000|  0%| F|  |TAMS 0x00000000e3100000| PB 0x00000000e3100000| Untracked 
|  50|0x00000000e3200000, 0x00000000e3200000, 0x00000000e3300000|  0%| F|  |TAMS 0x00000000e3200000| PB 0x00000000e3200000| Untracked 
|  51|0x00000000e3300000, 0x00000000e3300000, 0x00000000e3400000|  0%| F|  |TAMS 0x00000000e3300000| PB 0x00000000e3300000| Untracked 
|  52|0x00000000e3400000, 0x00000000e3400000, 0x00000000e3500000|  0%| F|  |TAMS 0x00000000e3400000| PB 0x00000000e3400000| Untracked 
|  53|0x00000000e3500000, 0x00000000e3500000, 0x00000000e3600000|  0%| F|  |TAMS 0x00000000e3500000| PB 0x00000000e3500000| Untracked 
|  54|0x00000000e3600000, 0x00000000e3600000, 0x00000000e3700000|  0%| F|  |TAMS 0x00000000e3600000| PB 0x00000000e3600000| Untracked 
|  55|0x00000000e3700000, 0x00000000e3700000, 0x00000000e3800000|  0%| F|  |TAMS 0x00000000e3700000| PB 0x00000000e3700000| Untracked 
|  56|0x00000000e3800000, 0x00000000e3800000, 0x00000000e3900000|  0%| F|  |TAMS 0x00000000e3800000| PB 0x00000000e3800000| Untracked 
|  57|0x00000000e3900000, 0x00000000e3900000, 0x00000000e3a00000|  0%| F|  |TAMS 0x00000000e3900000| PB 0x00000000e3900000| Untracked 
|  58|0x00000000e3a00000, 0x00000000e3a00000, 0x00000000e3b00000|  0%| F|  |TAMS 0x00000000e3a00000| PB 0x00000000e3a00000| Untracked 
|  59|0x00000000e3b00000, 0x00000000e3b00000, 0x00000000e3c00000|  0%| F|  |TAMS 0x00000000e3b00000| PB 0x00000000e3b00000| Untracked 
|  60|0x00000000e3c00000, 0x00000000e3c00000, 0x00000000e3d00000|  0%| F|  |TAMS 0x00000000e3c00000| PB 0x00000000e3c00000| Untracked 
|  61|0x00000000e3d00000, 0x00000000e3d00000, 0x00000000e3e00000|  0%| F|  |TAMS 0x00000000e3d00000| PB 0x00000000e3d00000| Untracked 
|  62|0x00000000e3e00000, 0x00000000e3e00000, 0x00000000e3f00000|  0%| F|  |TAMS 0x00000000e3e00000| PB 0x00000000e3e00000| Untracked 
|  63|0x00000000e3f00000, 0x00000000e3f00000, 0x00000000e4000000|  0%| F|  |TAMS 0x00000000e3f00000| PB 0x00000000e3f00000| Untracked 
|  64|0x00000000e4000000, 0x00000000e4000000, 0x00000000e4100000|  0%| F|  |TAMS 0x00000000e4000000| PB 0x00000000e4000000| Untracked 
|  65|0x00000000e4100000, 0x00000000e4100000, 0x00000000e4200000|  0%| F|  |TAMS 0x00000000e4100000| PB 0x00000000e4100000| Untracked 
|  66|0x00000000e4200000, 0x00000000e4200000, 0x00000000e4300000|  0%| F|  |TAMS 0x00000000e4200000| PB 0x00000000e4200000| Untracked 
|  67|0x00000000e4300000, 0x00000000e4300000, 0x00000000e4400000|  0%| F|  |TAMS 0x00000000e4300000| PB 0x00000000e4300000| Untracked 
|  68|0x00000000e4400000, 0x00000000e4400000, 0x00000000e4500000|  0%| F|  |TAMS 0x00000000e4400000| PB 0x00000000e4400000| Untracked 
|  69|0x00000000e4500000, 0x00000000e4500000, 0x00000000e4600000|  0%| F|  |TAMS 0x00000000e4500000| PB 0x00000000e4500000| Untracked 
|  70|0x00000000e4600000, 0x00000000e4600000, 0x00000000e4700000|  0%| F|  |TAMS 0x00000000e4600000| PB 0x00000000e4600000| Untracked 
|  71|0x00000000e4700000, 0x00000000e4700000, 0x00000000e4800000|  0%| F|  |TAMS 0x00000000e4700000| PB 0x00000000e4700000| Untracked 
|  72|0x00000000e4800000, 0x00000000e4800000, 0x00000000e4900000|  0%| F|  |TAMS 0x00000000e4800000| PB 0x00000000e4800000| Untracked 
|  73|0x00000000e4900000, 0x00000000e4900000, 0x00000000e4a00000|  0%| F|  |TAMS 0x00000000e4900000| PB 0x00000000e4900000| Untracked 
|  74|0x00000000e4a00000, 0x00000000e4a00000, 0x00000000e4b00000|  0%| F|  |TAMS 0x00000000e4a00000| PB 0x00000000e4a00000| Untracked 
|  75|0x00000000e4b00000, 0x00000000e4b00000, 0x00000000e4c00000|  0%| F|  |TAMS 0x00000000e4b00000| PB 0x00000000e4b00000| Untracked 
|  76|0x00000000e4c00000, 0x00000000e4c00000, 0x00000000e4d00000|  0%| F|  |TAMS 0x00000000e4c00000| PB 0x00000000e4c00000| Untracked 
|  77|0x00000000e4d00000, 0x00000000e4d00000, 0x00000000e4e00000|  0%| F|  |TAMS 0x00000000e4d00000| PB 0x00000000e4d00000| Untracked 
|  78|0x00000000e4e00000, 0x00000000e4e00000, 0x00000000e4f00000|  0%| F|  |TAMS 0x00000000e4e00000| PB 0x00000000e4e00000| Untracked 
|  79|0x00000000e4f00000, 0x00000000e4f00000, 0x00000000e5000000|  0%| F|  |TAMS 0x00000000e4f00000| PB 0x00000000e4f00000| Untracked 
|  80|0x00000000e5000000, 0x00000000e5000000, 0x00000000e5100000|  0%| F|  |TAMS 0x00000000e5000000| PB 0x00000000e5000000| Untracked 
|  81|0x00000000e5100000, 0x00000000e5100000, 0x00000000e5200000|  0%| F|  |TAMS 0x00000000e5100000| PB 0x00000000e5100000| Untracked 
|  82|0x00000000e5200000, 0x00000000e5200000, 0x00000000e5300000|  0%| F|  |TAMS 0x00000000e5200000| PB 0x00000000e5200000| Untracked 
|  83|0x00000000e5300000, 0x00000000e5300000, 0x00000000e5400000|  0%| F|  |TAMS 0x00000000e5300000| PB 0x00000000e5300000| Untracked 
|  84|0x00000000e5400000, 0x00000000e5400000, 0x00000000e5500000|  0%| F|  |TAMS 0x00000000e5400000| PB 0x00000000e5400000| Untracked 
|  85|0x00000000e5500000, 0x00000000e5500000, 0x00000000e5600000|  0%| F|  |TAMS 0x00000000e5500000| PB 0x00000000e5500000| Untracked 
|  86|0x00000000e5600000, 0x00000000e5600000, 0x00000000e5700000|  0%| F|  |TAMS 0x00000000e5600000| PB 0x00000000e5600000| Untracked 
|  87|0x00000000e5700000, 0x00000000e5700000, 0x00000000e5800000|  0%| F|  |TAMS 0x00000000e5700000| PB 0x00000000e5700000| Untracked 
|  88|0x00000000e5800000, 0x00000000e5800000, 0x00000000e5900000|  0%| F|  |TAMS 0x00000000e5800000| PB 0x00000000e5800000| Untracked 
|  89|0x00000000e5900000, 0x00000000e5900000, 0x00000000e5a00000|  0%| F|  |TAMS 0x00000000e5900000| PB 0x00000000e5900000| Untracked 
|  90|0x00000000e5a00000, 0x00000000e5a00000, 0x00000000e5b00000|  0%| F|  |TAMS 0x00000000e5a00000| PB 0x00000000e5a00000| Untracked 
|  91|0x00000000e5b00000, 0x00000000e5b00000, 0x00000000e5c00000|  0%| F|  |TAMS 0x00000000e5b00000| PB 0x00000000e5b00000| Untracked 
|  92|0x00000000e5c00000, 0x00000000e5c00000, 0x00000000e5d00000|  0%| F|  |TAMS 0x00000000e5c00000| PB 0x00000000e5c00000| Untracked 
|  93|0x00000000e5d00000, 0x00000000e5d00000, 0x00000000e5e00000|  0%| F|  |TAMS 0x00000000e5d00000| PB 0x00000000e5d00000| Untracked 
|  94|0x00000000e5e00000, 0x00000000e5e00000, 0x00000000e5f00000|  0%| F|  |TAMS 0x00000000e5e00000| PB 0x00000000e5e00000| Untracked 
|  95|0x00000000e5f00000, 0x00000000e5f00000, 0x00000000e6000000|  0%| F|  |TAMS 0x00000000e5f00000| PB 0x00000000e5f00000| Untracked 
|  96|0x00000000e6000000, 0x00000000e6000000, 0x00000000e6100000|  0%| F|  |TAMS 0x00000000e6000000| PB 0x00000000e6000000| Untracked 
|  97|0x00000000e6100000, 0x00000000e6100000, 0x00000000e6200000|  0%| F|  |TAMS 0x00000000e6100000| PB 0x00000000e6100000| Untracked 
|  98|0x00000000e6200000, 0x00000000e6200000, 0x00000000e6300000|  0%| F|  |TAMS 0x00000000e6200000| PB 0x00000000e6200000| Untracked 
|  99|0x00000000e6300000, 0x00000000e6300000, 0x00000000e6400000|  0%| F|  |TAMS 0x00000000e6300000| PB 0x00000000e6300000| Untracked 
| 100|0x00000000e6400000, 0x00000000e6400000, 0x00000000e6500000|  0%| F|  |TAMS 0x00000000e6400000| PB 0x00000000e6400000| Untracked 
| 101|0x00000000e6500000, 0x00000000e6500000, 0x00000000e6600000|  0%| F|  |TAMS 0x00000000e6500000| PB 0x00000000e6500000| Untracked 
| 102|0x00000000e6600000, 0x00000000e6600000, 0x00000000e6700000|  0%| F|  |TAMS 0x00000000e6600000| PB 0x00000000e6600000| Untracked 
| 103|0x00000000e6700000, 0x00000000e6700000, 0x00000000e6800000|  0%| F|  |TAMS 0x00000000e6700000| PB 0x00000000e6700000| Untracked 
| 104|0x00000000e6800000, 0x00000000e6800000, 0x00000000e6900000|  0%| F|  |TAMS 0x00000000e6800000| PB 0x00000000e6800000| Untracked 
| 105|0x00000000e6900000, 0x00000000e6900000, 0x00000000e6a00000|  0%| F|  |TAMS 0x00000000e6900000| PB 0x00000000e6900000| Untracked 
| 106|0x00000000e6a00000, 0x00000000e6a00000, 0x00000000e6b00000|  0%| F|  |TAMS 0x00000000e6a00000| PB 0x00000000e6a00000| Untracked 
| 107|0x00000000e6b00000, 0x00000000e6c00000, 0x00000000e6c00000|100%| E|  |TAMS 0x00000000e6b00000| PB 0x00000000e6b00000| Complete 
| 108|0x00000000e6c00000, 0x00000000e6d00000, 0x00000000e6d00000|100%| E|CS|TAMS 0x00000000e6c00000| PB 0x00000000e6c00000| Complete 
| 109|0x00000000e6d00000, 0x00000000e6e00000, 0x00000000e6e00000|100%| E|CS|TAMS 0x00000000e6d00000| PB 0x00000000e6d00000| Complete 
| 110|0x00000000e6e00000, 0x00000000e6f00000, 0x00000000e6f00000|100%| E|CS|TAMS 0x00000000e6e00000| PB 0x00000000e6e00000| Complete 
| 111|0x00000000e6f00000, 0x00000000e7000000, 0x00000000e7000000|100%| E|CS|TAMS 0x00000000e6f00000| PB 0x00000000e6f00000| Complete 
| 112|0x00000000e7000000, 0x00000000e7100000, 0x00000000e7100000|100%| E|CS|TAMS 0x00000000e7000000| PB 0x00000000e7000000| Complete 
| 113|0x00000000e7100000, 0x00000000e7200000, 0x00000000e7200000|100%| E|CS|TAMS 0x00000000e7100000| PB 0x00000000e7100000| Complete 
| 114|0x00000000e7200000, 0x00000000e7300000, 0x00000000e7300000|100%| E|CS|TAMS 0x00000000e7200000| PB 0x00000000e7200000| Complete 
| 115|0x00000000e7300000, 0x00000000e7400000, 0x00000000e7400000|100%| E|CS|TAMS 0x00000000e7300000| PB 0x00000000e7300000| Complete 
| 116|0x00000000e7400000, 0x00000000e7500000, 0x00000000e7500000|100%| E|CS|TAMS 0x00000000e7400000| PB 0x00000000e7400000| Complete 
| 117|0x00000000e7500000, 0x00000000e7600000, 0x00000000e7600000|100%| E|CS|TAMS 0x00000000e7500000| PB 0x00000000e7500000| Complete 
| 118|0x00000000e7600000, 0x00000000e7700000, 0x00000000e7700000|100%| E|CS|TAMS 0x00000000e7600000| PB 0x00000000e7600000| Complete 
| 119|0x00000000e7700000, 0x00000000e7800000, 0x00000000e7800000|100%| E|CS|TAMS 0x00000000e7700000| PB 0x00000000e7700000| Complete 
| 120|0x00000000e7800000, 0x00000000e7900000, 0x00000000e7900000|100%| E|CS|TAMS 0x00000000e7800000| PB 0x00000000e7800000| Complete 
| 121|0x00000000e7900000, 0x00000000e7a00000, 0x00000000e7a00000|100%| E|CS|TAMS 0x00000000e7900000| PB 0x00000000e7900000| Complete 
| 122|0x00000000e7a00000, 0x00000000e7b00000, 0x00000000e7b00000|100%| E|CS|TAMS 0x00000000e7a00000| PB 0x00000000e7a00000| Complete 
| 123|0x00000000e7b00000, 0x00000000e7c00000, 0x00000000e7c00000|100%| E|CS|TAMS 0x00000000e7b00000| PB 0x00000000e7b00000| Complete 
| 124|0x00000000e7c00000, 0x00000000e7d00000, 0x00000000e7d00000|100%| E|CS|TAMS 0x00000000e7c00000| PB 0x00000000e7c00000| Complete 
| 125|0x00000000e7d00000, 0x00000000e7e00000, 0x00000000e7e00000|100%| E|CS|TAMS 0x00000000e7d00000| PB 0x00000000e7d00000| Complete 
| 126|0x00000000e7e00000, 0x00000000e7f00000, 0x00000000e7f00000|100%| E|CS|TAMS 0x00000000e7e00000| PB 0x00000000e7e00000| Complete 
| 127|0x00000000e7f00000, 0x00000000e8000000, 0x00000000e8000000|100%| E|CS|TAMS 0x00000000e7f00000| PB 0x00000000e7f00000| Complete 
| 128|0x00000000e8000000, 0x00000000e8100000, 0x00000000e8100000|100%| E|CS|TAMS 0x00000000e8000000| PB 0x00000000e8000000| Complete 
| 129|0x00000000e8100000, 0x00000000e8200000, 0x00000000e8200000|100%| E|CS|TAMS 0x00000000e8100000| PB 0x00000000e8100000| Complete 
| 130|0x00000000e8200000, 0x00000000e8300000, 0x00000000e8300000|100%| E|CS|TAMS 0x00000000e8200000| PB 0x00000000e8200000| Complete 
| 131|0x00000000e8300000, 0x00000000e8400000, 0x00000000e8400000|100%| E|CS|TAMS 0x00000000e8300000| PB 0x00000000e8300000| Complete 
| 132|0x00000000e8400000, 0x00000000e8500000, 0x00000000e8500000|100%| E|CS|TAMS 0x00000000e8400000| PB 0x00000000e8400000| Complete 
| 133|0x00000000e8500000, 0x00000000e8600000, 0x00000000e8600000|100%| E|CS|TAMS 0x00000000e8500000| PB 0x00000000e8500000| Complete 
| 134|0x00000000e8600000, 0x00000000e8700000, 0x00000000e8700000|100%| E|CS|TAMS 0x00000000e8600000| PB 0x00000000e8600000| Complete 
| 135|0x00000000e8700000, 0x00000000e8800000, 0x00000000e8800000|100%| E|CS|TAMS 0x00000000e8700000| PB 0x00000000e8700000| Complete 
| 136|0x00000000e8800000, 0x00000000e8900000, 0x00000000e8900000|100%| E|CS|TAMS 0x00000000e8800000| PB 0x00000000e8800000| Complete 
| 137|0x00000000e8900000, 0x00000000e8a00000, 0x00000000e8a00000|100%| E|CS|TAMS 0x00000000e8900000| PB 0x00000000e8900000| Complete 
| 138|0x00000000e8a00000, 0x00000000e8b00000, 0x00000000e8b00000|100%| E|CS|TAMS 0x00000000e8a00000| PB 0x00000000e8a00000| Complete 
| 139|0x00000000e8b00000, 0x00000000e8c00000, 0x00000000e8c00000|100%| E|CS|TAMS 0x00000000e8b00000| PB 0x00000000e8b00000| Complete 
| 140|0x00000000e8c00000, 0x00000000e8d00000, 0x00000000e8d00000|100%| E|CS|TAMS 0x00000000e8c00000| PB 0x00000000e8c00000| Complete 
| 141|0x00000000e8d00000, 0x00000000e8e00000, 0x00000000e8e00000|100%| E|CS|TAMS 0x00000000e8d00000| PB 0x00000000e8d00000| Complete 
| 142|0x00000000e8e00000, 0x00000000e8f00000, 0x00000000e8f00000|100%| E|CS|TAMS 0x00000000e8e00000| PB 0x00000000e8e00000| Complete 
| 143|0x00000000e8f00000, 0x00000000e9000000, 0x00000000e9000000|100%| E|CS|TAMS 0x00000000e8f00000| PB 0x00000000e8f00000| Complete 
| 144|0x00000000e9000000, 0x00000000e9100000, 0x00000000e9100000|100%| E|CS|TAMS 0x00000000e9000000| PB 0x00000000e9000000| Complete 
| 145|0x00000000e9100000, 0x00000000e9200000, 0x00000000e9200000|100%| E|CS|TAMS 0x00000000e9100000| PB 0x00000000e9100000| Complete 
| 146|0x00000000e9200000, 0x00000000e9300000, 0x00000000e9300000|100%| E|CS|TAMS 0x00000000e9200000| PB 0x00000000e9200000| Complete 
| 147|0x00000000e9300000, 0x00000000e9400000, 0x00000000e9400000|100%| E|CS|TAMS 0x00000000e9300000| PB 0x00000000e9300000| Complete 
| 148|0x00000000e9400000, 0x00000000e9500000, 0x00000000e9500000|100%| E|CS|TAMS 0x00000000e9400000| PB 0x00000000e9400000| Complete 
| 149|0x00000000e9500000, 0x00000000e9600000, 0x00000000e9600000|100%| E|CS|TAMS 0x00000000e9500000| PB 0x00000000e9500000| Complete 
| 150|0x00000000e9600000, 0x00000000e9700000, 0x00000000e9700000|100%| E|CS|TAMS 0x00000000e9600000| PB 0x00000000e9600000| Complete 
| 151|0x00000000e9700000, 0x00000000e9800000, 0x00000000e9800000|100%| E|CS|TAMS 0x00000000e9700000| PB 0x00000000e9700000| Complete 
| 152|0x00000000e9800000, 0x00000000e9900000, 0x00000000e9900000|100%| E|CS|TAMS 0x00000000e9800000| PB 0x00000000e9800000| Complete 
| 153|0x00000000e9900000, 0x00000000e9a00000, 0x00000000e9a00000|100%| E|CS|TAMS 0x00000000e9900000| PB 0x00000000e9900000| Complete 
| 154|0x00000000e9a00000, 0x00000000e9b00000, 0x00000000e9b00000|100%| E|CS|TAMS 0x00000000e9a00000| PB 0x00000000e9a00000| Complete 
| 155|0x00000000e9b00000, 0x00000000e9c00000, 0x00000000e9c00000|100%| E|CS|TAMS 0x00000000e9b00000| PB 0x00000000e9b00000| Complete 
| 156|0x00000000e9c00000, 0x00000000e9d00000, 0x00000000e9d00000|100%| E|CS|TAMS 0x00000000e9c00000| PB 0x00000000e9c00000| Complete 
| 157|0x00000000e9d00000, 0x00000000e9e00000, 0x00000000e9e00000|100%| E|CS|TAMS 0x00000000e9d00000| PB 0x00000000e9d00000| Complete 
| 158|0x00000000e9e00000, 0x00000000e9f00000, 0x00000000e9f00000|100%| E|CS|TAMS 0x00000000e9e00000| PB 0x00000000e9e00000| Complete 
| 159|0x00000000e9f00000, 0x00000000ea000000, 0x00000000ea000000|100%| E|CS|TAMS 0x00000000e9f00000| PB 0x00000000e9f00000| Complete 
| 160|0x00000000ea000000, 0x00000000ea100000, 0x00000000ea100000|100%| E|CS|TAMS 0x00000000ea000000| PB 0x00000000ea000000| Complete 
| 161|0x00000000ea100000, 0x00000000ea200000, 0x00000000ea200000|100%| E|CS|TAMS 0x00000000ea100000| PB 0x00000000ea100000| Complete 
| 162|0x00000000ea200000, 0x00000000ea300000, 0x00000000ea300000|100%| E|CS|TAMS 0x00000000ea200000| PB 0x00000000ea200000| Complete 
| 163|0x00000000ea300000, 0x00000000ea400000, 0x00000000ea400000|100%| E|CS|TAMS 0x00000000ea300000| PB 0x00000000ea300000| Complete 
| 164|0x00000000ea400000, 0x00000000ea500000, 0x00000000ea500000|100%| E|CS|TAMS 0x00000000ea400000| PB 0x00000000ea400000| Complete 
| 165|0x00000000ea500000, 0x00000000ea600000, 0x00000000ea600000|100%| E|CS|TAMS 0x00000000ea500000| PB 0x00000000ea500000| Complete 
| 166|0x00000000ea600000, 0x00000000ea700000, 0x00000000ea700000|100%| E|CS|TAMS 0x00000000ea600000| PB 0x00000000ea600000| Complete 
| 167|0x00000000ea700000, 0x00000000ea800000, 0x00000000ea800000|100%| E|CS|TAMS 0x00000000ea700000| PB 0x00000000ea700000| Complete 
| 168|0x00000000ea800000, 0x00000000ea900000, 0x00000000ea900000|100%| E|CS|TAMS 0x00000000ea800000| PB 0x00000000ea800000| Complete 
| 169|0x00000000ea900000, 0x00000000eaa00000, 0x00000000eaa00000|100%| E|CS|TAMS 0x00000000ea900000| PB 0x00000000ea900000| Complete 
| 170|0x00000000eaa00000, 0x00000000eab00000, 0x00000000eab00000|100%| E|CS|TAMS 0x00000000eaa00000| PB 0x00000000eaa00000| Complete 
| 171|0x00000000eab00000, 0x00000000eac00000, 0x00000000eac00000|100%| E|CS|TAMS 0x00000000eab00000| PB 0x00000000eab00000| Complete 
| 172|0x00000000eac00000, 0x00000000ead00000, 0x00000000ead00000|100%| E|CS|TAMS 0x00000000eac00000| PB 0x00000000eac00000| Complete 
| 173|0x00000000ead00000, 0x00000000eae00000, 0x00000000eae00000|100%| E|CS|TAMS 0x00000000ead00000| PB 0x00000000ead00000| Complete 
| 174|0x00000000eae00000, 0x00000000eaf00000, 0x00000000eaf00000|100%| E|CS|TAMS 0x00000000eae00000| PB 0x00000000eae00000| Complete 
| 175|0x00000000eaf00000, 0x00000000eb000000, 0x00000000eb000000|100%| E|CS|TAMS 0x00000000eaf00000| PB 0x00000000eaf00000| Complete 
| 176|0x00000000eb000000, 0x00000000eb100000, 0x00000000eb100000|100%| E|CS|TAMS 0x00000000eb000000| PB 0x00000000eb000000| Complete 
| 177|0x00000000eb100000, 0x00000000eb200000, 0x00000000eb200000|100%| E|CS|TAMS 0x00000000eb100000| PB 0x00000000eb100000| Complete 
| 178|0x00000000eb200000, 0x00000000eb300000, 0x00000000eb300000|100%| E|CS|TAMS 0x00000000eb200000| PB 0x00000000eb200000| Complete 
| 179|0x00000000eb300000, 0x00000000eb400000, 0x00000000eb400000|100%| E|CS|TAMS 0x00000000eb300000| PB 0x00000000eb300000| Complete 
| 180|0x00000000eb400000, 0x00000000eb500000, 0x00000000eb500000|100%| E|CS|TAMS 0x00000000eb400000| PB 0x00000000eb400000| Complete 
| 181|0x00000000eb500000, 0x00000000eb600000, 0x00000000eb600000|100%| E|CS|TAMS 0x00000000eb500000| PB 0x00000000eb500000| Complete 
| 182|0x00000000eb600000, 0x00000000eb700000, 0x00000000eb700000|100%| E|CS|TAMS 0x00000000eb600000| PB 0x00000000eb600000| Complete 
| 183|0x00000000eb700000, 0x00000000eb800000, 0x00000000eb800000|100%| E|CS|TAMS 0x00000000eb700000| PB 0x00000000eb700000| Complete 
| 184|0x00000000eb800000, 0x00000000eb900000, 0x00000000eb900000|100%| E|CS|TAMS 0x00000000eb800000| PB 0x00000000eb800000| Complete 
| 185|0x00000000eb900000, 0x00000000eba00000, 0x00000000eba00000|100%| E|CS|TAMS 0x00000000eb900000| PB 0x00000000eb900000| Complete 
| 186|0x00000000eba00000, 0x00000000ebb00000, 0x00000000ebb00000|100%| E|CS|TAMS 0x00000000eba00000| PB 0x00000000eba00000| Complete 
| 187|0x00000000ebb00000, 0x00000000ebc00000, 0x00000000ebc00000|100%| E|CS|TAMS 0x00000000ebb00000| PB 0x00000000ebb00000| Complete 
| 188|0x00000000ebc00000, 0x00000000ebd00000, 0x00000000ebd00000|100%| E|CS|TAMS 0x00000000ebc00000| PB 0x00000000ebc00000| Complete 
| 189|0x00000000ebd00000, 0x00000000ebe00000, 0x00000000ebe00000|100%| E|CS|TAMS 0x00000000ebd00000| PB 0x00000000ebd00000| Complete 
| 190|0x00000000ebe00000, 0x00000000ebf00000, 0x00000000ebf00000|100%| E|CS|TAMS 0x00000000ebe00000| PB 0x00000000ebe00000| Complete 
| 191|0x00000000ebf00000, 0x00000000ec000000, 0x00000000ec000000|100%| E|CS|TAMS 0x00000000ebf00000| PB 0x00000000ebf00000| Complete 
| 192|0x00000000ec000000, 0x00000000ec100000, 0x00000000ec100000|100%| E|CS|TAMS 0x00000000ec000000| PB 0x00000000ec000000| Complete 
| 193|0x00000000ec100000, 0x00000000ec200000, 0x00000000ec200000|100%| E|CS|TAMS 0x00000000ec100000| PB 0x00000000ec100000| Complete 
| 194|0x00000000ec200000, 0x00000000ec300000, 0x00000000ec300000|100%| E|CS|TAMS 0x00000000ec200000| PB 0x00000000ec200000| Complete 
| 195|0x00000000ec300000, 0x00000000ec400000, 0x00000000ec400000|100%| E|CS|TAMS 0x00000000ec300000| PB 0x00000000ec300000| Complete 
| 196|0x00000000ec400000, 0x00000000ec500000, 0x00000000ec500000|100%| E|CS|TAMS 0x00000000ec400000| PB 0x00000000ec400000| Complete 
| 197|0x00000000ec500000, 0x00000000ec600000, 0x00000000ec600000|100%| E|CS|TAMS 0x00000000ec500000| PB 0x00000000ec500000| Complete 
| 198|0x00000000ec600000, 0x00000000ec700000, 0x00000000ec700000|100%| E|CS|TAMS 0x00000000ec600000| PB 0x00000000ec600000| Complete 
| 199|0x00000000ec700000, 0x00000000ec800000, 0x00000000ec800000|100%| E|CS|TAMS 0x00000000ec700000| PB 0x00000000ec700000| Complete 
| 200|0x00000000ec800000, 0x00000000ec900000, 0x00000000ec900000|100%| E|CS|TAMS 0x00000000ec800000| PB 0x00000000ec800000| Complete 
| 201|0x00000000ec900000, 0x00000000eca00000, 0x00000000eca00000|100%| E|CS|TAMS 0x00000000ec900000| PB 0x00000000ec900000| Complete 
| 202|0x00000000eca00000, 0x00000000ecb00000, 0x00000000ecb00000|100%| E|CS|TAMS 0x00000000eca00000| PB 0x00000000eca00000| Complete 
| 203|0x00000000ecb00000, 0x00000000ecc00000, 0x00000000ecc00000|100%| E|CS|TAMS 0x00000000ecb00000| PB 0x00000000ecb00000| Complete 
| 204|0x00000000ecc00000, 0x00000000ecd00000, 0x00000000ecd00000|100%| E|CS|TAMS 0x00000000ecc00000| PB 0x00000000ecc00000| Complete 
| 205|0x00000000ecd00000, 0x00000000ece00000, 0x00000000ece00000|100%| E|CS|TAMS 0x00000000ecd00000| PB 0x00000000ecd00000| Complete 
| 206|0x00000000ece00000, 0x00000000ecf00000, 0x00000000ecf00000|100%| E|CS|TAMS 0x00000000ece00000| PB 0x00000000ece00000| Complete 
| 207|0x00000000ecf00000, 0x00000000ed000000, 0x00000000ed000000|100%| E|CS|TAMS 0x00000000ecf00000| PB 0x00000000ecf00000| Complete 
| 208|0x00000000ed000000, 0x00000000ed100000, 0x00000000ed100000|100%| E|CS|TAMS 0x00000000ed000000| PB 0x00000000ed000000| Complete 
| 209|0x00000000ed100000, 0x00000000ed200000, 0x00000000ed200000|100%| E|CS|TAMS 0x00000000ed100000| PB 0x00000000ed100000| Complete 
| 210|0x00000000ed200000, 0x00000000ed300000, 0x00000000ed300000|100%| E|CS|TAMS 0x00000000ed200000| PB 0x00000000ed200000| Complete 
| 211|0x00000000ed300000, 0x00000000ed400000, 0x00000000ed400000|100%| E|CS|TAMS 0x00000000ed300000| PB 0x00000000ed300000| Complete 
| 212|0x00000000ed400000, 0x00000000ed500000, 0x00000000ed500000|100%| E|CS|TAMS 0x00000000ed400000| PB 0x00000000ed400000| Complete 
| 213|0x00000000ed500000, 0x00000000ed600000, 0x00000000ed600000|100%| E|CS|TAMS 0x00000000ed500000| PB 0x00000000ed500000| Complete 
| 214|0x00000000ed600000, 0x00000000ed700000, 0x00000000ed700000|100%| E|CS|TAMS 0x00000000ed600000| PB 0x00000000ed600000| Complete 
| 215|0x00000000ed700000, 0x00000000ed800000, 0x00000000ed800000|100%| E|CS|TAMS 0x00000000ed700000| PB 0x00000000ed700000| Complete 
| 216|0x00000000ed800000, 0x00000000ed900000, 0x00000000ed900000|100%| E|CS|TAMS 0x00000000ed800000| PB 0x00000000ed800000| Complete 
| 217|0x00000000ed900000, 0x00000000eda00000, 0x00000000eda00000|100%| E|CS|TAMS 0x00000000ed900000| PB 0x00000000ed900000| Complete 
| 218|0x00000000eda00000, 0x00000000edb00000, 0x00000000edb00000|100%| E|CS|TAMS 0x00000000eda00000| PB 0x00000000eda00000| Complete 
| 219|0x00000000edb00000, 0x00000000edc00000, 0x00000000edc00000|100%| E|CS|TAMS 0x00000000edb00000| PB 0x00000000edb00000| Complete 
| 220|0x00000000edc00000, 0x00000000edd00000, 0x00000000edd00000|100%| E|CS|TAMS 0x00000000edc00000| PB 0x00000000edc00000| Complete 
| 221|0x00000000edd00000, 0x00000000ede00000, 0x00000000ede00000|100%| E|CS|TAMS 0x00000000edd00000| PB 0x00000000edd00000| Complete 
| 222|0x00000000ede00000, 0x00000000edf00000, 0x00000000edf00000|100%| E|  |TAMS 0x00000000ede00000| PB 0x00000000ede00000| Complete 
| 223|0x00000000edf00000, 0x00000000ee000000, 0x00000000ee000000|100%| E|CS|TAMS 0x00000000edf00000| PB 0x00000000edf00000| Complete 
| 224|0x00000000ee000000, 0x00000000ee100000, 0x00000000ee100000|100%| E|CS|TAMS 0x00000000ee000000| PB 0x00000000ee000000| Complete 
| 225|0x00000000ee100000, 0x00000000ee200000, 0x00000000ee200000|100%| E|CS|TAMS 0x00000000ee100000| PB 0x00000000ee100000| Complete 
| 226|0x00000000ee200000, 0x00000000ee300000, 0x00000000ee300000|100%| E|CS|TAMS 0x00000000ee200000| PB 0x00000000ee200000| Complete 
| 227|0x00000000ee300000, 0x00000000ee400000, 0x00000000ee400000|100%| E|CS|TAMS 0x00000000ee300000| PB 0x00000000ee300000| Complete 
| 228|0x00000000ee400000, 0x00000000ee500000, 0x00000000ee500000|100%| E|CS|TAMS 0x00000000ee400000| PB 0x00000000ee400000| Complete 
| 229|0x00000000ee500000, 0x00000000ee600000, 0x00000000ee600000|100%| E|CS|TAMS 0x00000000ee500000| PB 0x00000000ee500000| Complete 
| 230|0x00000000ee600000, 0x00000000ee700000, 0x00000000ee700000|100%| E|CS|TAMS 0x00000000ee600000| PB 0x00000000ee600000| Complete 
| 231|0x00000000ee700000, 0x00000000ee800000, 0x00000000ee800000|100%| E|CS|TAMS 0x00000000ee700000| PB 0x00000000ee700000| Complete 
| 232|0x00000000ee800000, 0x00000000ee900000, 0x00000000ee900000|100%| E|CS|TAMS 0x00000000ee800000| PB 0x00000000ee800000| Complete 
| 233|0x00000000ee900000, 0x00000000eea00000, 0x00000000eea00000|100%| E|CS|TAMS 0x00000000ee900000| PB 0x00000000ee900000| Complete 
| 234|0x00000000eea00000, 0x00000000eeb00000, 0x00000000eeb00000|100%| E|CS|TAMS 0x00000000eea00000| PB 0x00000000eea00000| Complete 
| 235|0x00000000eeb00000, 0x00000000eeb93d50, 0x00000000eec00000| 57%| S|CS|TAMS 0x00000000eeb00000| PB 0x00000000eeb00000| Complete 
| 236|0x00000000eec00000, 0x00000000eed00000, 0x00000000eed00000|100%| S|CS|TAMS 0x00000000eec00000| PB 0x00000000eec00000| Complete 
| 237|0x00000000eed00000, 0x00000000eee00000, 0x00000000eee00000|100%| S|CS|TAMS 0x00000000eed00000| PB 0x00000000eed00000| Complete 
| 238|0x00000000eee00000, 0x00000000eef00000, 0x00000000eef00000|100%| S|CS|TAMS 0x00000000eee00000| PB 0x00000000eee00000| Complete 
| 239|0x00000000eef00000, 0x00000000ef000000, 0x00000000ef000000|100%| S|CS|TAMS 0x00000000eef00000| PB 0x00000000eef00000| Complete 
| 240|0x00000000ef000000, 0x00000000ef100000, 0x00000000ef100000|100%| S|CS|TAMS 0x00000000ef000000| PB 0x00000000ef000000| Complete 
| 241|0x00000000ef100000, 0x00000000ef200000, 0x00000000ef200000|100%| S|CS|TAMS 0x00000000ef100000| PB 0x00000000ef100000| Complete 
| 242|0x00000000ef200000, 0x00000000ef300000, 0x00000000ef300000|100%| E|CS|TAMS 0x00000000ef200000| PB 0x00000000ef200000| Complete 
| 243|0x00000000ef300000, 0x00000000ef400000, 0x00000000ef400000|100%| E|CS|TAMS 0x00000000ef300000| PB 0x00000000ef300000| Complete 
| 244|0x00000000ef400000, 0x00000000ef500000, 0x00000000ef500000|100%| E|CS|TAMS 0x00000000ef400000| PB 0x00000000ef400000| Complete 
| 245|0x00000000ef500000, 0x00000000ef600000, 0x00000000ef600000|100%| E|CS|TAMS 0x00000000ef500000| PB 0x00000000ef500000| Complete 
| 246|0x00000000ef600000, 0x00000000ef700000, 0x00000000ef700000|100%| E|CS|TAMS 0x00000000ef600000| PB 0x00000000ef600000| Complete 
| 247|0x00000000ef700000, 0x00000000ef800000, 0x00000000ef800000|100%| E|CS|TAMS 0x00000000ef700000| PB 0x00000000ef700000| Complete 
| 248|0x00000000ef800000, 0x00000000ef900000, 0x00000000ef900000|100%| E|CS|TAMS 0x00000000ef800000| PB 0x00000000ef800000| Complete 
| 249|0x00000000ef900000, 0x00000000efa00000, 0x00000000efa00000|100%| E|CS|TAMS 0x00000000ef900000| PB 0x00000000ef900000| Complete 
| 250|0x00000000efa00000, 0x00000000efb00000, 0x00000000efb00000|100%| E|CS|TAMS 0x00000000efa00000| PB 0x00000000efa00000| Complete 
| 251|0x00000000efb00000, 0x00000000efc00000, 0x00000000efc00000|100%| S|CS|TAMS 0x00000000efb00000| PB 0x00000000efb00000| Complete 
| 252|0x00000000efc00000, 0x00000000efd00000, 0x00000000efd00000|100%| S|CS|TAMS 0x00000000efc00000| PB 0x00000000efc00000| Complete 
| 253|0x00000000efd00000, 0x00000000efe00000, 0x00000000efe00000|100%| E|CS|TAMS 0x00000000efd00000| PB 0x00000000efd00000| Complete 
| 254|0x00000000efe00000, 0x00000000eff00000, 0x00000000eff00000|100%| E|CS|TAMS 0x00000000efe00000| PB 0x00000000efe00000| Complete 
| 255|0x00000000eff00000, 0x00000000f0000000, 0x00000000f0000000|100%| E|CS|TAMS 0x00000000eff00000| PB 0x00000000eff00000| Complete 

Card table byte_map: [0x000002631e130000,0x000002631e230000] _byte_map_base: 0x000002631da30000

Marking Bits: (CMBitMap*) 0x000002630bb5aea0
 Bits: [0x000002631e230000, 0x000002631ea30000)

Polling page: 0x0000026309870000

Metaspace:

Usage:
  Non-class:     41.92 MB used.
      Class:      7.16 MB used.
       Both:     49.08 MB used.

Virtual space:
  Non-class space:       64.00 MB reserved,      42.75 MB ( 67%) committed,  1 nodes.
      Class space:      320.00 MB reserved,       8.00 MB (  2%) committed,  1 nodes.
             Both:      384.00 MB reserved,      50.75 MB ( 13%) committed. 

Chunk freelists:
   Non-Class:  4.62 MB
       Class:  8.05 MB
        Both:  12.67 MB

MaxMetaspaceSize: 384.00 MB
CompressedClassSpaceSize: 320.00 MB
Initial GC threshold: 21.00 MB
Current GC threshold: 59.81 MB
CDS: on
 - commit_granule_bytes: 65536.
 - commit_granule_words: 8192.
 - virtual_space_node_default_size: 8388608.
 - enlarge_chunks_in_place: 1.
 - use_allocation_guard: 0.


Internal statistics:

num_allocs_failed_limit: 12.
num_arena_births: 3062.
num_arena_deaths: 0.
num_vsnodes_births: 2.
num_vsnodes_deaths: 0.
num_space_committed: 812.
num_space_uncommitted: 0.
num_chunks_returned_to_freelist: 12.
num_chunks_taken_from_freelist: 5386.
num_chunk_merges: 12.
num_chunk_splits: 3498.
num_chunks_enlarged: 2140.
num_inconsistent_stats: 0.

CodeHeap 'non-profiled nmethods': size=120000Kb used=3433Kb max_used=3433Kb free=116566Kb
 bounds [0x00000263167d0000, 0x0000026316b30000, 0x000002631dd00000]
CodeHeap 'profiled nmethods': size=120000Kb used=10778Kb max_used=10778Kb free=109221Kb
 bounds [0x000002630ed00000, 0x000002630f790000, 0x0000026316230000]
CodeHeap 'non-nmethods': size=5760Kb used=2606Kb max_used=2679Kb free=3153Kb
 bounds [0x0000026316230000, 0x00000263164f0000, 0x00000263167d0000]
CodeCache: size=245760Kb, used=16817Kb, max_used=16890Kb, free=228940Kb
 total_blobs=6433, nmethods=5560, adapters=776, full_count=0
Compilation: enabled, stopped_count=0, restarted_count=0

Compilation events (20 events):
Event: 30.847 Thread 0x00000263214f2700 nmethod 6005 0x000002630f764710 code [0x000002630f7648c0, 0x000002630f764ba8]
Event: 30.850 Thread 0x00000263214f2700 6006       3       java.util.Hashtable::entrySet (28 bytes)
Event: 30.850 Thread 0x00000263214f2700 nmethod 6006 0x000002630f764c90 code [0x000002630f764ea0, 0x000002630f7655d8]
Event: 30.850 Thread 0x00000263214f2700 6007       3       java.util.Hashtable$EntrySet::iterator (9 bytes)
Event: 30.851 Thread 0x00000263214f2700 nmethod 6007 0x000002630f765810 code [0x000002630f7659c0, 0x000002630f765b08]
Event: 30.851 Thread 0x00000263214f2700 6008       3       java.util.Hashtable::getIterator (22 bytes)
Event: 30.851 Thread 0x00000263214f2700 nmethod 6008 0x000002630f765c10 code [0x000002630f765de0, 0x000002630f766060]
Event: 30.854 Thread 0x00000263214f2700 6010       3       java.util.ArrayDeque::pollLast (36 bytes)
Event: 30.855 Thread 0x00000263214f2700 nmethod 6010 0x000002630f766190 code [0x000002630f766360, 0x000002630f766748]
Event: 30.855 Thread 0x000002633ded87f0 nmethod 5999 0x0000026316b28210 code [0x0000026316b283c0, 0x0000026316b28a78]
Event: 30.855 Thread 0x000002633ded87f0 6009       4       java.util.WeakHashMap::indexFor (6 bytes)
Event: 30.856 Thread 0x000002633ded87f0 nmethod 6009 0x0000026316b28c90 code [0x0000026316b28e00, 0x0000026316b28e70]
Event: 30.856 Thread 0x000002633ded87f0 5997       4       groovy.lang.MetaClassImpl::checkIfGroovyObjectMethod (57 bytes)
Event: 30.857 Thread 0x00000263214f2700 6013       3       sun.reflect.generics.parser.SignatureParser::parseBounds (112 bytes)
Event: 30.858 Thread 0x000002633ded87f0 nmethod 5997 0x0000026316b28f90 code [0x0000026316b29120, 0x0000026316b29210]
Event: 30.858 Thread 0x000002633ded87f0 6011       4       java.lang.StringBuilder::append (6 bytes)
Event: 30.859 Thread 0x00000263214f2700 nmethod 6013 0x000002630f766890 code [0x000002630f766b80, 0x000002630f767a38]
Event: 30.859 Thread 0x00000263214f2700 6014       3       sun.reflect.generics.tree.FormalTypeParameter::make (10 bytes)
Event: 30.859 Thread 0x00000263214f2700 nmethod 6014 0x000002630f767f10 code [0x000002630f7680c0, 0x000002630f768380]
Event: 30.859 Thread 0x00000263214f2700 6012       3       sun.reflect.generics.parser.SignatureParser::parseFormalTypeParameter (16 bytes)

GC Heap History (12 events):
Event: 4.080 GC heap before
{Heap before GC invocations=0 (full 0):
 garbage-first heap   total 262144K, used 26624K [0x00000000e0000000, 0x0000000100000000)
  region size 1024K, 23 young (23552K), 0 survivors (0K)
 Metaspace       used 3217K, committed 3328K, reserved 393216K
  class space    used 413K, committed 448K, reserved 327680K
}
Event: 4.126 GC heap after
{Heap after GC invocations=1 (full 0):
 garbage-first heap   total 262144K, used 10293K [0x00000000e0000000, 0x0000000100000000)
  region size 1024K, 3 young (3072K), 3 survivors (3072K)
 Metaspace       used 3217K, committed 3328K, reserved 393216K
  class space    used 413K, committed 448K, reserved 327680K
}
Event: 7.503 GC heap before
{Heap before GC invocations=1 (full 0):
 garbage-first heap   total 262144K, used 38965K [0x00000000e0000000, 0x0000000100000000)
  region size 1024K, 31 young (31744K), 3 survivors (3072K)
 Metaspace       used 4156K, committed 4352K, reserved 393216K
  class space    used 513K, committed 640K, reserved 327680K
}
Event: 7.510 GC heap after
{Heap after GC invocations=2 (full 0):
 garbage-first heap   total 262144K, used 13426K [0x00000000e0000000, 0x0000000100000000)
  region size 1024K, 3 young (3072K), 3 survivors (3072K)
 Metaspace       used 4156K, committed 4352K, reserved 393216K
  class space    used 513K, committed 640K, reserved 327680K
}
Event: 15.066 GC heap before
{Heap before GC invocations=2 (full 0):
 garbage-first heap   total 262144K, used 116850K [0x00000000e0000000, 0x0000000100000000)
  region size 1024K, 105 young (107520K), 3 survivors (3072K)
 Metaspace       used 20862K, committed 21504K, reserved 393216K
  class space    used 3133K, committed 3456K, reserved 327680K
}
Event: 15.087 GC heap after
{Heap after GC invocations=3 (full 0):
 garbage-first heap   total 262144K, used 23378K [0x00000000e0000000, 0x0000000100000000)
  region size 1024K, 13 young (13312K), 13 survivors (13312K)
 Metaspace       used 20862K, committed 21504K, reserved 393216K
  class space    used 3133K, committed 3456K, reserved 327680K
}
Event: 21.535 GC heap before
{Heap before GC invocations=4 (full 0):
 garbage-first heap   total 262144K, used 132946K [0x00000000e0000000, 0x0000000100000000)
  region size 1024K, 117 young (119808K), 13 survivors (13312K)
 Metaspace       used 34852K, committed 35968K, reserved 393216K
  class space    used 4987K, committed 5568K, reserved 327680K
}
Event: 21.562 GC heap after
{Heap after GC invocations=5 (full 0):
 garbage-first heap   total 262144K, used 32268K [0x00000000e0000000, 0x0000000100000000)
  region size 1024K, 9 young (9216K), 9 survivors (9216K)
 Metaspace       used 34852K, committed 35968K, reserved 393216K
  class space    used 4987K, committed 5568K, reserved 327680K
}
Event: 21.808 GC heap before
{Heap before GC invocations=5 (full 0):
 garbage-first heap   total 262144K, used 36364K [0x00000000e0000000, 0x0000000100000000)
  region size 1024K, 14 young (14336K), 9 survivors (9216K)
 Metaspace       used 35134K, committed 36288K, reserved 393216K
  class space    used 5038K, committed 5632K, reserved 327680K
}
Event: 21.818 GC heap after
{Heap after GC invocations=6 (full 0):
 garbage-first heap   total 262144K, used 31985K [0x00000000e0000000, 0x0000000100000000)
  region size 1024K, 9 young (9216K), 9 survivors (9216K)
 Metaspace       used 35134K, committed 36288K, reserved 393216K
  class space    used 5038K, committed 5632K, reserved 327680K
}
Event: 21.898 GC heap before
{Heap before GC invocations=6 (full 0):
 garbage-first heap   total 262144K, used 34033K [0x00000000e0000000, 0x0000000100000000)
  region size 1024K, 12 young (12288K), 9 survivors (9216K)
 Metaspace       used 35413K, committed 36608K, reserved 393216K
  class space    used 5075K, committed 5696K, reserved 327680K
}
Event: 21.908 GC heap after
{Heap after GC invocations=7 (full 0):
 garbage-first heap   total 262144K, used 32025K [0x00000000e0000000, 0x0000000100000000)
  region size 1024K, 9 young (9216K), 9 survivors (9216K)
 Metaspace       used 35413K, committed 36608K, reserved 393216K
  class space    used 5075K, committed 5696K, reserved 327680K
}

Dll operation events (14 events):
Event: 0.146 Loaded shared library C:\Users\JEREMIE\.vscode\extensions\redhat.java-1.54.0-win32-x64\jre\21.0.10-win32-x86_64\bin\java.dll
Event: 0.673 Loaded shared library C:\Users\JEREMIE\.vscode\extensions\redhat.java-1.54.0-win32-x64\jre\21.0.10-win32-x86_64\bin\zip.dll
Event: 0.759 Loaded shared library C:\Users\JEREMIE\.vscode\extensions\redhat.java-1.54.0-win32-x64\jre\21.0.10-win32-x86_64\bin\instrument.dll
Event: 0.789 Loaded shared library C:\Users\JEREMIE\.vscode\extensions\redhat.java-1.54.0-win32-x64\jre\21.0.10-win32-x86_64\bin\net.dll
Event: 0.834 Loaded shared library C:\Users\JEREMIE\.vscode\extensions\redhat.java-1.54.0-win32-x64\jre\21.0.10-win32-x86_64\bin\nio.dll
Event: 0.922 Loaded shared library C:\Users\JEREMIE\.vscode\extensions\redhat.java-1.54.0-win32-x64\jre\21.0.10-win32-x86_64\bin\zip.dll
Event: 2.559 Loaded shared library C:\Users\JEREMIE\.vscode\extensions\redhat.java-1.54.0-win32-x64\jre\21.0.10-win32-x86_64\bin\jimage.dll
Event: 2.716 Loaded shared library C:\Users\JEREMIE\.vscode\extensions\redhat.java-1.54.0-win32-x64\jre\21.0.10-win32-x86_64\bin\verify.dll
Event: 3.356 Loaded shared library C:\Users\JEREMIE\.gradle\native\68d5fa5c4cc2d200863cafc0d521ce42e7d3e7ee720ec0a83991735586a16f82\windows-amd64\native-platform.dll
Event: 3.386 Loaded shared library C:\Users\JEREMIE\.gradle\native\e376f236ea51e6404a007f0833ffe2c6e607c4080706a723a18a27aeea778392\windows-amd64\native-platform-file-events.dll
Event: 8.457 Loaded shared library C:\Users\JEREMIE\.vscode\extensions\redhat.java-1.54.0-win32-x64\jre\21.0.10-win32-x86_64\bin\management.dll
Event: 8.475 Loaded shared library C:\Users\JEREMIE\.vscode\extensions\redhat.java-1.54.0-win32-x64\jre\21.0.10-win32-x86_64\bin\management_ext.dll
Event: 9.181 Loaded shared library C:\Users\JEREMIE\.vscode\extensions\redhat.java-1.54.0-win32-x64\jre\21.0.10-win32-x86_64\bin\extnet.dll
Event: 9.521 Loaded shared library C:\Users\JEREMIE\.vscode\extensions\redhat.java-1.54.0-win32-x64\jre\21.0.10-win32-x86_64\bin\sunmscapi.dll

Deoptimization events (20 events):
Event: 29.504 Thread 0x000002633b13f740 Uncommon trap: trap_request=0xffffffde fr.pc=0x00000263168897d4 relative=0x0000000000000294
Event: 29.504 Thread 0x000002633b13f740 Uncommon trap: reason=class_check action=maybe_recompile pc=0x00000263168897d4 method=java.util.regex.Matcher.search(I)Z @ 121 c2
Event: 29.504 Thread 0x000002633b13f740 DEOPT PACKING pc=0x00000263168897d4 sp=0x000000cc0f6f7e10
Event: 29.504 Thread 0x000002633b13f740 DEOPT UNPACKING pc=0x0000026316284422 sp=0x000000cc0f6f7da0 mode 2
Event: 30.057 Thread 0x000002633b13f740 Uncommon trap: trap_request=0xffffff76 fr.pc=0x0000026316a248d4 relative=0x0000000000000294
Event: 30.058 Thread 0x000002633b13f740 Uncommon trap: reason=predicate action=maybe_recompile pc=0x0000026316a248d4 method=sun.instrument.TransformerManager.transform(Ljava/lang/Module;Ljava/lang/ClassLoader;Ljava/lang/String;Ljava/lang/Class;Ljava/security/ProtectionDomain;[B)[B @ 21 c2
Event: 30.059 Thread 0x000002633b13f740 DEOPT PACKING pc=0x0000026316a248d4 sp=0x000000cc0f6f7c30
Event: 30.059 Thread 0x000002633b13f740 DEOPT UNPACKING pc=0x0000026316284422 sp=0x000000cc0f6f7b00 mode 2
Event: 30.214 Thread 0x000002633b13f740 DEOPT PACKING pc=0x000002630f0ec69f sp=0x000000cc0f6f7ea0
Event: 30.214 Thread 0x000002633b13f740 DEOPT UNPACKING pc=0x0000026316284bc2 sp=0x000000cc0f6f7378 mode 0
Event: 30.219 Thread 0x000002633b13f740 DEOPT PACKING pc=0x000002630f1c9346 sp=0x000000cc0f6f79c0
Event: 30.219 Thread 0x000002633b13f740 DEOPT UNPACKING pc=0x0000026316284bc2 sp=0x000000cc0f6f6f40 mode 0
Event: 30.744 Thread 0x000002633b13f740 Uncommon trap: trap_request=0xffffffcc fr.pc=0x0000026316b22d0c relative=0x000000000000014c
Event: 30.744 Thread 0x000002633b13f740 Uncommon trap: reason=intrinsic_or_type_checked_inlining action=make_not_entrant pc=0x0000026316b22d0c method=java.util.ArrayList.toArray([Ljava/lang/Object;)[Ljava/lang/Object; @ 36 c2
Event: 30.744 Thread 0x000002633b13f740 DEOPT PACKING pc=0x0000026316b22d0c sp=0x000000cc0f6f92f0
Event: 30.744 Thread 0x000002633b13f740 DEOPT UNPACKING pc=0x0000026316284422 sp=0x000000cc0f6f92a0 mode 2
Event: 30.788 Thread 0x000002633b13f740 Uncommon trap: trap_request=0xffffffdc fr.pc=0x0000026316b24e20 relative=0x00000000000002e0
Event: 30.788 Thread 0x000002633b13f740 Uncommon trap: reason=class_check action=make_not_entrant pc=0x0000026316b24e20 method=java.util.ArrayList.toArray([Ljava/lang/Object;)[Ljava/lang/Object; @ 21 c2
Event: 30.788 Thread 0x000002633b13f740 DEOPT PACKING pc=0x0000026316b24e20 sp=0x000000cc0f6f7a00
Event: 30.788 Thread 0x000002633b13f740 DEOPT UNPACKING pc=0x0000026316284422 sp=0x000000cc0f6f79d0 mode 2

Classes loaded (20 events):
Event: 29.041 Loading class java/lang/Byte$ByteCache
Event: 29.042 Loading class java/lang/Byte$ByteCache done
Event: 30.230 Loading class java/lang/ThreadDeath
Event: 30.232 Loading class java/lang/ThreadDeath done
Event: 30.233 Loading class sun/misc/SharedSecrets
Event: 30.233 Loading class sun/misc/SharedSecrets done
Event: 30.366 Loading class java/io/PrintWriter$1
Event: 30.367 Loading class jdk/internal/access/JavaIOPrintWriterAccess
Event: 30.367 Loading class jdk/internal/access/JavaIOPrintWriterAccess done
Event: 30.367 Loading class java/io/PrintWriter$1 done
Event: 30.614 Loading class java/util/AbstractCollectionBeanInfo
Event: 30.614 Loading class java/util/AbstractCollectionBeanInfo done
Event: 30.614 Loading class java/util/AbstractCollectionBeanInfo
Event: 30.614 Loading class java/util/AbstractCollectionBeanInfo done
Event: 30.615 Loading class java/util/AbstractCollectionCustomizer
Event: 30.615 Loading class java/util/AbstractCollectionCustomizer done
Event: 30.615 Loading class java/util/AbstractCollectionCustomizer
Event: 30.615 Loading class java/util/AbstractCollectionCustomizer done
Event: 30.619 Loading class sun/reflect/generics/reflectiveObjects/GenericArrayTypeImpl
Event: 30.619 Loading class sun/reflect/generics/reflectiveObjects/GenericArrayTypeImpl done

Classes unloaded (0 events):
No events

Classes redefined (0 events):
No events

Internal exceptions (20 events):
Event: 30.612 Thread 0x000002633b13f740 Exception <a 'java/lang/ClassNotFoundException'{0x00000000e780f400}: org/gradle/api/internal/DefaultNamedDomainObjectCollectionBeanInfo> (0x00000000e780f400) 
thrown [s\src\hotspot\share\classfile\systemDictionary.cpp, line 312]
Event: 30.614 Thread 0x000002633b13f740 Exception <a 'java/lang/ClassNotFoundException'{0x00000000e7821f18}: org/gradle/api/internal/DefaultDomainObjectCollectionBeanInfo> (0x00000000e7821f18) 
thrown [s\src\hotspot\share\classfile\systemDictionary.cpp, line 312]
Event: 30.614 Thread 0x000002633b13f740 Exception <a 'java/lang/ClassNotFoundException'{0x00000000e7829428}: java/util/AbstractCollectionBeanInfo> (0x00000000e7829428) 
thrown [s\src\hotspot\share\classfile\systemDictionary.cpp, line 312]
Event: 30.615 Thread 0x000002633b13f740 Exception <a 'java/lang/ClassNotFoundException'{0x00000000e7830658}: java/util/AbstractCollectionCustomizer> (0x00000000e7830658) 
thrown [s\src\hotspot\share\classfile\systemDictionary.cpp, line 312]
Event: 30.622 Thread 0x000002633b13f740 Exception <a 'java/lang/ClassNotFoundException'{0x00000000e7854f70}: org/gradle/api/internal/DefaultDomainObjectCollectionCustomizer> (0x00000000e7854f70) 
thrown [s\src\hotspot\share\classfile\systemDictionary.cpp, line 312]
Event: 30.631 Thread 0x000002633b13f740 Exception <a 'java/lang/ClassNotFoundException'{0x00000000e7898508}: org/gradle/api/internal/DefaultNamedDomainObjectCollectionCustomizer> (0x00000000e7898508) 
thrown [s\src\hotspot\share\classfile\systemDictionary.cpp, line 312]
Event: 30.638 Thread 0x000002633b13f740 Exception <a 'java/lang/ClassNotFoundException'{0x00000000e78eb7a0}: org/gradle/api/internal/DefaultNamedDomainObjectListCustomizer> (0x00000000e78eb7a0) 
thrown [s\src\hotspot\share\classfile\systemDictionary.cpp, line 312]
Event: 30.659 Thread 0x000002633b13f740 Exception <a 'java/lang/ClassNotFoundException'{0x00000000e77767c0}: org/gradle/api/internal/artifacts/DefaultArtifactRepositoryContainerCustomizer> (0x00000000e77767c0) 
thrown [s\src\hotspot\share\classfile\systemDictionary.cpp, line 312]
Event: 30.685 Thread 0x000002633b13f740 Exception <a 'java/lang/ClassNotFoundException'{0x00000000e7612c10}: org/gradle/api/internal/artifacts/dsl/DefaultRepositoryHandlerCustomizer> (0x00000000e7612c10) 
thrown [s\src\hotspot\share\classfile\systemDictionary.cpp, line 312]
Event: 30.732 Thread 0x000002633b13f740 Exception <a 'java/lang/ClassNotFoundException'{0x00000000e76dcb40}: org/gradle/api/internal/artifacts/dsl/DefaultRepositoryHandler_DecoratedCustomizer> (0x00000000e76dcb40) 
thrown [s\src\hotspot\share\classfile\systemDictionary.cpp, line 312]
Event: 30.759 Thread 0x000002633b13f740 Exception <a 'java/lang/ClassNotFoundException'{0x00000000e7577180}: org/gradle/api/internal/artifacts/dsl/dependencies/DefaultDependencyHandler_DecoratedBeanInfo> (0x00000000e7577180) 
thrown [s\src\hotspot\share\classfile\systemDictionary.cpp, line 312]
Event: 30.763 Thread 0x000002633b13f740 Exception <a 'java/lang/ClassNotFoundException'{0x00000000e758bab8}: org/gradle/api/internal/artifacts/dsl/dependencies/DefaultDependencyHandlerBeanInfo> (0x00000000e758bab8) 
thrown [s\src\hotspot\share\classfile\systemDictionary.cpp, line 312]
Event: 30.766 Thread 0x000002633b13f740 Exception <a 'java/lang/ClassNotFoundException'{0x00000000e75a0100}: org/gradle/api/internal/artifacts/dsl/dependencies/DefaultDependencyHandlerCustomizer> (0x00000000e75a0100) 
thrown [s\src\hotspot\share\classfile\systemDictionary.cpp, line 312]
Event: 30.776 Thread 0x000002633b13f740 Exception <a 'java/lang/ClassNotFoundException'{0x00000000e75e7170}: org/gradle/api/internal/artifacts/dsl/dependencies/DefaultDependencyHandler_DecoratedCustomizer> (0x00000000e75e7170) 
thrown [s\src\hotspot\share\classfile\systemDictionary.cpp, line 312]
Event: 30.837 Thread 0x000002633b13f740 Exception <a 'java/lang/ClassNotFoundException'{0x00000000e71f4060}: org/gradle/api/internal/tasks/DefaultTaskContainer_DecoratedBeanInfo> (0x00000000e71f4060) 
thrown [s\src\hotspot\share\classfile\systemDictionary.cpp, line 312]
Event: 30.839 Thread 0x000002633b13f740 Exception <a 'java/lang/ClassNotFoundException'{0x00000000e70042a8}: org/gradle/api/internal/tasks/DefaultTaskContainerBeanInfo> (0x00000000e70042a8) 
thrown [s\src\hotspot\share\classfile\systemDictionary.cpp, line 312]
Event: 30.840 Thread 0x000002633b13f740 Exception <a 'java/lang/ClassNotFoundException'{0x00000000e70142c8}: org/gradle/api/internal/tasks/DefaultTaskCollectionBeanInfo> (0x00000000e70142c8) 
thrown [s\src\hotspot\share\classfile\systemDictionary.cpp, line 312]
Event: 30.841 Thread 0x000002633b13f740 Exception <a 'java/lang/ClassNotFoundException'{0x00000000e70242d0}: org/gradle/api/internal/DefaultNamedDomainObjectSetBeanInfo> (0x00000000e70242d0) 
thrown [s\src\hotspot\share\classfile\systemDictionary.cpp, line 312]
Event: 30.843 Thread 0x000002633b13f740 Exception <a 'java/lang/ClassNotFoundException'{0x00000000e70342b0}: org/gradle/api/internal/DefaultNamedDomainObjectSetCustomizer> (0x00000000e70342b0) 
thrown [s\src\hotspot\share\classfile\systemDictionary.cpp, line 312]
Event: 30.854 Thread 0x000002633b13f740 Exception <a 'java/lang/ClassNotFoundException'{0x00000000e70b9398}: org/gradle/api/internal/tasks/DefaultTaskCollectionCustomizer> (0x00000000e70b9398) 
thrown [s\src\hotspot\share\classfile\systemDictionary.cpp, line 312]

ZGC Phase Switch (0 events):
No events

VM Operations (20 events):
Event: 22.157 Executing non-safepoint VM operation: HandshakeAllThreads (Deoptimize)
Event: 22.158 Executing non-safepoint VM operation: HandshakeAllThreads (Deoptimize) done
Event: 22.683 Executing non-safepoint VM operation: HandshakeAllThreads (Deoptimize)
Event: 22.684 Executing non-safepoint VM operation: HandshakeAllThreads (Deoptimize) done
Event: 23.687 Executing safepoint VM operation: Cleanup
Event: 23.688 Executing safepoint VM operation: Cleanup done
Event: 24.700 Executing safepoint VM operation: Cleanup
Event: 24.701 Executing safepoint VM operation: Cleanup done
Event: 25.712 Executing safepoint VM operation: Cleanup
Event: 25.714 Executing safepoint VM operation: Cleanup done
Event: 26.716 Executing safepoint VM operation: Cleanup
Event: 26.717 Executing safepoint VM operation: Cleanup done
Event: 27.718 Executing safepoint VM operation: Cleanup
Event: 27.720 Executing safepoint VM operation: Cleanup done
Event: 28.731 Executing safepoint VM operation: Cleanup
Event: 28.731 Executing safepoint VM operation: Cleanup done
Event: 29.743 Executing safepoint VM operation: Cleanup
Event: 29.744 Executing safepoint VM operation: Cleanup done
Event: 30.755 Executing safepoint VM operation: Cleanup
Event: 30.755 Executing safepoint VM operation: Cleanup done

Memory protections (0 events):
No events

Nmethod flushes (20 events):
Event: 21.952 Thread 0x00000263214be940 flushing  nmethod 0x000002630ee8ec10
Event: 21.952 Thread 0x00000263214be940 flushing  nmethod 0x000002630ee91510
Event: 21.952 Thread 0x00000263214be940 flushing  nmethod 0x000002630ee91910
Event: 21.952 Thread 0x00000263214be940 flushing  nmethod 0x000002630eef4910
Event: 21.952 Thread 0x00000263214be940 flushing  nmethod 0x000002630eef7310
Event: 21.952 Thread 0x00000263214be940 flushing  nmethod 0x000002630eef7710
Event: 21.952 Thread 0x00000263214be940 flushing  nmethod 0x000002630ef43390
Event: 21.952 Thread 0x00000263214be940 flushing  nmethod 0x000002630ef83590
Event: 21.952 Thread 0x00000263214be940 flushing  nmethod 0x000002630ef89610
Event: 21.952 Thread 0x00000263214be940 flushing  nmethod 0x000002630ef99e10
Event: 21.952 Thread 0x00000263214be940 flushing  nmethod 0x000002630f052590
Event: 21.952 Thread 0x00000263214be940 flushing  nmethod 0x000002630f077710
Event: 21.952 Thread 0x00000263214be940 flushing  nmethod 0x000002630f077c90
Event: 21.952 Thread 0x00000263214be940 flushing  nmethod 0x000002630f082590
Event: 21.952 Thread 0x00000263214be940 flushing  nmethod 0x000002630f082890
Event: 21.952 Thread 0x00000263214be940 flushing  nmethod 0x000002630f082d90
Event: 21.952 Thread 0x00000263214be940 flushing  nmethod 0x000002630efbe990
Event: 21.952 Thread 0x00000263214be940 flushing  nmethod 0x000002630efdf290
Event: 21.952 Thread 0x00000263214be940 flushing  nmethod 0x000002630efe4190
Event: 21.952 Thread 0x00000263214be940 flushing  nmethod 0x000002630f1f9490

Events (20 events):
Event: 21.644 Thread 0x000002633b13f740 Thread added: 0x000002633dd3d180
Event: 21.671 Thread 0x000002633b13f740 Thread added: 0x000002633dd3e530
Event: 21.981 Thread 0x000002633b13f740 Thread added: 0x000002633dd3d810
Event: 22.672 Thread 0x000002633f1ee990 Thread exited: 0x000002633f1ee990
Event: 23.284 Thread 0x000002633b13f740 Thread added: 0x000002633dd3c460
Event: 26.971 Thread 0x000002633b13f740 Thread added: 0x000002633dd3b740
Event: 27.253 Thread 0x00000263214f2700 Thread added: 0x000002633ded87f0
Event: 27.652 Thread 0x000002633b13f740 Thread added: 0x000002633dbe9af0
Event: 27.653 Thread 0x000002633b13f740 Thread added: 0x000002633dbe8dd0
Event: 27.653 Thread 0x000002633b13f740 Thread added: 0x000002633dbea810
Event: 27.654 Thread 0x000002633b13f740 Thread added: 0x000002633dbe8740
Event: 27.654 Thread 0x000002633b13f740 Thread added: 0x000002633dbea180
Event: 27.654 Thread 0x000002633b13f740 Thread added: 0x000002633dbeaea0
Event: 27.655 Thread 0x000002633b13f740 Thread added: 0x000002633dbeb530
Event: 27.769 Thread 0x000002633b13f740 Thread added: 0x000002633dbe9460
Event: 27.770 Thread 0x000002633b13f740 Thread added: 0x000002633dbe80b0
Event: 27.771 Thread 0x000002633b13f740 Thread added: 0x000002633dbef040
Event: 28.760 Thread 0x00000263214e7730 Thread added: 0x000002633ded5170
Event: 29.031 Thread 0x000002633b13f740 Thread added: 0x000002633dbedc90
Event: 30.352 Thread 0x000002633ded5170 Thread exited: 0x000002633ded5170


Dynamic libraries:
0x00007ff622510000 - 0x00007ff62251e000 	C:\Users\JEREMIE\.vscode\extensions\redhat.java-1.54.0-win32-x64\jre\21.0.10-win32-x86_64\bin\java.exe
0x00007ffc2b600000 - 0x00007ffc2b867000 	C:\WINDOWS\SYSTEM32\ntdll.dll
0x00007ffc2ab50000 - 0x00007ffc2ac19000 	C:\WINDOWS\System32\KERNEL32.DLL
0x00007ffc28060000 - 0x00007ffc28451000 	C:\WINDOWS\System32\KERNELBASE.dll
0x00007ffc28640000 - 0x00007ffc2878b000 	C:\WINDOWS\System32\ucrtbase.dll
0x00007ffc11b40000 - 0x00007ffc11b58000 	C:\Users\JEREMIE\.vscode\extensions\redhat.java-1.54.0-win32-x64\jre\21.0.10-win32-x86_64\bin\jli.dll
0x00007ffc11a60000 - 0x00007ffc11a7e000 	C:\Users\JEREMIE\.vscode\extensions\redhat.java-1.54.0-win32-x64\jre\21.0.10-win32-x86_64\bin\VCRUNTIME140.dll
0x00007ffc29cc0000 - 0x00007ffc29e85000 	C:\WINDOWS\System32\USER32.dll
0x00007ffc290b0000 - 0x00007ffc290d7000 	C:\WINDOWS\System32\win32u.dll
0x00007ffc2b560000 - 0x00007ffc2b58b000 	C:\WINDOWS\System32\GDI32.dll
0x00007ffc0c530000 - 0x00007ffc0c7c3000 	C:\WINDOWS\WinSxS\amd64_microsoft.windows.common-controls_6595b64144ccf1df_6.0.26100.8037_none_3e092faae333b53b\COMCTL32.dll
0x00007ffc28510000 - 0x00007ffc2863b000 	C:\WINDOWS\System32\gdi32full.dll
0x00007ffc294a0000 - 0x00007ffc29549000 	C:\WINDOWS\System32\msvcrt.dll
0x00007ffc28460000 - 0x00007ffc28503000 	C:\WINDOWS\System32\msvcp_win.dll
0x00007ffc2afb0000 - 0x00007ffc2afe1000 	C:\WINDOWS\System32\IMM32.DLL
0x0000000067190000 - 0x000000006719d000 	C:\Program Files (x86)\360\Total Security\safemon\SafeWrapper.dll
0x00007ffc2b070000 - 0x00007ffc2b12b000 	C:\WINDOWS\System32\ADVAPI32.dll
0x00007ffc2a530000 - 0x00007ffc2a5d7000 	C:\WINDOWS\System32\sechost.dll
0x00007ffc2ac20000 - 0x00007ffc2ad38000 	C:\WINDOWS\System32\RPCRT4.dll
0x00007ffc23100000 - 0x00007ffc23205000 	C:\Program Files (x86)\360\Total Security\safemon\libzdtp64.dll
0x00007ffc29550000 - 0x00007ffc29caf000 	C:\WINDOWS\System32\SHELL32.dll
0x00007ffc29230000 - 0x00007ffc2939a000 	C:\WINDOWS\System32\wintypes.dll
0x00007ffc2a5e0000 - 0x00007ffc2a962000 	C:\WINDOWS\System32\combase.dll
0x00007ffc29e90000 - 0x00007ffc29ef7000 	C:\WINDOWS\System32\SHLWAPI.dll
0x00007ffc28840000 - 0x00007ffc290a4000 	C:\WINDOWS\System32\Windows.Storage.dll
0x00007ffc27800000 - 0x00007ffc2780b000 	C:\WINDOWS\SYSTEM32\VERSION.dll
0x00007ffc22ef0000 - 0x00007ffc22efc000 	C:\Users\JEREMIE\.vscode\extensions\redhat.java-1.54.0-win32-x64\jre\21.0.10-win32-x86_64\bin\vcruntime140_1.dll
0x00007ffc00160000 - 0x00007ffc001ed000 	C:\Users\JEREMIE\.vscode\extensions\redhat.java-1.54.0-win32-x64\jre\21.0.10-win32-x86_64\bin\msvcp140.dll
0x00007ffb60ea0000 - 0x00007ffb61c41000 	C:\Users\JEREMIE\.vscode\extensions\redhat.java-1.54.0-win32-x64\jre\21.0.10-win32-x86_64\bin\server\jvm.dll
0x00007ffc2aad0000 - 0x00007ffc2ab44000 	C:\WINDOWS\System32\WS2_32.dll
0x00007ffc27d40000 - 0x00007ffc27d9e000 	C:\WINDOWS\SYSTEM32\POWRPROF.dll
0x00007ffc0f7f0000 - 0x00007ffc0f825000 	C:\WINDOWS\SYSTEM32\WINMM.dll
0x00007ffc27d10000 - 0x00007ffc27d24000 	C:\WINDOWS\SYSTEM32\UMPDC.dll
0x00007ffc26bc0000 - 0x00007ffc26bdb000 	C:\WINDOWS\SYSTEM32\kernel.appcore.dll
0x00007ffc17990000 - 0x00007ffc1799a000 	C:\Users\JEREMIE\.vscode\extensions\redhat.java-1.54.0-win32-x64\jre\21.0.10-win32-x86_64\bin\jimage.dll
0x00007ffc25d40000 - 0x00007ffc25f82000 	C:\WINDOWS\SYSTEM32\DBGHELP.DLL
0x00007ffc2b160000 - 0x00007ffc2b237000 	C:\WINDOWS\System32\OLEAUT32.dll
0x00007ffc026d0000 - 0x00007ffc0270b000 	C:\WINDOWS\SYSTEM32\dbgcore.DLL
0x00007ffc28790000 - 0x00007ffc28835000 	C:\WINDOWS\System32\bcryptPrimitives.dll
0x00007ffc22eb0000 - 0x00007ffc22ebf000 	C:\Users\JEREMIE\.vscode\extensions\redhat.java-1.54.0-win32-x64\jre\21.0.10-win32-x86_64\bin\instrument.dll
0x00007ffc117f0000 - 0x00007ffc11810000 	C:\Users\JEREMIE\.vscode\extensions\redhat.java-1.54.0-win32-x64\jre\21.0.10-win32-x86_64\bin\java.dll
0x00007ffc2a430000 - 0x00007ffc2a527000 	C:\WINDOWS\System32\SHCORE.dll
0x00007ffc27e00000 - 0x00007ffc27e29000 	C:\WINDOWS\SYSTEM32\profapi.dll
0x00007ffc10410000 - 0x00007ffc10428000 	C:\Users\JEREMIE\.vscode\extensions\redhat.java-1.54.0-win32-x64\jre\21.0.10-win32-x86_64\bin\zip.dll
0x00007ffc178d0000 - 0x00007ffc178e0000 	C:\Users\JEREMIE\.vscode\extensions\redhat.java-1.54.0-win32-x64\jre\21.0.10-win32-x86_64\bin\net.dll
0x00007ffc16b80000 - 0x00007ffc16ca7000 	C:\WINDOWS\SYSTEM32\WINHTTP.dll
0x00007ffc27110000 - 0x00007ffc2717b000 	C:\WINDOWS\system32\mswsock.dll
0x00007ffc0eac0000 - 0x00007ffc0ead6000 	C:\Users\JEREMIE\.vscode\extensions\redhat.java-1.54.0-win32-x64\jre\21.0.10-win32-x86_64\bin\nio.dll
0x00007ffc176d0000 - 0x00007ffc176e0000 	C:\Users\JEREMIE\.vscode\extensions\redhat.java-1.54.0-win32-x64\jre\21.0.10-win32-x86_64\bin\verify.dll
0x00007ffbdfff0000 - 0x00007ffbe0017000 	C:\Users\JEREMIE\.gradle\native\68d5fa5c4cc2d200863cafc0d521ce42e7d3e7ee720ec0a83991735586a16f82\windows-amd64\native-platform.dll
0x00007ffb5fb70000 - 0x00007ffb5fcb4000 	C:\Users\JEREMIE\.gradle\native\e376f236ea51e6404a007f0833ffe2c6e607c4080706a723a18a27aeea778392\windows-amd64\native-platform-file-events.dll
0x00007ffc176f0000 - 0x00007ffc176fa000 	C:\Users\JEREMIE\.vscode\extensions\redhat.java-1.54.0-win32-x64\jre\21.0.10-win32-x86_64\bin\management.dll
0x00007ffc176e0000 - 0x00007ffc176ec000 	C:\Users\JEREMIE\.vscode\extensions\redhat.java-1.54.0-win32-x64\jre\21.0.10-win32-x86_64\bin\management_ext.dll
0x00007ffc29f80000 - 0x00007ffc29f88000 	C:\WINDOWS\System32\PSAPI.DLL
0x00007ffc27510000 - 0x00007ffc2752b000 	C:\WINDOWS\SYSTEM32\CRYPTSP.dll
0x00007ffc26b20000 - 0x00007ffc26b59000 	C:\WINDOWS\system32\rsaenh.dll
0x00007ffc271c0000 - 0x00007ffc271f2000 	C:\WINDOWS\SYSTEM32\USERENV.dll
0x00007ffc27dd0000 - 0x00007ffc27dfa000 	C:\WINDOWS\SYSTEM32\bcrypt.dll
0x00007ffc27370000 - 0x00007ffc2737c000 	C:\WINDOWS\SYSTEM32\CRYPTBASE.dll
0x00007ffc264d0000 - 0x00007ffc26503000 	C:\WINDOWS\SYSTEM32\IPHLPAPI.DLL
0x00007ffc2a420000 - 0x00007ffc2a42a000 	C:\WINDOWS\System32\NSI.dll
0x00007ffc17400000 - 0x00007ffc17409000 	C:\Users\JEREMIE\.vscode\extensions\redhat.java-1.54.0-win32-x64\jre\21.0.10-win32-x86_64\bin\extnet.dll
0x00007ffc17600000 - 0x00007ffc1760e000 	C:\Users\JEREMIE\.vscode\extensions\redhat.java-1.54.0-win32-x64\jre\21.0.10-win32-x86_64\bin\sunmscapi.dll
0x00007ffc27ee0000 - 0x00007ffc28057000 	C:\WINDOWS\System32\CRYPT32.dll
0x00007ffc27670000 - 0x00007ffc276a0000 	C:\WINDOWS\SYSTEM32\ncrypt.dll
0x00007ffc27620000 - 0x00007ffc2765f000 	C:\WINDOWS\SYSTEM32\NTASN1.dll
0x00007ffc0aa70000 - 0x00007ffc0aa78000 	C:\WINDOWS\system32\wshunix.dll

JVMTI agents:
C:\Users\JEREMIE\.gradle\wrapper\dists\gradle-8.3-all\6en3ugtfdg5xnpx44z4qbwgas\gradle-8.3\lib\agents\gradle-instrumentation-agent-8.3.jar path:C:\Users\JEREMIE\.vscode\extensions\redhat.java-1.54.0-win32-x64\jre\21.0.10-win32-x86_64\bin\instrument.dll, loaded, initialized, instrumentlib options:none

dbghelp: loaded successfully - version: 4.0.5 - missing functions: none
symbol engine: initialized successfully - sym options: 0x614 - pdb path: .;C:\Users\JEREMIE\.vscode\extensions\redhat.java-1.54.0-win32-x64\jre\21.0.10-win32-x86_64\bin;C:\WINDOWS\SYSTEM32;C:\WINDOWS\WinSxS\amd64_microsoft.windows.common-controls_6595b64144ccf1df_6.0.26100.8037_none_3e092faae333b53b;C:\Program Files (x86)\360\Total Security\safemon;C:\Users\JEREMIE\.vscode\extensions\redhat.java-1.54.0-win32-x64\jre\21.0.10-win32-x86_64\bin\server;C:\Users\JEREMIE\.gradle\native\68d5fa5c4cc2d200863cafc0d521ce42e7d3e7ee720ec0a83991735586a16f82\windows-amd64;C:\Users\JEREMIE\.gradle\native\e376f236ea51e6404a007f0833ffe2c6e607c4080706a723a18a27aeea778392\windows-amd64

VM Arguments:
jvm_args: --add-opens=java.base/java.util=ALL-UNNAMED --add-opens=java.base/java.lang=ALL-UNNAMED --add-opens=java.base/java.lang.invoke=ALL-UNNAMED --add-opens=java.prefs/java.util.prefs=ALL-UNNAMED --add-opens=java.base/java.nio.charset=ALL-UNNAMED --add-opens=java.base/java.net=ALL-UNNAMED --add-opens=java.base/java.util.concurrent.atomic=ALL-UNNAMED -XX:MaxMetaspaceSize=384m -XX:+HeapDumpOnOutOfMemoryError -Xms256m -Xmx512m -Dfile.encoding=utf8 -Duser.country=CM -Duser.language=fr -Duser.variant -javaagent:C:\Users\JEREMIE\.gradle\wrapper\dists\gradle-8.3-all\6en3ugtfdg5xnpx44z4qbwgas\gradle-8.3\lib\agents\gradle-instrumentation-agent-8.3.jar 
java_command: org.gradle.launcher.daemon.bootstrap.GradleDaemon 8.3
java_class_path (initial): C:\Users\JEREMIE\.gradle\wrapper\dists\gradle-8.3-all\6en3ugtfdg5xnpx44z4qbwgas\gradle-8.3\lib\gradle-launcher-8.3.jar
Launcher Type: SUN_STANDARD

[Global flags]
     intx CICompilerCount                          = 4                                         {product} {ergonomic}
   size_t CompressedClassSpaceSize                 = 335544320                                 {product} {ergonomic}
     uint ConcGCThreads                            = 2                                         {product} {ergonomic}
     uint G1ConcRefinementThreads                  = 8                                         {product} {ergonomic}
   size_t G1HeapRegionSize                         = 1048576                                   {product} {ergonomic}
    uintx GCDrainStackTargetSize                   = 64                                        {product} {ergonomic}
     bool HeapDumpOnOutOfMemoryError               = true                                   {manageable} {command line}
   size_t InitialHeapSize                          = 268435456                                 {product} {command line}
   size_t MarkStackSize                            = 4194304                                   {product} {ergonomic}
   size_t MaxHeapSize                              = 536870912                                 {product} {command line}
   size_t MaxMetaspaceSize                         = 402653184                                 {product} {command line}
   size_t MaxNewSize                               = 321912832                                 {product} {ergonomic}
   size_t MinHeapDeltaBytes                        = 1048576                                   {product} {ergonomic}
   size_t MinHeapSize                              = 268435456                                 {product} {command line}
    uintx NonNMethodCodeHeapSize                   = 5839372                                {pd product} {ergonomic}
    uintx NonProfiledCodeHeapSize                  = 122909434                              {pd product} {ergonomic}
    uintx ProfiledCodeHeapSize                     = 122909434                              {pd product} {ergonomic}
    uintx ReservedCodeCacheSize                    = 251658240                              {pd product} {ergonomic}
     bool SegmentedCodeCache                       = true                                      {product} {ergonomic}
   size_t SoftMaxHeapSize                          = 536870912                              {manageable} {ergonomic}
     bool UseCompressedOops                        = true                           {product lp64_product} {ergonomic}
     bool UseG1GC                                  = true                                      {product} {ergonomic}
     bool UseLargePagesIndividualAllocation        = false                                  {pd product} {ergonomic}

Logging:
Log output configuration:
 #0: stdout all=warning uptime,level,tags foldmultilines=false
 #1: stderr all=off uptime,level,tags foldmultilines=false

Release file:
JAVA_VERSION="21.0.10" 
MODULES="java.base java.compiler java.datatransfer java.xml java.prefs java.desktop java.instrument java.logging java.management java.security.sasl java.naming java.rmi java.management.rmi java.net.http java.scripting java.security.jgss java.transaction.xa java.sql java.sql.rowset java.xml.crypto java.se java.smartcardio jdk.accessibility jdk.internal.jvmstat jdk.attach jdk.charsets jdk.internal.opt jdk.zipfs jdk.compiler jdk.crypto.ec jdk.crypto.cryptoki jdk.crypto.mscapi jdk.dynalink jdk.internal.ed jdk.editpad jdk.hotspot.agent jdk.httpserver jdk.internal.le jdk.internal.vm.ci jdk.internal.vm.compiler jdk.internal.vm.compiler.management jdk.jartool jdk.javadoc jdk.jcmd jdk.management jdk.management.agent jdk.jconsole jdk.jdeps jdk.jdwp.agent jdk.jdi jdk.jfr jdk.jshell jdk.jsobject jdk.jstatd jdk.localedata jdk.management.jfr jdk.naming.dns jdk.naming.rmi jdk.net jdk.nio.mapmode jdk.random jdk.sctp jdk.security.auth jdk.security.jgss jdk.unsupported jdk.unsupported.desktop jdk.xml.dom" 

Environment Variables:
JAVA_HOME=E:\Programme\Java\jdk-24
PATH=C:\Program Files\Common Files\Oracle\Java\javapath;E:\Programme\Java\jdk-24\bin;E:\Programme\Vmware\bin\;E:\Programme\Python39\Scripts\;E:\Programme\Python39\;C:\WINDOWS\system32;C:\WINDOWS;C:\WINDOWS\System32\Wbem;C:\WINDOWS\System32\WindowsPowerShell\v1.0\;C:\WINDOWS\System32\OpenSSH\;E:\Programme\flutter\flutter\bin;E:\Programme\platform-tools;E:\Programme\Git\Git\cmd;C:\apktools;C:\Program Files\Docker\Docker\resources\bin;E:\Programme\nodejs\;E:\Programme\python38_32bit\Scripts\;E:\Programme\python38_32bit\;C:\Users\JEREMIE\AppData\Local\Microsoft\WindowsApps;E:\Programme\VSCode\Microsoft VS Code\bin;E:\Programme\MinGW\bin;E:\Programme\flutter\flutter\bin;E:\Programme\jdk;C:\Users\JEREMIE\.lmstudio\bin;E:\Programme\Nmap;C:\Users\JEREMIE\AppData\Local\Programs\Antigravity\bin;C:\Users\JEREMIE\AppData\Local\Microsoft\WindowsApps;C:\Users\JEREMIE\AppData\Roaming\npm;C:\Users\JEREMIE\AppData\Local\Programs\Antigravity IDE\bin
USERNAME=JEREMIE
OS=Windows_NT
PROCESSOR_IDENTIFIER=Intel64 Family 6 Model 142 Stepping 12, GenuineIntel
TMP=C:\Users\JEREMIE\AppData\Local\Temp
TEMP=C:\Users\JEREMIE\AppData\Local\Temp




Periodic native trim disabled

---------------  S Y S T E M  ---------------

OS:
 Windows 11 , 64 bit Build 26100 (10.0.26100.7920)
OS uptime: 1 days 6:48 hours
Hyper-V role detected

CPU: total 8 (initial active 8) (4 cores per cpu, 2 threads per core) family 6 model 142 stepping 12 microcode 0xfa, cx8, cmov, fxsr, ht, mmx, 3dnowpref, sse, sse2, sse3, ssse3, sse4.1, sse4.2, popcnt, lzcnt, tsc, tscinvbit, avx, avx2, aes, erms, clmul, bmi1, bmi2, adx, fma, vzeroupper, clflush, clflushopt, hv, rdtscp, f16c
Processor Information for the first 8 processors :
  Max Mhz: 1992, Current Mhz: 796, Mhz Limit: 796

Memory: 4k page, system-wide physical 7971M (765M free)
TotalPageFile size 19829M (AvailPageFile size 6M)
current process WorkingSet (physical memory assigned to process): 346M, peak: 346M
current process commit charge ("private bytes"): 473M, peak: 474M

vm_info: OpenJDK 64-Bit Server VM (21.0.10+7-LTS) for windows-amd64 JRE (21.0.10+7-LTS), built on 2026-01-20T00:00:00Z by "admin" with MS VC++ 17.12 (VS2022)

END.
